Archive member included to satisfy reference by file (symbol)

c:/users/ecs/documents/matlab/add-ons/toolboxes/nxp_mbdtoolbox_s32k1xx/code/tools/gcc-6.3-arm32-eabi/bin/../lib/gcc/arm-none-eabi/6.3.1/thumb/v7e-m/fpv4-sp/hard\libgcc.a(_arm_addsubdf3.o)
                              MyWallModel.o (__aeabi_dadd)
c:/users/ecs/documents/matlab/add-ons/toolboxes/nxp_mbdtoolbox_s32k1xx/code/tools/gcc-6.3-arm32-eabi/bin/../lib/gcc/arm-none-eabi/6.3.1/thumb/v7e-m/fpv4-sp/hard\libgcc.a(_arm_truncdfsf2.o)
                              MyWallModel.o (__aeabi_d2f)
c:/users/ecs/documents/matlab/add-ons/toolboxes/nxp_mbdtoolbox_s32k1xx/code/tools/gcc-6.3-arm32-eabi/bin/../lib/gcc/arm-none-eabi/6.3.1/thumb/v7e-m/fpv4-sp/hard\libgcc.a(_aeabi_uldivmod.o)
                              lpit_driver.o (__aeabi_uldivmod)
c:/users/ecs/documents/matlab/add-ons/toolboxes/nxp_mbdtoolbox_s32k1xx/code/tools/gcc-6.3-arm32-eabi/bin/../lib/gcc/arm-none-eabi/6.3.1/thumb/v7e-m/fpv4-sp/hard\libgcc.a(_udivmoddi4.o)
                              c:/users/ecs/documents/matlab/add-ons/toolboxes/nxp_mbdtoolbox_s32k1xx/code/tools/gcc-6.3-arm32-eabi/bin/../lib/gcc/arm-none-eabi/6.3.1/thumb/v7e-m/fpv4-sp/hard\libgcc.a(_aeabi_uldivmod.o) (__udivmoddi4)
c:/users/ecs/documents/matlab/add-ons/toolboxes/nxp_mbdtoolbox_s32k1xx/code/tools/gcc-6.3-arm32-eabi/bin/../lib/gcc/arm-none-eabi/6.3.1/thumb/v7e-m/fpv4-sp/hard\libgcc.a(_dvmd_tls.o)
                              c:/users/ecs/documents/matlab/add-ons/toolboxes/nxp_mbdtoolbox_s32k1xx/code/tools/gcc-6.3-arm32-eabi/bin/../lib/gcc/arm-none-eabi/6.3.1/thumb/v7e-m/fpv4-sp/hard\libgcc.a(_aeabi_uldivmod.o) (__aeabi_ldiv0)
C:/Users/ecs/Documents/MATLAB/Add-Ons/Toolboxes/NXP_MBDToolbox_S32K1xx/code/tools/gcc-6.3-arm32-eabi/arm-none-eabi/newlib/lib/thumb/v7e-m/fpv4-sp/hard\libc.a(lib_a-exit.o)
                              C:/Users/ecs/Documents/MATLAB/Add-Ons/Toolboxes/NXP_MBDToolbox_S32K1xx/code/tools/gcc-6.3-arm32-eabi/arm-none-eabi/newlib/lib/thumb/v7e-m/fpv4-sp/hard/crt0.o (exit)
C:/Users/ecs/Documents/MATLAB/Add-Ons/Toolboxes/NXP_MBDToolbox_S32K1xx/code/tools/gcc-6.3-arm32-eabi/arm-none-eabi/newlib/lib/thumb/v7e-m/fpv4-sp/hard\libc.a(lib_a-impure.o)
                              C:/Users/ecs/Documents/MATLAB/Add-Ons/Toolboxes/NXP_MBDToolbox_S32K1xx/code/tools/gcc-6.3-arm32-eabi/arm-none-eabi/newlib/lib/thumb/v7e-m/fpv4-sp/hard\libc.a(lib_a-exit.o) (_global_impure_ptr)
C:/Users/ecs/Documents/MATLAB/Add-Ons/Toolboxes/NXP_MBDToolbox_S32K1xx/code/tools/gcc-6.3-arm32-eabi/arm-none-eabi/newlib/lib/thumb/v7e-m/fpv4-sp/hard\libc.a(lib_a-init.o)
                              C:/Users/ecs/Documents/MATLAB/Add-Ons/Toolboxes/NXP_MBDToolbox_S32K1xx/code/tools/gcc-6.3-arm32-eabi/arm-none-eabi/newlib/lib/thumb/v7e-m/fpv4-sp/hard/crt0.o (__libc_init_array)
C:/Users/ecs/Documents/MATLAB/Add-Ons/Toolboxes/NXP_MBDToolbox_S32K1xx/code/tools/gcc-6.3-arm32-eabi/arm-none-eabi/newlib/lib/thumb/v7e-m/fpv4-sp/hard\libc.a(lib_a-memset.o)
                              C:/Users/ecs/Documents/MATLAB/Add-Ons/Toolboxes/NXP_MBDToolbox_S32K1xx/code/tools/gcc-6.3-arm32-eabi/arm-none-eabi/newlib/lib/thumb/v7e-m/fpv4-sp/hard/crt0.o (memset)
C:/Users/ecs/Documents/MATLAB/Add-Ons/Toolboxes/NXP_MBDToolbox_S32K1xx/code/tools/gcc-6.3-arm32-eabi/arm-none-eabi/newlib/lib/thumb/v7e-m/fpv4-sp/hard\libc.a(lib_a-__call_atexit.o)
                              C:/Users/ecs/Documents/MATLAB/Add-Ons/Toolboxes/NXP_MBDToolbox_S32K1xx/code/tools/gcc-6.3-arm32-eabi/arm-none-eabi/newlib/lib/thumb/v7e-m/fpv4-sp/hard\libc.a(lib_a-exit.o) (__call_exitprocs)
C:/Users/ecs/Documents/MATLAB/Add-Ons/Toolboxes/NXP_MBDToolbox_S32K1xx/code/tools/gcc-6.3-arm32-eabi/arm-none-eabi/newlib/lib/thumb/v7e-m/fpv4-sp/hard\libc.a(lib_a-fini.o)
                              C:/Users/ecs/Documents/MATLAB/Add-Ons/Toolboxes/NXP_MBDToolbox_S32K1xx/code/tools/gcc-6.3-arm32-eabi/arm-none-eabi/newlib/lib/thumb/v7e-m/fpv4-sp/hard\libc.a(lib_a-__call_atexit.o) (__libc_fini_array)
C:/Users/ecs/Documents/MATLAB/Add-Ons/Toolboxes/NXP_MBDToolbox_S32K1xx/code/tools/gcc-6.3-arm32-eabi/arm-none-eabi/newlib/lib/thumb/v7e-m/fpv4-sp/hard\libc.a(lib_a-atexit.o)
                              C:/Users/ecs/Documents/MATLAB/Add-Ons/Toolboxes/NXP_MBDToolbox_S32K1xx/code/tools/gcc-6.3-arm32-eabi/arm-none-eabi/newlib/lib/thumb/v7e-m/fpv4-sp/hard\libc.a(lib_a-__call_atexit.o) (atexit)
C:/Users/ecs/Documents/MATLAB/Add-Ons/Toolboxes/NXP_MBDToolbox_S32K1xx/code/tools/gcc-6.3-arm32-eabi/arm-none-eabi/newlib/lib/thumb/v7e-m/fpv4-sp/hard\libc.a(lib_a-__atexit.o)
                              C:/Users/ecs/Documents/MATLAB/Add-Ons/Toolboxes/NXP_MBDToolbox_S32K1xx/code/tools/gcc-6.3-arm32-eabi/arm-none-eabi/newlib/lib/thumb/v7e-m/fpv4-sp/hard\libc.a(lib_a-atexit.o) (__register_exitproc)
C:/Users/ecs/Documents/MATLAB/Add-Ons/Toolboxes/NXP_MBDToolbox_S32K1xx/code/tools/gcc-6.3-arm32-eabi/arm-none-eabi/newlib/lib/thumb/v7e-m/fpv4-sp/hard\libnosys.a(_exit.o)
                              C:/Users/ecs/Documents/MATLAB/Add-Ons/Toolboxes/NXP_MBDToolbox_S32K1xx/code/tools/gcc-6.3-arm32-eabi/arm-none-eabi/newlib/lib/thumb/v7e-m/fpv4-sp/hard\libc.a(lib_a-exit.o) (_exit)

Allocating common symbols
Common symbol       size              file

MyWallModel_DW      0x10              MyWallModel.o
g_xtal0ClkFreq      0x4               clock_S32K1xx.o
g_RtcClkInFreq      0x4               clock_S32K1xx.o
gPowerManagerState  0x10              power_manager_S32K1xx.o
g_TClkFreq          0xc               clock_S32K1xx.o
MyWallModel_B       0x18              MyWallModel.o
ftmStateStruct0     0x60              ftm0_pwm_params.o
ftmStateStruct3     0x60              ftm3_pwm_params.o
MyWallModel_M_      0x8               MyWallModel.o

Discarded input sections

 .text          0x00000000        0x0 c:/users/ecs/documents/matlab/add-ons/toolboxes/nxp_mbdtoolbox_s32k1xx/code/tools/gcc-6.3-arm32-eabi/bin/../lib/gcc/arm-none-eabi/6.3.1/thumb/v7e-m/fpv4-sp/hard/crti.o
 .data          0x00000000        0x0 c:/users/ecs/documents/matlab/add-ons/toolboxes/nxp_mbdtoolbox_s32k1xx/code/tools/gcc-6.3-arm32-eabi/bin/../lib/gcc/arm-none-eabi/6.3.1/thumb/v7e-m/fpv4-sp/hard/crti.o
 .bss           0x00000000        0x0 c:/users/ecs/documents/matlab/add-ons/toolboxes/nxp_mbdtoolbox_s32k1xx/code/tools/gcc-6.3-arm32-eabi/bin/../lib/gcc/arm-none-eabi/6.3.1/thumb/v7e-m/fpv4-sp/hard/crti.o
 .data          0x00000000        0x4 c:/users/ecs/documents/matlab/add-ons/toolboxes/nxp_mbdtoolbox_s32k1xx/code/tools/gcc-6.3-arm32-eabi/bin/../lib/gcc/arm-none-eabi/6.3.1/thumb/v7e-m/fpv4-sp/hard/crtbegin.o
 .text          0x00000000       0x74 C:/Users/ecs/Documents/MATLAB/Add-Ons/Toolboxes/NXP_MBDToolbox_S32K1xx/code/tools/gcc-6.3-arm32-eabi/arm-none-eabi/newlib/lib/thumb/v7e-m/fpv4-sp/hard/crt0.o
 .data          0x00000000        0x0 C:/Users/ecs/Documents/MATLAB/Add-Ons/Toolboxes/NXP_MBDToolbox_S32K1xx/code/tools/gcc-6.3-arm32-eabi/arm-none-eabi/newlib/lib/thumb/v7e-m/fpv4-sp/hard/crt0.o
 .bss           0x00000000        0x0 C:/Users/ecs/Documents/MATLAB/Add-Ons/Toolboxes/NXP_MBDToolbox_S32K1xx/code/tools/gcc-6.3-arm32-eabi/arm-none-eabi/newlib/lib/thumb/v7e-m/fpv4-sp/hard/crt0.o
 .ARM.extab     0x00000000        0x0 C:/Users/ecs/Documents/MATLAB/Add-Ons/Toolboxes/NXP_MBDToolbox_S32K1xx/code/tools/gcc-6.3-arm32-eabi/arm-none-eabi/newlib/lib/thumb/v7e-m/fpv4-sp/hard/crt0.o
 .ARM.exidx     0x00000000        0x8 C:/Users/ecs/Documents/MATLAB/Add-Ons/Toolboxes/NXP_MBDToolbox_S32K1xx/code/tools/gcc-6.3-arm32-eabi/arm-none-eabi/newlib/lib/thumb/v7e-m/fpv4-sp/hard/crt0.o
 .ARM.attributes
                0x00000000       0x20 C:/Users/ecs/Documents/MATLAB/Add-Ons/Toolboxes/NXP_MBDToolbox_S32K1xx/code/tools/gcc-6.3-arm32-eabi/arm-none-eabi/newlib/lib/thumb/v7e-m/fpv4-sp/hard/crt0.o
 .data          0x00000000        0x0 startup_S32K144.o
 .bss           0x00000000        0x0 startup_S32K144.o
 .data          0x00000000        0x0 MyWallModel.o
 .text          0x00000000        0x0 ftm0_pwm_params.o
 .bss           0x00000000        0x0 ftm0_pwm_params.o
 .text          0x00000000        0x0 ftm3_pwm_params.o
 .bss           0x00000000        0x0 ftm3_pwm_params.o
 .text          0x00000000      0x440 ftm_chn_irq.o
 .data          0x00000000        0x0 ftm_chn_irq.o
 .bss           0x00000000      0x100 ftm_chn_irq.o
 .debug_info    0x00000000     0x138b ftm_chn_irq.o
 .debug_abbrev  0x00000000      0x1ca ftm_chn_irq.o
 .debug_loc     0x00000000      0xae3 ftm_chn_irq.o
 .debug_aranges
                0x00000000       0x20 ftm_chn_irq.o
 .debug_line    0x00000000      0x4e8 ftm_chn_irq.o
 .debug_str     0x00000000     0x1192 ftm_chn_irq.o
 .comment       0x00000000       0xa1 ftm_chn_irq.o
 .debug_frame   0x00000000      0x1e0 ftm_chn_irq.o
 .ARM.attributes
                0x00000000       0x39 ftm_chn_irq.o
 .data          0x00000000        0x0 ftm_common.o
 .data          0x00000000        0x0 ftm_fault_irq.o
 .data          0x00000000        0x0 ftm_hw_access.o
 .bss           0x00000000        0x0 ftm_hw_access.o
 .data          0x00000000        0x0 ftm_ic_driver.o
 .bss           0x00000000        0x0 ftm_ic_driver.o
 .text          0x00000000      0x114 ftm_mc_driver.o
 .data          0x00000000        0x0 ftm_mc_driver.o
 .bss           0x00000000        0x0 ftm_mc_driver.o
 .debug_info    0x00000000      0xe4d ftm_mc_driver.o
 .debug_abbrev  0x00000000      0x22b ftm_mc_driver.o
 .debug_loc     0x00000000      0x1cf ftm_mc_driver.o
 .debug_aranges
                0x00000000       0x20 ftm_mc_driver.o
 .debug_ranges  0x00000000       0x18 ftm_mc_driver.o
 .debug_line    0x00000000      0x27b ftm_mc_driver.o
 .debug_str     0x00000000     0x15b7 ftm_mc_driver.o
 .comment       0x00000000       0xa1 ftm_mc_driver.o
 .debug_frame   0x00000000       0x70 ftm_mc_driver.o
 .ARM.attributes
                0x00000000       0x39 ftm_mc_driver.o
 .text          0x00000000      0x22c ftm_oc_driver.o
 .data          0x00000000        0x0 ftm_oc_driver.o
 .bss           0x00000000        0x0 ftm_oc_driver.o
 .debug_info    0x00000000     0x1395 ftm_oc_driver.o
 .debug_abbrev  0x00000000      0x239 ftm_oc_driver.o
 .debug_loc     0x00000000      0x5dd ftm_oc_driver.o
 .debug_aranges
                0x00000000       0x20 ftm_oc_driver.o
 .debug_ranges  0x00000000       0xa8 ftm_oc_driver.o
 .debug_line    0x00000000      0x373 ftm_oc_driver.o
 .debug_str     0x00000000     0x1847 ftm_oc_driver.o
 .comment       0x00000000       0xa1 ftm_oc_driver.o
 .debug_frame   0x00000000       0x74 ftm_oc_driver.o
 .ARM.attributes
                0x00000000       0x39 ftm_oc_driver.o
 .data          0x00000000        0x0 ftm_pwm_driver.o
 .bss           0x00000000        0x0 ftm_pwm_driver.o
 .data          0x00000000        0x0 ftm_qd_driver.o
 .bss           0x00000000        0x0 ftm_qd_driver.o
 .data          0x00000000        0x0 interrupt_manager.o
 .data          0x00000000        0x0 lpit_driver.o
 .data          0x00000000        0x0 mbd_main.o
 .bss           0x00000000        0x0 mbd_main.o
 .text          0x00000000      0x144 pins_driver.o
 .data          0x00000000        0x0 pins_driver.o
 .bss           0x00000000        0x0 pins_driver.o
 .debug_info    0x00000000     0x1363 pins_driver.o
 .debug_abbrev  0x00000000      0x2a7 pins_driver.o
 .debug_loc     0x00000000      0x53e pins_driver.o
 .debug_aranges
                0x00000000       0x20 pins_driver.o
 .debug_line    0x00000000      0x314 pins_driver.o
 .debug_str     0x00000000     0x13c0 pins_driver.o
 .comment       0x00000000       0xa1 pins_driver.o
 .debug_frame   0x00000000      0x1e4 pins_driver.o
 .ARM.attributes
                0x00000000       0x39 pins_driver.o
 .data          0x00000000        0x0 pins_port_hw_access.o
 .bss           0x00000000        0x0 pins_port_hw_access.o
 .data          0x00000000        0x0 power_manager.o
 .bss           0x00000000        0x0 power_manager.o
 .data          0x00000000        0x0 power_manager_S32K1xx.o
 .data          0x00000000        0x0 power_smc_hw_access.o
 .bss           0x00000000        0x0 power_smc_hw_access.o
 .data          0x00000000        0x0 s32k_clock_init.o
 .bss           0x00000000        0x0 s32k_clock_init.o
 .data          0x00000000        0x0 startup.o
 .bss           0x00000000        0x0 startup.o
 .bss           0x00000000        0x0 system_S32K144.o
 .data          0x00000000        0x0 c:/users/ecs/documents/matlab/add-ons/toolboxes/nxp_mbdtoolbox_s32k1xx/code/tools/gcc-6.3-arm32-eabi/bin/../lib/gcc/arm-none-eabi/6.3.1/thumb/v7e-m/fpv4-sp/hard\libgcc.a(_arm_addsubdf3.o)
 .bss           0x00000000        0x0 c:/users/ecs/documents/matlab/add-ons/toolboxes/nxp_mbdtoolbox_s32k1xx/code/tools/gcc-6.3-arm32-eabi/bin/../lib/gcc/arm-none-eabi/6.3.1/thumb/v7e-m/fpv4-sp/hard\libgcc.a(_arm_addsubdf3.o)
 .data          0x00000000        0x0 c:/users/ecs/documents/matlab/add-ons/toolboxes/nxp_mbdtoolbox_s32k1xx/code/tools/gcc-6.3-arm32-eabi/bin/../lib/gcc/arm-none-eabi/6.3.1/thumb/v7e-m/fpv4-sp/hard\libgcc.a(_arm_truncdfsf2.o)
 .bss           0x00000000        0x0 c:/users/ecs/documents/matlab/add-ons/toolboxes/nxp_mbdtoolbox_s32k1xx/code/tools/gcc-6.3-arm32-eabi/bin/../lib/gcc/arm-none-eabi/6.3.1/thumb/v7e-m/fpv4-sp/hard\libgcc.a(_arm_truncdfsf2.o)
 .data          0x00000000        0x0 c:/users/ecs/documents/matlab/add-ons/toolboxes/nxp_mbdtoolbox_s32k1xx/code/tools/gcc-6.3-arm32-eabi/bin/../lib/gcc/arm-none-eabi/6.3.1/thumb/v7e-m/fpv4-sp/hard\libgcc.a(_aeabi_uldivmod.o)
 .bss           0x00000000        0x0 c:/users/ecs/documents/matlab/add-ons/toolboxes/nxp_mbdtoolbox_s32k1xx/code/tools/gcc-6.3-arm32-eabi/bin/../lib/gcc/arm-none-eabi/6.3.1/thumb/v7e-m/fpv4-sp/hard\libgcc.a(_aeabi_uldivmod.o)
 .data          0x00000000        0x0 c:/users/ecs/documents/matlab/add-ons/toolboxes/nxp_mbdtoolbox_s32k1xx/code/tools/gcc-6.3-arm32-eabi/bin/../lib/gcc/arm-none-eabi/6.3.1/thumb/v7e-m/fpv4-sp/hard\libgcc.a(_udivmoddi4.o)
 .bss           0x00000000        0x0 c:/users/ecs/documents/matlab/add-ons/toolboxes/nxp_mbdtoolbox_s32k1xx/code/tools/gcc-6.3-arm32-eabi/bin/../lib/gcc/arm-none-eabi/6.3.1/thumb/v7e-m/fpv4-sp/hard\libgcc.a(_udivmoddi4.o)
 .ARM.extab     0x00000000        0x0 c:/users/ecs/documents/matlab/add-ons/toolboxes/nxp_mbdtoolbox_s32k1xx/code/tools/gcc-6.3-arm32-eabi/bin/../lib/gcc/arm-none-eabi/6.3.1/thumb/v7e-m/fpv4-sp/hard\libgcc.a(_udivmoddi4.o)
 .data          0x00000000        0x0 c:/users/ecs/documents/matlab/add-ons/toolboxes/nxp_mbdtoolbox_s32k1xx/code/tools/gcc-6.3-arm32-eabi/bin/../lib/gcc/arm-none-eabi/6.3.1/thumb/v7e-m/fpv4-sp/hard\libgcc.a(_dvmd_tls.o)
 .bss           0x00000000        0x0 c:/users/ecs/documents/matlab/add-ons/toolboxes/nxp_mbdtoolbox_s32k1xx/code/tools/gcc-6.3-arm32-eabi/bin/../lib/gcc/arm-none-eabi/6.3.1/thumb/v7e-m/fpv4-sp/hard\libgcc.a(_dvmd_tls.o)
 .text          0x00000000        0x0 C:/Users/ecs/Documents/MATLAB/Add-Ons/Toolboxes/NXP_MBDToolbox_S32K1xx/code/tools/gcc-6.3-arm32-eabi/arm-none-eabi/newlib/lib/thumb/v7e-m/fpv4-sp/hard\libc.a(lib_a-exit.o)
 .data          0x00000000        0x0 C:/Users/ecs/Documents/MATLAB/Add-Ons/Toolboxes/NXP_MBDToolbox_S32K1xx/code/tools/gcc-6.3-arm32-eabi/arm-none-eabi/newlib/lib/thumb/v7e-m/fpv4-sp/hard\libc.a(lib_a-exit.o)
 .bss           0x00000000        0x0 C:/Users/ecs/Documents/MATLAB/Add-Ons/Toolboxes/NXP_MBDToolbox_S32K1xx/code/tools/gcc-6.3-arm32-eabi/arm-none-eabi/newlib/lib/thumb/v7e-m/fpv4-sp/hard\libc.a(lib_a-exit.o)
 .text.exit     0x00000000       0x20 C:/Users/ecs/Documents/MATLAB/Add-Ons/Toolboxes/NXP_MBDToolbox_S32K1xx/code/tools/gcc-6.3-arm32-eabi/arm-none-eabi/newlib/lib/thumb/v7e-m/fpv4-sp/hard\libc.a(lib_a-exit.o)
 .debug_frame   0x00000000       0x28 C:/Users/ecs/Documents/MATLAB/Add-Ons/Toolboxes/NXP_MBDToolbox_S32K1xx/code/tools/gcc-6.3-arm32-eabi/arm-none-eabi/newlib/lib/thumb/v7e-m/fpv4-sp/hard\libc.a(lib_a-exit.o)
 .ARM.attributes
                0x00000000       0x34 C:/Users/ecs/Documents/MATLAB/Add-Ons/Toolboxes/NXP_MBDToolbox_S32K1xx/code/tools/gcc-6.3-arm32-eabi/arm-none-eabi/newlib/lib/thumb/v7e-m/fpv4-sp/hard\libc.a(lib_a-exit.o)
 .text          0x00000000        0x0 C:/Users/ecs/Documents/MATLAB/Add-Ons/Toolboxes/NXP_MBDToolbox_S32K1xx/code/tools/gcc-6.3-arm32-eabi/arm-none-eabi/newlib/lib/thumb/v7e-m/fpv4-sp/hard\libc.a(lib_a-impure.o)
 .data          0x00000000        0x0 C:/Users/ecs/Documents/MATLAB/Add-Ons/Toolboxes/NXP_MBDToolbox_S32K1xx/code/tools/gcc-6.3-arm32-eabi/arm-none-eabi/newlib/lib/thumb/v7e-m/fpv4-sp/hard\libc.a(lib_a-impure.o)
 .bss           0x00000000        0x0 C:/Users/ecs/Documents/MATLAB/Add-Ons/Toolboxes/NXP_MBDToolbox_S32K1xx/code/tools/gcc-6.3-arm32-eabi/arm-none-eabi/newlib/lib/thumb/v7e-m/fpv4-sp/hard\libc.a(lib_a-impure.o)
 .data._impure_ptr
                0x00000000        0x4 C:/Users/ecs/Documents/MATLAB/Add-Ons/Toolboxes/NXP_MBDToolbox_S32K1xx/code/tools/gcc-6.3-arm32-eabi/arm-none-eabi/newlib/lib/thumb/v7e-m/fpv4-sp/hard\libc.a(lib_a-impure.o)
 .text          0x00000000        0x0 C:/Users/ecs/Documents/MATLAB/Add-Ons/Toolboxes/NXP_MBDToolbox_S32K1xx/code/tools/gcc-6.3-arm32-eabi/arm-none-eabi/newlib/lib/thumb/v7e-m/fpv4-sp/hard\libc.a(lib_a-init.o)
 .data          0x00000000        0x0 C:/Users/ecs/Documents/MATLAB/Add-Ons/Toolboxes/NXP_MBDToolbox_S32K1xx/code/tools/gcc-6.3-arm32-eabi/arm-none-eabi/newlib/lib/thumb/v7e-m/fpv4-sp/hard\libc.a(lib_a-init.o)
 .bss           0x00000000        0x0 C:/Users/ecs/Documents/MATLAB/Add-Ons/Toolboxes/NXP_MBDToolbox_S32K1xx/code/tools/gcc-6.3-arm32-eabi/arm-none-eabi/newlib/lib/thumb/v7e-m/fpv4-sp/hard\libc.a(lib_a-init.o)
 .text.__libc_init_array
                0x00000000       0x48 C:/Users/ecs/Documents/MATLAB/Add-Ons/Toolboxes/NXP_MBDToolbox_S32K1xx/code/tools/gcc-6.3-arm32-eabi/arm-none-eabi/newlib/lib/thumb/v7e-m/fpv4-sp/hard\libc.a(lib_a-init.o)
 .debug_frame   0x00000000       0x2c C:/Users/ecs/Documents/MATLAB/Add-Ons/Toolboxes/NXP_MBDToolbox_S32K1xx/code/tools/gcc-6.3-arm32-eabi/arm-none-eabi/newlib/lib/thumb/v7e-m/fpv4-sp/hard\libc.a(lib_a-init.o)
 .ARM.attributes
                0x00000000       0x34 C:/Users/ecs/Documents/MATLAB/Add-Ons/Toolboxes/NXP_MBDToolbox_S32K1xx/code/tools/gcc-6.3-arm32-eabi/arm-none-eabi/newlib/lib/thumb/v7e-m/fpv4-sp/hard\libc.a(lib_a-init.o)
 .text          0x00000000        0x0 C:/Users/ecs/Documents/MATLAB/Add-Ons/Toolboxes/NXP_MBDToolbox_S32K1xx/code/tools/gcc-6.3-arm32-eabi/arm-none-eabi/newlib/lib/thumb/v7e-m/fpv4-sp/hard\libc.a(lib_a-memset.o)
 .data          0x00000000        0x0 C:/Users/ecs/Documents/MATLAB/Add-Ons/Toolboxes/NXP_MBDToolbox_S32K1xx/code/tools/gcc-6.3-arm32-eabi/arm-none-eabi/newlib/lib/thumb/v7e-m/fpv4-sp/hard\libc.a(lib_a-memset.o)
 .bss           0x00000000        0x0 C:/Users/ecs/Documents/MATLAB/Add-Ons/Toolboxes/NXP_MBDToolbox_S32K1xx/code/tools/gcc-6.3-arm32-eabi/arm-none-eabi/newlib/lib/thumb/v7e-m/fpv4-sp/hard\libc.a(lib_a-memset.o)
 .text          0x00000000        0x0 C:/Users/ecs/Documents/MATLAB/Add-Ons/Toolboxes/NXP_MBDToolbox_S32K1xx/code/tools/gcc-6.3-arm32-eabi/arm-none-eabi/newlib/lib/thumb/v7e-m/fpv4-sp/hard\libc.a(lib_a-__call_atexit.o)
 .data          0x00000000        0x0 C:/Users/ecs/Documents/MATLAB/Add-Ons/Toolboxes/NXP_MBDToolbox_S32K1xx/code/tools/gcc-6.3-arm32-eabi/arm-none-eabi/newlib/lib/thumb/v7e-m/fpv4-sp/hard\libc.a(lib_a-__call_atexit.o)
 .bss           0x00000000        0x0 C:/Users/ecs/Documents/MATLAB/Add-Ons/Toolboxes/NXP_MBDToolbox_S32K1xx/code/tools/gcc-6.3-arm32-eabi/arm-none-eabi/newlib/lib/thumb/v7e-m/fpv4-sp/hard\libc.a(lib_a-__call_atexit.o)
 .text.__call_exitprocs
                0x00000000       0xc8 C:/Users/ecs/Documents/MATLAB/Add-Ons/Toolboxes/NXP_MBDToolbox_S32K1xx/code/tools/gcc-6.3-arm32-eabi/arm-none-eabi/newlib/lib/thumb/v7e-m/fpv4-sp/hard\libc.a(lib_a-__call_atexit.o)
 .text          0x00000000        0x0 C:/Users/ecs/Documents/MATLAB/Add-Ons/Toolboxes/NXP_MBDToolbox_S32K1xx/code/tools/gcc-6.3-arm32-eabi/arm-none-eabi/newlib/lib/thumb/v7e-m/fpv4-sp/hard\libc.a(lib_a-fini.o)
 .data          0x00000000        0x0 C:/Users/ecs/Documents/MATLAB/Add-Ons/Toolboxes/NXP_MBDToolbox_S32K1xx/code/tools/gcc-6.3-arm32-eabi/arm-none-eabi/newlib/lib/thumb/v7e-m/fpv4-sp/hard\libc.a(lib_a-fini.o)
 .bss           0x00000000        0x0 C:/Users/ecs/Documents/MATLAB/Add-Ons/Toolboxes/NXP_MBDToolbox_S32K1xx/code/tools/gcc-6.3-arm32-eabi/arm-none-eabi/newlib/lib/thumb/v7e-m/fpv4-sp/hard\libc.a(lib_a-fini.o)
 .text          0x00000000        0x0 C:/Users/ecs/Documents/MATLAB/Add-Ons/Toolboxes/NXP_MBDToolbox_S32K1xx/code/tools/gcc-6.3-arm32-eabi/arm-none-eabi/newlib/lib/thumb/v7e-m/fpv4-sp/hard\libc.a(lib_a-atexit.o)
 .data          0x00000000        0x0 C:/Users/ecs/Documents/MATLAB/Add-Ons/Toolboxes/NXP_MBDToolbox_S32K1xx/code/tools/gcc-6.3-arm32-eabi/arm-none-eabi/newlib/lib/thumb/v7e-m/fpv4-sp/hard\libc.a(lib_a-atexit.o)
 .bss           0x00000000        0x0 C:/Users/ecs/Documents/MATLAB/Add-Ons/Toolboxes/NXP_MBDToolbox_S32K1xx/code/tools/gcc-6.3-arm32-eabi/arm-none-eabi/newlib/lib/thumb/v7e-m/fpv4-sp/hard\libc.a(lib_a-atexit.o)
 .text          0x00000000        0x0 C:/Users/ecs/Documents/MATLAB/Add-Ons/Toolboxes/NXP_MBDToolbox_S32K1xx/code/tools/gcc-6.3-arm32-eabi/arm-none-eabi/newlib/lib/thumb/v7e-m/fpv4-sp/hard\libc.a(lib_a-__atexit.o)
 .data          0x00000000        0x0 C:/Users/ecs/Documents/MATLAB/Add-Ons/Toolboxes/NXP_MBDToolbox_S32K1xx/code/tools/gcc-6.3-arm32-eabi/arm-none-eabi/newlib/lib/thumb/v7e-m/fpv4-sp/hard\libc.a(lib_a-__atexit.o)
 .bss           0x00000000        0x0 C:/Users/ecs/Documents/MATLAB/Add-Ons/Toolboxes/NXP_MBDToolbox_S32K1xx/code/tools/gcc-6.3-arm32-eabi/arm-none-eabi/newlib/lib/thumb/v7e-m/fpv4-sp/hard\libc.a(lib_a-__atexit.o)
 .text          0x00000000        0x0 C:/Users/ecs/Documents/MATLAB/Add-Ons/Toolboxes/NXP_MBDToolbox_S32K1xx/code/tools/gcc-6.3-arm32-eabi/arm-none-eabi/newlib/lib/thumb/v7e-m/fpv4-sp/hard\libnosys.a(_exit.o)
 .data          0x00000000        0x0 C:/Users/ecs/Documents/MATLAB/Add-Ons/Toolboxes/NXP_MBDToolbox_S32K1xx/code/tools/gcc-6.3-arm32-eabi/arm-none-eabi/newlib/lib/thumb/v7e-m/fpv4-sp/hard\libnosys.a(_exit.o)
 .bss           0x00000000        0x0 C:/Users/ecs/Documents/MATLAB/Add-Ons/Toolboxes/NXP_MBDToolbox_S32K1xx/code/tools/gcc-6.3-arm32-eabi/arm-none-eabi/newlib/lib/thumb/v7e-m/fpv4-sp/hard\libnosys.a(_exit.o)
 .text._exit    0x00000000        0x2 C:/Users/ecs/Documents/MATLAB/Add-Ons/Toolboxes/NXP_MBDToolbox_S32K1xx/code/tools/gcc-6.3-arm32-eabi/arm-none-eabi/newlib/lib/thumb/v7e-m/fpv4-sp/hard\libnosys.a(_exit.o)
 .debug_frame   0x00000000       0x20 C:/Users/ecs/Documents/MATLAB/Add-Ons/Toolboxes/NXP_MBDToolbox_S32K1xx/code/tools/gcc-6.3-arm32-eabi/arm-none-eabi/newlib/lib/thumb/v7e-m/fpv4-sp/hard\libnosys.a(_exit.o)
 .ARM.attributes
                0x00000000       0x34 C:/Users/ecs/Documents/MATLAB/Add-Ons/Toolboxes/NXP_MBDToolbox_S32K1xx/code/tools/gcc-6.3-arm32-eabi/arm-none-eabi/newlib/lib/thumb/v7e-m/fpv4-sp/hard\libnosys.a(_exit.o)
 .text          0x00000000        0x0 c:/users/ecs/documents/matlab/add-ons/toolboxes/nxp_mbdtoolbox_s32k1xx/code/tools/gcc-6.3-arm32-eabi/bin/../lib/gcc/arm-none-eabi/6.3.1/thumb/v7e-m/fpv4-sp/hard/crtend.o
 .data          0x00000000        0x0 c:/users/ecs/documents/matlab/add-ons/toolboxes/nxp_mbdtoolbox_s32k1xx/code/tools/gcc-6.3-arm32-eabi/bin/../lib/gcc/arm-none-eabi/6.3.1/thumb/v7e-m/fpv4-sp/hard/crtend.o
 .bss           0x00000000        0x0 c:/users/ecs/documents/matlab/add-ons/toolboxes/nxp_mbdtoolbox_s32k1xx/code/tools/gcc-6.3-arm32-eabi/bin/../lib/gcc/arm-none-eabi/6.3.1/thumb/v7e-m/fpv4-sp/hard/crtend.o
 .eh_frame      0x00000000        0x4 c:/users/ecs/documents/matlab/add-ons/toolboxes/nxp_mbdtoolbox_s32k1xx/code/tools/gcc-6.3-arm32-eabi/bin/../lib/gcc/arm-none-eabi/6.3.1/thumb/v7e-m/fpv4-sp/hard/crtend.o
 .text          0x00000000        0x0 c:/users/ecs/documents/matlab/add-ons/toolboxes/nxp_mbdtoolbox_s32k1xx/code/tools/gcc-6.3-arm32-eabi/bin/../lib/gcc/arm-none-eabi/6.3.1/thumb/v7e-m/fpv4-sp/hard/crtn.o
 .data          0x00000000        0x0 c:/users/ecs/documents/matlab/add-ons/toolboxes/nxp_mbdtoolbox_s32k1xx/code/tools/gcc-6.3-arm32-eabi/bin/../lib/gcc/arm-none-eabi/6.3.1/thumb/v7e-m/fpv4-sp/hard/crtn.o
 .bss           0x00000000        0x0 c:/users/ecs/documents/matlab/add-ons/toolboxes/nxp_mbdtoolbox_s32k1xx/code/tools/gcc-6.3-arm32-eabi/bin/../lib/gcc/arm-none-eabi/6.3.1/thumb/v7e-m/fpv4-sp/hard/crtn.o

Memory Configuration

Name             Origin             Length             Attributes
m_interrupts     0x00000000         0x00000400         xr
m_flash_config   0x00000400         0x00000010         xr
m_text           0x00000410         0x0007fbf0         xr
m_data           0x1fff9000         0x00007000         rw
m_data_2         0x20000000         0x00004000         rw
*default*        0x00000000         0xffffffff

Linker script and memory map

LOAD c:/users/ecs/documents/matlab/add-ons/toolboxes/nxp_mbdtoolbox_s32k1xx/code/tools/gcc-6.3-arm32-eabi/bin/../lib/gcc/arm-none-eabi/6.3.1/thumb/v7e-m/fpv4-sp/hard/crti.o
LOAD c:/users/ecs/documents/matlab/add-ons/toolboxes/nxp_mbdtoolbox_s32k1xx/code/tools/gcc-6.3-arm32-eabi/bin/../lib/gcc/arm-none-eabi/6.3.1/thumb/v7e-m/fpv4-sp/hard/crtbegin.o
LOAD C:/Users/ecs/Documents/MATLAB/Add-Ons/Toolboxes/NXP_MBDToolbox_S32K1xx/code/tools/gcc-6.3-arm32-eabi/arm-none-eabi/newlib/lib/thumb/v7e-m/fpv4-sp/hard/crt0.o
                0x00000001                __ram_vector_table__ = 0x1
LOAD startup_S32K144.o
LOAD MyWallModel.o
LOAD clock_S32K1xx.o
LOAD ftm0_pwm_params.o
LOAD ftm3_pwm_params.o
LOAD ftm_chn_irq.o
LOAD ftm_common.o
LOAD ftm_fault_irq.o
LOAD ftm_hw_access.o
LOAD ftm_ic_driver.o
LOAD ftm_mc_driver.o
LOAD ftm_oc_driver.o
LOAD ftm_pwm_driver.o
LOAD ftm_qd_driver.o
LOAD interrupt_manager.o
LOAD lpit_driver.o
LOAD mbd_main.o
LOAD pins_driver.o
LOAD pins_port_hw_access.o
LOAD power_manager.o
LOAD power_manager_S32K1xx.o
LOAD power_smc_hw_access.o
LOAD s32k_clock_init.o
LOAD startup.o
LOAD system_S32K144.o
LOAD C:/Users/ecs/Documents/MATLAB/Add-Ons/Toolboxes/NXP_MBDToolbox_S32K1xx/code/tools/gcc-6.3-arm32-eabi/arm-none-eabi/newlib/lib/thumb/v7e-m/fpv4-sp/hard\libm.a
LOAD S32K14x_AMMCLIB.a
START GROUP
LOAD c:/users/ecs/documents/matlab/add-ons/toolboxes/nxp_mbdtoolbox_s32k1xx/code/tools/gcc-6.3-arm32-eabi/bin/../lib/gcc/arm-none-eabi/6.3.1/thumb/v7e-m/fpv4-sp/hard\libgcc.a
LOAD C:/Users/ecs/Documents/MATLAB/Add-Ons/Toolboxes/NXP_MBDToolbox_S32K1xx/code/tools/gcc-6.3-arm32-eabi/arm-none-eabi/newlib/lib/thumb/v7e-m/fpv4-sp/hard\libc.a
END GROUP
START GROUP
LOAD c:/users/ecs/documents/matlab/add-ons/toolboxes/nxp_mbdtoolbox_s32k1xx/code/tools/gcc-6.3-arm32-eabi/bin/../lib/gcc/arm-none-eabi/6.3.1/thumb/v7e-m/fpv4-sp/hard\libgcc.a
LOAD C:/Users/ecs/Documents/MATLAB/Add-Ons/Toolboxes/NXP_MBDToolbox_S32K1xx/code/tools/gcc-6.3-arm32-eabi/arm-none-eabi/newlib/lib/thumb/v7e-m/fpv4-sp/hard\libc.a
LOAD C:/Users/ecs/Documents/MATLAB/Add-Ons/Toolboxes/NXP_MBDToolbox_S32K1xx/code/tools/gcc-6.3-arm32-eabi/arm-none-eabi/newlib/lib/thumb/v7e-m/fpv4-sp/hard\libnosys.a
END GROUP
LOAD c:/users/ecs/documents/matlab/add-ons/toolboxes/nxp_mbdtoolbox_s32k1xx/code/tools/gcc-6.3-arm32-eabi/bin/../lib/gcc/arm-none-eabi/6.3.1/thumb/v7e-m/fpv4-sp/hard/crtend.o
LOAD c:/users/ecs/documents/matlab/add-ons/toolboxes/nxp_mbdtoolbox_s32k1xx/code/tools/gcc-6.3-arm32-eabi/bin/../lib/gcc/arm-none-eabi/6.3.1/thumb/v7e-m/fpv4-sp/hard/crtn.o
                0x00000400                HEAP_SIZE = DEFINED (__heap_size__)?__heap_size__:0x400
                0x00000400                STACK_SIZE = DEFINED (__stack_size__)?__stack_size__:0x400
                0x00000400                M_VECTOR_RAM_SIZE = DEFINED (__flash_vector_table__)?0x0:0x400

.interrupts     0x00000000      0x400
                0x00000000                __VECTOR_TABLE = .
                0x00000000                __interrupts_start__ = .
                0x00000000                . = ALIGN (0x4)
 *(.isr_vector)
 .isr_vector    0x00000000      0x400 startup_S32K144.o
                0x00000000                __isr_vector
                0x00000400                __interrupts_end__ = .
                0x00000400                . = ALIGN (0x4)

.flash_config   0x00000400       0x10
                0x00000400                . = ALIGN (0x4)
 *(.FlashConfig)
 .FlashConfig   0x00000400       0x10 startup_S32K144.o
                0x00000410                . = ALIGN (0x4)

.text           0x00000410     0x5c24
                0x00000410                . = ALIGN (0x4)
 *(.text)
 .text          0x00000410       0xa4 c:/users/ecs/documents/matlab/add-ons/toolboxes/nxp_mbdtoolbox_s32k1xx/code/tools/gcc-6.3-arm32-eabi/bin/../lib/gcc/arm-none-eabi/6.3.1/thumb/v7e-m/fpv4-sp/hard/crtbegin.o
 .text          0x000004b4       0x6c startup_S32K144.o
                0x000004b4                Reset_Handler
                0x0000051c                DebugMon_Handler
                0x0000051c                Reserved88_IRQHandler
                0x0000051c                CAN0_ORed_IRQHandler
                0x0000051c                HardFault_Handler
                0x0000051c                Reserved86_IRQHandler
                0x0000051c                Reserved103_IRQHandler
                0x0000051c                SysTick_Handler
                0x0000051c                FTM2_Ovf_Reload_IRQHandler
                0x0000051c                Reserved50_IRQHandler
                0x0000051c                FTFC_Fault_IRQHandler
                0x0000051c                Reserved114_IRQHandler
                0x0000051c                PendSV_Handler
                0x0000051c                NMI_Handler
                0x0000051c                Reserved89_IRQHandler
                0x0000051c                ERM_double_fault_IRQHandler
                0x0000051c                DMA2_IRQHandler
                0x0000051c                Reserved59_IRQHandler
                0x0000051c                Reserved99_IRQHandler
                0x0000051c                CAN2_ORed_0_15_MB_IRQHandler
                0x0000051c                LPIT0_Ch3_IRQHandler
                0x0000051c                Reserved92_IRQHandler
                0x0000051c                CAN1_Error_IRQHandler
                0x0000051c                SWI_IRQHandler
                0x0000051c                ADC0_IRQHandler
                0x0000051c                UsageFault_Handler
                0x0000051c                FTM0_Ovf_Reload_IRQHandler
                0x0000051c                DefaultISR
                0x0000051c                DMA9_IRQHandler
                0x0000051c                Reserved58_IRQHandler
                0x0000051c                CAN1_ORed_0_15_MB_IRQHandler
                0x0000051c                DMA14_IRQHandler
                0x0000051c                Reserved82_IRQHandler
                0x0000051c                CAN0_ORed_16_31_MB_IRQHandler
                0x0000051c                LPI2C0_Slave_IRQHandler
                0x0000051c                Reserved71_IRQHandler
                0x0000051c                PORTD_IRQHandler
                0x0000051c                Reserved69_IRQHandler
                0x0000051c                PORTB_IRQHandler
                0x0000051c                Reserved70_IRQHandler
                0x0000051c                ADC1_IRQHandler
                0x0000051c                Reserved53_IRQHandler
                0x0000051c                DMA5_IRQHandler
                0x0000051c                RTC_IRQHandler
                0x0000051c                PDB0_IRQHandler
                0x0000051c                Reserved54_IRQHandler
                0x0000051c                LPSPI1_IRQHandler
                0x0000051c                LPUART1_RxTx_IRQHandler
                0x0000051c                RTC_Seconds_IRQHandler
                0x0000051c                CAN2_ORed_IRQHandler
                0x0000051c                Reserved72_IRQHandler
                0x0000051c                Reserved110_IRQHandler
                0x0000051c                DMA11_IRQHandler
                0x0000051c                Reserved107_IRQHandler
                0x0000051c                Read_Collision_IRQHandler
                0x0000051c                CAN2_Error_IRQHandler
                0x0000051c                FTFC_IRQHandler
                0x0000051c                DMA7_IRQHandler
                0x0000051c                Reserved105_IRQHandler
                0x0000051c                LPIT0_Ch1_IRQHandler
                0x0000051c                FTM3_Ovf_Reload_IRQHandler
                0x0000051c                LPUART2_RxTx_IRQHandler
                0x0000051c                LPSPI0_IRQHandler
                0x0000051c                WDOG_EWM_IRQHandler
                0x0000051c                MemManage_Handler
                0x0000051c                Reserved90_IRQHandler
                0x0000051c                Reserved83_IRQHandler
                0x0000051c                Reserved48_IRQHandler
                0x0000051c                SVC_Handler
                0x0000051c                ERM_single_fault_IRQHandler
                0x0000051c                DMA13_IRQHandler
                0x0000051c                RCM_IRQHandler
                0x0000051c                DMA3_IRQHandler
                0x0000051c                Reserved100_IRQHandler
                0x0000051c                DMA0_IRQHandler
                0x0000051c                Reserved91_IRQHandler
                0x0000051c                CAN1_ORed_IRQHandler
                0x0000051c                DMA15_IRQHandler
                0x0000051c                SCG_IRQHandler
                0x0000051c                PDB1_IRQHandler
                0x0000051c                Reserved81_IRQHandler
                0x0000051c                Reserved46_IRQHandler
                0x0000051c                Reserved45_IRQHandler
                0x0000051c                CAN0_Error_IRQHandler
                0x0000051c                Reserved112_IRQHandler
                0x0000051c                LPI2C0_Master_IRQHandler
                0x0000051c                DMA4_IRQHandler
                0x0000051c                Reserved106_IRQHandler
                0x0000051c                DMA_Error_IRQHandler
                0x0000051c                LVD_LVW_IRQHandler
                0x0000051c                LPIT0_Ch2_IRQHandler
                0x0000051c                PORTA_IRQHandler
                0x0000051c                MCM_IRQHandler
                0x0000051c                LPSPI2_IRQHandler
                0x0000051c                DMA12_IRQHandler
                0x0000051c                CAN0_ORed_0_15_MB_IRQHandler
                0x0000051c                PORTE_IRQHandler
                0x0000051c                LPUART0_RxTx_IRQHandler
                0x0000051c                LPTMR0_IRQHandler
                0x0000051c                BusFault_Handler
                0x0000051c                Reserved87_IRQHandler
                0x0000051c                FTM1_Ovf_Reload_IRQHandler
                0x0000051c                DMA8_IRQHandler
                0x0000051c                Reserved93_IRQHandler
                0x0000051c                DMA10_IRQHandler
                0x0000051c                CAN0_Wake_Up_IRQHandler
                0x0000051c                CMP0_IRQHandler
                0x0000051c                Reserved52_IRQHandler
                0x0000051c                PORTC_IRQHandler
                0x0000051c                DMA6_IRQHandler
                0x0000051c                FLEXIO_IRQHandler
                0x0000051c                DMA1_IRQHandler
                0x0000051c                Reserved113_IRQHandler
 .text          0x00000520      0x374 MyWallModel.o
                0x00000520                MyWallModel_step
                0x0000070c                MyWallModel_initialize
                0x00000890                MyWallModel_terminate
 .text          0x00000894     0x1b98 clock_S32K1xx.o
                0x00001422                CLOCK_DRV_Init
                0x000019be                CLOCK_DRV_GetFreq
                0x00001d68                CLOCK_DRV_SetModuleClock
                0x00001ed4                CLOCK_DRV_SetSystemClock
                0x00001fe4                CLOCK_DRV_GetSystemClockSource
                0x00002040                CLOCK_DRV_SetClockSource
                0x000022f0                CLOCK_SYS_Init
                0x0000230c                CLOCK_SYS_UpdateConfiguration
                0x000023f4                CLOCK_SYS_GetCurrentConfiguration
                0x00002400                CLOCK_SYS_GetErrorCallback
                0x0000241c                CLOCK_SYS_GetFreq
                0x00002424                CLOCK_SYS_SetConfiguration
 .text          0x0000242c      0x7b4 ftm_common.o
                0x0000242c                FTM_DRV_Deinit
                0x0000244c                FTM_DRV_GetDefaultConfig
                0x00002478                FTM_DRV_MaskOutputChannels
                0x00002498                FTM_DRV_SetInitialCounterValue
                0x000024c0                FTM_DRV_SetHalfCycleReloadPoint
                0x000024e0                FTM_DRV_SetSoftOutChnValue
                0x00002518                FTM_DRV_SetSoftwareOutputChannelControl
                0x00002544                FTM_DRV_SetAllChnSoftwareOutputControl
                0x00002574                FTM_DRV_SetInvertingControl
                0x00002594                FTM_DRV_SetModuloCounterValue
                0x000025bc                FTM_DRV_SetOutputlevel
                0x000025f0                FTM_DRV_SetSync
                0x000027ac                FTM_DRV_GenerateHardwareTrigger
                0x000027c8                FTM_DRV_EnableInterrupts
                0x00002868                FTM_DRV_DisableInterrupts
                0x00002904                FTM_DRV_GetEnabledInterrupts
                0x00002960                FTM_DRV_GetStatusFlags
                0x000029bc                FTM_DRV_ClearStatusFlags
                0x00002a48                FTM_DRV_GetFrequency
                0x00002ac8                FTM_DRV_Init
                0x00002ba8                FTM_DRV_ConvertFreqToPeriodTicks
                0x00002bbc                FTM_DRV_CounterReset
 .text          0x00002be0      0x110 ftm_fault_irq.o
                0x00002be0                FTM0_Fault_IRQHandler
                0x00002c20                FTM1_Fault_IRQHandler
                0x00002c60                FTM2_Fault_IRQHandler
                0x00002ca0                FTM3_Fault_IRQHandler
                0x00002ce0                FTM_FAULT_DRV_InstallCallback
 .text          0x00002cf0       0xfe ftm_hw_access.o
                0x00002cf0                FTM_DRV_InitModule
                0x00002d08                FTM_DRV_Reset
                0x00002d6e                FTM_DRV_SetChnTriggerCmd
                0x00002da0                FTM_DRV_SetChnInputCaptureFilter
 *fill*         0x00002dee        0x2 
 .text          0x00002df0      0x6dc ftm_ic_driver.o
                0x00002ea8                FTM_DRV_InitInputCapture
                0x00003178                FTM_DRV_DeinitInputCapture
                0x00003248                FTM_DRV_GetInputCaptureMeasurement
                0x00003260                FTM_DRV_StartNewSignalMeasurement
                0x000032c8                FTM_IC_DRV_SetChannelMode
                0x0000340c                FTM0_Ch0_Ch1_IRQHandler
                0x00003418                FTM0_Ch2_Ch3_IRQHandler
                0x00003424                FTM0_Ch4_Ch5_IRQHandler
                0x00003430                FTM0_Ch6_Ch7_IRQHandler
                0x0000343c                FTM1_Ch0_Ch1_IRQHandler
                0x00003448                FTM1_Ch2_Ch3_IRQHandler
                0x00003454                FTM1_Ch4_Ch5_IRQHandler
                0x00003460                FTM1_Ch6_Ch7_IRQHandler
                0x0000346c                FTM2_Ch0_Ch1_IRQHandler
                0x00003478                FTM2_Ch2_Ch3_IRQHandler
                0x00003484                FTM2_Ch4_Ch5_IRQHandler
                0x00003490                FTM2_Ch6_Ch7_IRQHandler
                0x0000349c                FTM3_Ch0_Ch1_IRQHandler
                0x000034a8                FTM3_Ch2_Ch3_IRQHandler
                0x000034b4                FTM3_Ch4_Ch5_IRQHandler
                0x000034c0                FTM3_Ch6_Ch7_IRQHandler
 .text          0x000034cc      0x9b4 ftm_pwm_driver.o
                0x000034cc                FTM_DRV_DeinitPwm
                0x000035d8                FTM_DRV_UpdatePwmChannel
                0x000036dc                FTM_DRV_InitPwm
                0x00003d14                FTM_DRV_UpdatePwmPeriod
                0x00003d70                FTM_DRV_FastUpdatePwmChannels
                0x00003db0                FTM_DRV_ControlChannelOutput
                0x00003de0                FTM_PWM_DRV_IrqHandler
 .text          0x00003e80      0x190 ftm_qd_driver.o
                0x00003e80                FTM_DRV_QuadDecodeStart
                0x00003f9c                FTM_DRV_QuadDecodeStop
                0x00003fc4                FTM_DRV_QuadGetState
                0x00003ff4                FTM_QD_DRV_GetDefaultConfig
 .text          0x00004010      0x19c interrupt_manager.o
                0x00004010                INT_SYS_InstallHandler
                0x00004040                INT_SYS_EnableIRQ
                0x00004058                INT_SYS_DisableIRQ
                0x00004074                INT_SYS_EnableIRQGlobal
                0x00004090                INT_SYS_DisableIRQGlobal
                0x000040a0                INT_SYS_SetPriority
                0x000040f8                INT_SYS_GetPriority
                0x0000413c                INT_SYS_ClearPending
                0x00004158                INT_SYS_SetPending
                0x00004174                INT_SYS_GetPending
                0x00004190                INT_SYS_GetActive
 .text          0x000041ac      0x64c lpit_driver.o
                0x000041ac                LPIT_DRV_GetDefaultConfig
                0x000041b4                LPIT_DRV_GetDefaultChanConfig
                0x000041d4                LPIT_DRV_Init
                0x00004280                LPIT_DRV_Deinit
                0x00004290                LPIT_DRV_StartTimerChannels
                0x000042a0                LPIT_DRV_StopTimerChannels
                0x000042b0                LPIT_DRV_SetTimerPeriodByUs
                0x0000435c                LPIT_DRV_InitChannel
                0x000044e4                LPIT_DRV_SetTimerPeriodInDual16ModeByUs
                0x00004568                LPIT_DRV_GetTimerPeriodByUs
                0x0000467c                LPIT_DRV_GetCurrentTimerUs
                0x00004754                LPIT_DRV_SetTimerPeriodByCount
                0x00004764                LPIT_DRV_SetTimerPeriodInDual16ModeByCount
                0x00004778                LPIT_DRV_GetTimerPeriodByCount
                0x0000479c                LPIT_DRV_GetCurrentTimerCount
                0x000047c0                LPIT_DRV_EnableTimerChannelInterrupt
                0x000047d0                LPIT_DRV_DisableTimerChannelInterrupt
                0x000047e0                LPIT_DRV_GetInterruptFlagTimerChannels
                0x000047ec                LPIT_DRV_ClearInterruptFlagTimerChannels
 .text          0x000047f8       0xbc mbd_main.o
                0x000047f8                LPIT0_Ch0_IRQHandler
                0x00004808                SYSTEM_INIT_TASK
                0x00004810                SYSTEM_TASK
                0x00004818                lpit0_init
                0x0000488c                main
 .text          0x000048b4      0x224 pins_port_hw_access.o
                0x00004924                PINS_Init
                0x00004a38                PINS_SetMuxModeSel
                0x00004a88                PINS_SetGlobalPinControl
                0x00004ab4                PINS_SetGlobalIntControl
 .text          0x00004ad8      0x1d0 power_manager.o
                0x00004b7c                POWER_SYS_Init
                0x00004ba8                POWER_SYS_Deinit
                0x00004bc0                POWER_SYS_GetLastMode
                0x00004bd8                POWER_SYS_GetLastModeConfig
                0x00004bf4                POWER_SYS_GetErrorCallbackIndex
                0x00004c00                POWER_SYS_GetErrorCallback
                0x00004c1c                POWER_SYS_SetMode
                0x00004c9c                POWER_SYS_GetDefaultConfig
 .text          0x00004ca8      0x4cc power_manager_S32K1xx.o
                0x00004d5a                POWER_SYS_DoInit
                0x00004de4                POWER_SYS_DoDeinit
                0x00004de8                POWER_SYS_GetCurrentMode
                0x00004e0c                POWER_SYS_DoSetMode
                0x00005112                POWER_SYS_GetResetSrcStatusCmd
 .text          0x00005174      0x138 power_smc_hw_access.o
                0x000051e4                SMC_SetPowerMode
                0x00005296                SMC_SetProtectionMode
 .text          0x000052ac      0x118 s32k_clock_init.o
                0x000052ac                Clock_Setup
                0x000053ac                UpdateSystickConfig
 .text          0x000053c4       0xd8 startup.o
                0x000053c4                init_data_bss
 .text          0x0000549c       0xd4 system_S32K144.o
                0x0000549c                SystemInit
                0x000054d8                SystemCoreClockUpdate
                0x00005558                SystemSoftwareReset
 .text          0x00005570      0x378 c:/users/ecs/documents/matlab/add-ons/toolboxes/nxp_mbdtoolbox_s32k1xx/code/tools/gcc-6.3-arm32-eabi/bin/../lib/gcc/arm-none-eabi/6.3.1/thumb/v7e-m/fpv4-sp/hard\libgcc.a(_arm_addsubdf3.o)
                0x00005570                __aeabi_drsub
                0x00005578                __aeabi_dsub
                0x00005578                __subdf3
                0x0000557c                __aeabi_dadd
                0x0000557c                __adddf3
                0x000057f4                __floatunsidf
                0x000057f4                __aeabi_ui2d
                0x00005814                __floatsidf
                0x00005814                __aeabi_i2d
                0x00005838                __aeabi_f2d
                0x00005838                __extendsfdf2
                0x0000587c                __floatundidf
                0x0000587c                __aeabi_ul2d
                0x0000588c                __floatdidf
                0x0000588c                __aeabi_l2d
 .text          0x000058e8       0xa0 c:/users/ecs/documents/matlab/add-ons/toolboxes/nxp_mbdtoolbox_s32k1xx/code/tools/gcc-6.3-arm32-eabi/bin/../lib/gcc/arm-none-eabi/6.3.1/thumb/v7e-m/fpv4-sp/hard\libgcc.a(_arm_truncdfsf2.o)
                0x000058e8                __truncdfsf2
                0x000058e8                __aeabi_d2f
 .text          0x00005988       0x30 c:/users/ecs/documents/matlab/add-ons/toolboxes/nxp_mbdtoolbox_s32k1xx/code/tools/gcc-6.3-arm32-eabi/bin/../lib/gcc/arm-none-eabi/6.3.1/thumb/v7e-m/fpv4-sp/hard\libgcc.a(_aeabi_uldivmod.o)
                0x00005988                __aeabi_uldivmod
 .text          0x000059b8      0x2e4 c:/users/ecs/documents/matlab/add-ons/toolboxes/nxp_mbdtoolbox_s32k1xx/code/tools/gcc-6.3-arm32-eabi/bin/../lib/gcc/arm-none-eabi/6.3.1/thumb/v7e-m/fpv4-sp/hard\libgcc.a(_udivmoddi4.o)
                0x000059b8                __udivmoddi4
 .text          0x00005c9c        0x4 c:/users/ecs/documents/matlab/add-ons/toolboxes/nxp_mbdtoolbox_s32k1xx/code/tools/gcc-6.3-arm32-eabi/bin/../lib/gcc/arm-none-eabi/6.3.1/thumb/v7e-m/fpv4-sp/hard\libgcc.a(_dvmd_tls.o)
                0x00005c9c                __aeabi_idiv0
                0x00005c9c                __aeabi_ldiv0
 *(.text*)
 .text.memset   0x00005ca0       0x10 C:/Users/ecs/Documents/MATLAB/Add-Ons/Toolboxes/NXP_MBDToolbox_S32K1xx/code/tools/gcc-6.3-arm32-eabi/arm-none-eabi/newlib/lib/thumb/v7e-m/fpv4-sp/hard\libc.a(lib_a-memset.o)
                0x00005ca0                memset
 .text.startup.register_fini
                0x00005cb0       0x14 C:/Users/ecs/Documents/MATLAB/Add-Ons/Toolboxes/NXP_MBDToolbox_S32K1xx/code/tools/gcc-6.3-arm32-eabi/arm-none-eabi/newlib/lib/thumb/v7e-m/fpv4-sp/hard\libc.a(lib_a-__call_atexit.o)
 .text.__libc_fini_array
                0x00005cc4       0x28 C:/Users/ecs/Documents/MATLAB/Add-Ons/Toolboxes/NXP_MBDToolbox_S32K1xx/code/tools/gcc-6.3-arm32-eabi/arm-none-eabi/newlib/lib/thumb/v7e-m/fpv4-sp/hard\libc.a(lib_a-fini.o)
                0x00005cc4                __libc_fini_array
 .text.atexit   0x00005cec        0xc C:/Users/ecs/Documents/MATLAB/Add-Ons/Toolboxes/NXP_MBDToolbox_S32K1xx/code/tools/gcc-6.3-arm32-eabi/arm-none-eabi/newlib/lib/thumb/v7e-m/fpv4-sp/hard\libc.a(lib_a-atexit.o)
                0x00005cec                atexit
 .text.__register_exitproc
                0x00005cf8       0x98 C:/Users/ecs/Documents/MATLAB/Add-Ons/Toolboxes/NXP_MBDToolbox_S32K1xx/code/tools/gcc-6.3-arm32-eabi/arm-none-eabi/newlib/lib/thumb/v7e-m/fpv4-sp/hard\libc.a(lib_a-__atexit.o)
                0x00005cf8                __register_exitproc
 *(.rodata)
 .rodata        0x00005d90       0x18 MyWallModel.o
                0x00005da4                MyWallModel_M
 .rodata        0x00005da8      0x20d clock_S32K1xx.o
                0x00005ea4                clockNameMappings
                0x00005f54                peripheralFeaturesList
 *fill*         0x00005fb5        0x3 
 .rodata        0x00005fb8       0x44 ftm_common.o
                0x00005fb8                g_ftmBase
                0x00005fc8                g_ftmOverflowIrqId
                0x00005fcc                g_ftmFaultIrqId
                0x00005fd0                g_ftmReloadIrqId
                0x00005fd4                g_ftmIrqId
 .rodata        0x00005ffc       0x1c mbd_main.o
 *(.rodata*)
 .rodata._global_impure_ptr
                0x00006018        0x4 C:/Users/ecs/Documents/MATLAB/Add-Ons/Toolboxes/NXP_MBDToolbox_S32K1xx/code/tools/gcc-6.3-arm32-eabi/arm-none-eabi/newlib/lib/thumb/v7e-m/fpv4-sp/hard\libc.a(lib_a-impure.o)
                0x00006018                _global_impure_ptr
 *(.glue_7)
 .glue_7        0x0000601c        0x0 linker stubs
 *(.glue_7t)
 .glue_7t       0x0000601c        0x0 linker stubs
 *(.eh_frame)
 .eh_frame      0x0000601c        0x0 c:/users/ecs/documents/matlab/add-ons/toolboxes/nxp_mbdtoolbox_s32k1xx/code/tools/gcc-6.3-arm32-eabi/bin/../lib/gcc/arm-none-eabi/6.3.1/thumb/v7e-m/fpv4-sp/hard/crtbegin.o
 *(.init)
 .init          0x0000601c        0x4 c:/users/ecs/documents/matlab/add-ons/toolboxes/nxp_mbdtoolbox_s32k1xx/code/tools/gcc-6.3-arm32-eabi/bin/../lib/gcc/arm-none-eabi/6.3.1/thumb/v7e-m/fpv4-sp/hard/crti.o
                0x0000601c                _init
 .init          0x00006020        0x8 c:/users/ecs/documents/matlab/add-ons/toolboxes/nxp_mbdtoolbox_s32k1xx/code/tools/gcc-6.3-arm32-eabi/bin/../lib/gcc/arm-none-eabi/6.3.1/thumb/v7e-m/fpv4-sp/hard/crtn.o
 *(.fini)
 .fini          0x00006028        0x4 c:/users/ecs/documents/matlab/add-ons/toolboxes/nxp_mbdtoolbox_s32k1xx/code/tools/gcc-6.3-arm32-eabi/bin/../lib/gcc/arm-none-eabi/6.3.1/thumb/v7e-m/fpv4-sp/hard/crti.o
                0x00006028                _fini
 .fini          0x0000602c        0x8 c:/users/ecs/documents/matlab/add-ons/toolboxes/nxp_mbdtoolbox_s32k1xx/code/tools/gcc-6.3-arm32-eabi/bin/../lib/gcc/arm-none-eabi/6.3.1/thumb/v7e-m/fpv4-sp/hard/crtn.o
                0x00006034                . = ALIGN (0x4)

.vfp11_veneer   0x00006034        0x0
 .vfp11_veneer  0x00006034        0x0 linker stubs

.v4_bx          0x00006034        0x0
 .v4_bx         0x00006034        0x0 linker stubs

.iplt           0x00006034        0x0
 .iplt          0x00006034        0x0 c:/users/ecs/documents/matlab/add-ons/toolboxes/nxp_mbdtoolbox_s32k1xx/code/tools/gcc-6.3-arm32-eabi/bin/../lib/gcc/arm-none-eabi/6.3.1/thumb/v7e-m/fpv4-sp/hard/crtbegin.o

.ARM.extab
 *(.ARM.extab* .gnu.linkonce.armextab.*)

.ARM            0x00006034        0x8
                0x00006034                __exidx_start = .
 *(.ARM.exidx*)
 .ARM.exidx     0x00006034        0x8 c:/users/ecs/documents/matlab/add-ons/toolboxes/nxp_mbdtoolbox_s32k1xx/code/tools/gcc-6.3-arm32-eabi/bin/../lib/gcc/arm-none-eabi/6.3.1/thumb/v7e-m/fpv4-sp/hard\libgcc.a(_udivmoddi4.o)
                0x0000603c                __exidx_end = .

.rel.dyn        0x0000603c        0x0
 .rel.iplt      0x0000603c        0x0 c:/users/ecs/documents/matlab/add-ons/toolboxes/nxp_mbdtoolbox_s32k1xx/code/tools/gcc-6.3-arm32-eabi/bin/../lib/gcc/arm-none-eabi/6.3.1/thumb/v7e-m/fpv4-sp/hard/crtbegin.o

.ctors          0x0000603c        0x0
                0x0000603c                __CTOR_LIST__ = .
 *crtbegin.o(.ctors)
 *crtbegin?.o(.ctors)
 *(EXCLUDE_FILE(*crtend.o *crtend?.o) .ctors)
 *(SORT(.ctors.*))
 *(.ctors)
                0x0000603c                __CTOR_END__ = .

.dtors          0x0000603c        0x0
                0x0000603c                __DTOR_LIST__ = .
 *crtbegin.o(.dtors)
 *crtbegin?.o(.dtors)
 *(EXCLUDE_FILE(*crtend.o *crtend?.o) .dtors)
 *(SORT(.dtors.*))
 *(.dtors)
                0x0000603c                __DTOR_END__ = .

.preinit_array  0x0000603c        0x0
                0x0000603c                PROVIDE (__preinit_array_start, .)
 *(.preinit_array*)
                0x0000603c                PROVIDE (__preinit_array_end, .)

.init_array     0x0000603c        0x8
                0x0000603c                PROVIDE (__init_array_start, .)
 *(SORT(.init_array.*))
 .init_array.00000
                0x0000603c        0x4 C:/Users/ecs/Documents/MATLAB/Add-Ons/Toolboxes/NXP_MBDToolbox_S32K1xx/code/tools/gcc-6.3-arm32-eabi/arm-none-eabi/newlib/lib/thumb/v7e-m/fpv4-sp/hard\libc.a(lib_a-__call_atexit.o)
 *(.init_array*)
 .init_array    0x00006040        0x4 c:/users/ecs/documents/matlab/add-ons/toolboxes/nxp_mbdtoolbox_s32k1xx/code/tools/gcc-6.3-arm32-eabi/bin/../lib/gcc/arm-none-eabi/6.3.1/thumb/v7e-m/fpv4-sp/hard/crtbegin.o
                0x00006044                PROVIDE (__init_array_end, .)

.fini_array     0x00006044        0x4
                0x00006044                PROVIDE (__fini_array_start, .)
 *(SORT(.fini_array.*))
 *(.fini_array*)
 .fini_array    0x00006044        0x4 c:/users/ecs/documents/matlab/add-ons/toolboxes/nxp_mbdtoolbox_s32k1xx/code/tools/gcc-6.3-arm32-eabi/bin/../lib/gcc/arm-none-eabi/6.3.1/thumb/v7e-m/fpv4-sp/hard/crtbegin.o
                0x00006048                PROVIDE (__fini_array_end, .)
                0x00006048                __etext = .
                0x00006048                __DATA_ROM = .

.interrupts_ram
                0x1fff9000      0x400
                0x1fff9000                . = ALIGN (0x4)
                0x1fff9000                __VECTOR_RAM__ = .
                0x1fff9000                __RAM_START = .
                0x1fff9000                __interrupts_ram_start__ = .
 *(.m_interrupts_ram)
                0x1fff9400                . = (. + M_VECTOR_RAM_SIZE)
 *fill*         0x1fff9000      0x400 
                0x1fff9400                . = ALIGN (0x4)
                0x1fff9400                __interrupts_ram_end__ = .
                0x1fff9000                __VECTOR_RAM = DEFINED (__flash_vector_table__)?ORIGIN (m_interrupts):__VECTOR_RAM__
                0x00000400                __RAM_VECTOR_TABLE_SIZE = DEFINED (__flash_vector_table__)?0x0:(__interrupts_ram_end__ - __interrupts_ram_start__)

.data           0x1fff9400      0x554 load address 0x00006048
                0x1fff9400                . = ALIGN (0x4)
                0x1fff9400                __DATA_RAM = .
                0x1fff9400                __data_start__ = .
 *(.data)
 .data          0x1fff9400       0xa0 clock_S32K1xx.o
 .data          0x1fff94a0       0x48 ftm0_pwm_params.o
                0x1fff94a0                flexTimer_pwm0_InitConfig
                0x1fff94b4                flexTimer_pwm0_PwmConfig
                0x1fff94cc                flexTimer_pwm0_IndependentChannelsConfig
                0x1fff94d8                flexTimer_pwm0_FaultConfig
 .data          0x1fff94e8       0x48 ftm3_pwm_params.o
                0x1fff94e8                flexTimer_pwm3_InitConfig
                0x1fff94fc                flexTimer_pwm3_PwmConfig
                0x1fff9514                flexTimer_pwm3_IndependentChannelsConfig
                0x1fff9520                flexTimer_pwm3_FaultConfig
 .data          0x1fff9530        0x4 system_S32K144.o
                0x1fff9530                SystemCoreClock
 *(.data*)
 *fill*         0x1fff9534        0x4 
 .data.impure_data
                0x1fff9538      0x418 C:/Users/ecs/Documents/MATLAB/Add-Ons/Toolboxes/NXP_MBDToolbox_S32K1xx/code/tools/gcc-6.3-arm32-eabi/arm-none-eabi/newlib/lib/thumb/v7e-m/fpv4-sp/hard\libc.a(lib_a-impure.o)
 *(.jcr*)
 .jcr           0x1fff9950        0x0 c:/users/ecs/documents/matlab/add-ons/toolboxes/nxp_mbdtoolbox_s32k1xx/code/tools/gcc-6.3-arm32-eabi/bin/../lib/gcc/arm-none-eabi/6.3.1/thumb/v7e-m/fpv4-sp/hard/crtbegin.o
 .jcr           0x1fff9950        0x4 c:/users/ecs/documents/matlab/add-ons/toolboxes/nxp_mbdtoolbox_s32k1xx/code/tools/gcc-6.3-arm32-eabi/bin/../lib/gcc/arm-none-eabi/6.3.1/thumb/v7e-m/fpv4-sp/hard/crtend.o
                0x1fff9954                . = ALIGN (0x4)
                0x1fff9954                __data_end__ = .
                0x0000659c                __DATA_END = (__DATA_ROM + (__data_end__ - __data_start__))
                0x0000659c                __CODE_ROM = __DATA_END

.tm_clone_table
                0x1fff9954        0x0 load address 0x0000659c
 .tm_clone_table
                0x1fff9954        0x0 c:/users/ecs/documents/matlab/add-ons/toolboxes/nxp_mbdtoolbox_s32k1xx/code/tools/gcc-6.3-arm32-eabi/bin/../lib/gcc/arm-none-eabi/6.3.1/thumb/v7e-m/fpv4-sp/hard/crtbegin.o
 .tm_clone_table
                0x1fff9954        0x0 c:/users/ecs/documents/matlab/add-ons/toolboxes/nxp_mbdtoolbox_s32k1xx/code/tools/gcc-6.3-arm32-eabi/bin/../lib/gcc/arm-none-eabi/6.3.1/thumb/v7e-m/fpv4-sp/hard/crtend.o

.igot.plt       0x1fff9954        0x0 load address 0x0000659c
 .igot.plt      0x1fff9954        0x0 c:/users/ecs/documents/matlab/add-ons/toolboxes/nxp_mbdtoolbox_s32k1xx/code/tools/gcc-6.3-arm32-eabi/bin/../lib/gcc/arm-none-eabi/6.3.1/thumb/v7e-m/fpv4-sp/hard/crtbegin.o

.code           0x1fff9954        0x0 load address 0x0000659c
                0x1fff9954                . = ALIGN (0x4)
                0x1fff9954                __CODE_RAM = .
                0x1fff9954                __code_start__ = .
                0x1fff9954                __code_ram_start__ = .
 *(.code_ram)
                0x1fff9954                . = ALIGN (0x4)
                0x1fff9954                __code_end__ = .
                0x1fff9954                __code_ram_end__ = .
                0x0000659c                __CODE_END = (__CODE_ROM + (__code_end__ - __code_start__))
                0x0000659c                __CUSTOM_ROM = __CODE_END

.customSectionBlock
                0x20000000        0x0 load address 0x0000659c
                0x20000000                __customSection_start__ = .
 *(.customSection)
                0x20000000                __customSection_end__ = .
                0x0000659c                __CUSTOM_END = (__CUSTOM_ROM + (__customSection_end__ - __customSection_start__))

.bss            0x20000000      0x24c
                0x20000000                . = ALIGN (0x4)
                0x20000000                __BSS_START = .
                0x20000000                __bss_start__ = .
 *(.bss)
 .bss           0x20000000       0x1c c:/users/ecs/documents/matlab/add-ons/toolboxes/nxp_mbdtoolbox_s32k1xx/code/tools/gcc-6.3-arm32-eabi/bin/../lib/gcc/arm-none-eabi/6.3.1/thumb/v7e-m/fpv4-sp/hard/crtbegin.o
 .bss           0x2000001c       0x60 MyWallModel.o
 .bss           0x2000007c       0x10 clock_S32K1xx.o
 .bss           0x2000008c       0x11 ftm_common.o
                0x2000008c                ftmStatePtr
                0x2000009c                faultDetection
 *fill*         0x2000009d        0x3 
 .bss           0x200000a0       0x80 ftm_fault_irq.o
 .bss           0x20000120        0x4 interrupt_manager.o
 .bss           0x20000124        0x4 lpit_driver.o
 .bss           0x20000128        0xc power_manager_S32K1xx.o
 *(.bss*)
 *(COMMON)
 *fill*         0x20000134        0x4 
 COMMON         0x20000138       0x30 MyWallModel.o
                0x20000138                MyWallModel_DW
                0x20000148                MyWallModel_B
                0x20000160                MyWallModel_M_
 COMMON         0x20000168       0x14 clock_S32K1xx.o
                0x20000168                g_xtal0ClkFreq
                0x2000016c                g_RtcClkInFreq
                0x20000170                g_TClkFreq
 COMMON         0x2000017c       0x60 ftm0_pwm_params.o
                0x2000017c                ftmStateStruct0
 COMMON         0x200001dc       0x60 ftm3_pwm_params.o
                0x200001dc                ftmStateStruct3
 COMMON         0x2000023c       0x10 power_manager_S32K1xx.o
                0x2000023c                gPowerManagerState
                0x2000024c                . = ALIGN (0x4)
                0x2000024c                __bss_end__ = .
                0x2000024c                __BSS_END = .

.heap           0x2000024c      0x404
                0x20000250                . = ALIGN (0x8)
 *fill*         0x2000024c        0x4 
                0x20000250                __end__ = .
                0x20000250                __heap_start__ = .
                [!provide]                PROVIDE (end, .)
                [!provide]                PROVIDE (_end, .)
                [!provide]                PROVIDE (__end, .)
                0x20000250                __HeapBase = .
                0x20000650                . = (. + HEAP_SIZE)
 *fill*         0x20000250      0x400 
                0x20000650                __HeapLimit = .
                0x20000650                __heap_limit = .
                0x20000650                __heap_end__ = .
                0x20004000                __StackTop = (ORIGIN (m_data_2) + LENGTH (m_data_2))
                0x20003c00                __StackLimit = (__StackTop - STACK_SIZE)
                0x20004000                PROVIDE (__stack, __StackTop)
                0x20004000                __RAM_END = __StackTop

.stack          0x20003c00      0x400
                0x20003c00                . = ALIGN (0x8)
                0x20003c00                __stack_start__ = .
                0x20004000                . = (. + STACK_SIZE)
 *fill*         0x20003c00      0x400 
                0x20004000                __stack_end__ = .

.ARM.attributes
                0x00000000       0x30
 *(.ARM.attributes)
 .ARM.attributes
                0x00000000       0x22 c:/users/ecs/documents/matlab/add-ons/toolboxes/nxp_mbdtoolbox_s32k1xx/code/tools/gcc-6.3-arm32-eabi/bin/../lib/gcc/arm-none-eabi/6.3.1/thumb/v7e-m/fpv4-sp/hard/crti.o
 .ARM.attributes
                0x00000022       0x34 c:/users/ecs/documents/matlab/add-ons/toolboxes/nxp_mbdtoolbox_s32k1xx/code/tools/gcc-6.3-arm32-eabi/bin/../lib/gcc/arm-none-eabi/6.3.1/thumb/v7e-m/fpv4-sp/hard/crtbegin.o
 .ARM.attributes
                0x00000056       0x1f startup_S32K144.o
 .ARM.attributes
                0x00000075       0x39 MyWallModel.o
 .ARM.attributes
                0x000000ae       0x39 clock_S32K1xx.o
 .ARM.attributes
                0x000000e7       0x39 ftm0_pwm_params.o
 .ARM.attributes
                0x00000120       0x39 ftm3_pwm_params.o
 .ARM.attributes
                0x00000159       0x39 ftm_common.o
 .ARM.attributes
                0x00000192       0x39 ftm_fault_irq.o
 .ARM.attributes
                0x000001cb       0x39 ftm_hw_access.o
 .ARM.attributes
                0x00000204       0x39 ftm_ic_driver.o
 .ARM.attributes
                0x0000023d       0x39 ftm_pwm_driver.o
 .ARM.attributes
                0x00000276       0x39 ftm_qd_driver.o
 .ARM.attributes
                0x000002af       0x39 interrupt_manager.o
 .ARM.attributes
                0x000002e8       0x39 lpit_driver.o
 .ARM.attributes
                0x00000321       0x39 mbd_main.o
 .ARM.attributes
                0x0000035a       0x39 pins_port_hw_access.o
 .ARM.attributes
                0x00000393       0x39 power_manager.o
 .ARM.attributes
                0x000003cc       0x39 power_manager_S32K1xx.o
 .ARM.attributes
                0x00000405       0x39 power_smc_hw_access.o
 .ARM.attributes
                0x0000043e       0x39 s32k_clock_init.o
 .ARM.attributes
                0x00000477       0x39 startup.o
 .ARM.attributes
                0x000004b0       0x39 system_S32K144.o
 .ARM.attributes
                0x000004e9       0x22 c:/users/ecs/documents/matlab/add-ons/toolboxes/nxp_mbdtoolbox_s32k1xx/code/tools/gcc-6.3-arm32-eabi/bin/../lib/gcc/arm-none-eabi/6.3.1/thumb/v7e-m/fpv4-sp/hard\libgcc.a(_arm_addsubdf3.o)
 .ARM.attributes
                0x0000050b       0x22 c:/users/ecs/documents/matlab/add-ons/toolboxes/nxp_mbdtoolbox_s32k1xx/code/tools/gcc-6.3-arm32-eabi/bin/../lib/gcc/arm-none-eabi/6.3.1/thumb/v7e-m/fpv4-sp/hard\libgcc.a(_arm_truncdfsf2.o)
 .ARM.attributes
                0x0000052d       0x22 c:/users/ecs/documents/matlab/add-ons/toolboxes/nxp_mbdtoolbox_s32k1xx/code/tools/gcc-6.3-arm32-eabi/bin/../lib/gcc/arm-none-eabi/6.3.1/thumb/v7e-m/fpv4-sp/hard\libgcc.a(_aeabi_uldivmod.o)
 .ARM.attributes
                0x0000054f       0x34 c:/users/ecs/documents/matlab/add-ons/toolboxes/nxp_mbdtoolbox_s32k1xx/code/tools/gcc-6.3-arm32-eabi/bin/../lib/gcc/arm-none-eabi/6.3.1/thumb/v7e-m/fpv4-sp/hard\libgcc.a(_udivmoddi4.o)
 .ARM.attributes
                0x00000583       0x22 c:/users/ecs/documents/matlab/add-ons/toolboxes/nxp_mbdtoolbox_s32k1xx/code/tools/gcc-6.3-arm32-eabi/bin/../lib/gcc/arm-none-eabi/6.3.1/thumb/v7e-m/fpv4-sp/hard\libgcc.a(_dvmd_tls.o)
 .ARM.attributes
                0x000005a5       0x34 C:/Users/ecs/Documents/MATLAB/Add-Ons/Toolboxes/NXP_MBDToolbox_S32K1xx/code/tools/gcc-6.3-arm32-eabi/arm-none-eabi/newlib/lib/thumb/v7e-m/fpv4-sp/hard\libc.a(lib_a-impure.o)
 .ARM.attributes
                0x000005d9       0x34 C:/Users/ecs/Documents/MATLAB/Add-Ons/Toolboxes/NXP_MBDToolbox_S32K1xx/code/tools/gcc-6.3-arm32-eabi/arm-none-eabi/newlib/lib/thumb/v7e-m/fpv4-sp/hard\libc.a(lib_a-memset.o)
 .ARM.attributes
                0x0000060d       0x34 C:/Users/ecs/Documents/MATLAB/Add-Ons/Toolboxes/NXP_MBDToolbox_S32K1xx/code/tools/gcc-6.3-arm32-eabi/arm-none-eabi/newlib/lib/thumb/v7e-m/fpv4-sp/hard\libc.a(lib_a-__call_atexit.o)
 .ARM.attributes
                0x00000641       0x34 C:/Users/ecs/Documents/MATLAB/Add-Ons/Toolboxes/NXP_MBDToolbox_S32K1xx/code/tools/gcc-6.3-arm32-eabi/arm-none-eabi/newlib/lib/thumb/v7e-m/fpv4-sp/hard\libc.a(lib_a-fini.o)
 .ARM.attributes
                0x00000675       0x34 C:/Users/ecs/Documents/MATLAB/Add-Ons/Toolboxes/NXP_MBDToolbox_S32K1xx/code/tools/gcc-6.3-arm32-eabi/arm-none-eabi/newlib/lib/thumb/v7e-m/fpv4-sp/hard\libc.a(lib_a-atexit.o)
 .ARM.attributes
                0x000006a9       0x34 C:/Users/ecs/Documents/MATLAB/Add-Ons/Toolboxes/NXP_MBDToolbox_S32K1xx/code/tools/gcc-6.3-arm32-eabi/arm-none-eabi/newlib/lib/thumb/v7e-m/fpv4-sp/hard\libc.a(lib_a-__atexit.o)
 .ARM.attributes
                0x000006dd       0x34 c:/users/ecs/documents/matlab/add-ons/toolboxes/nxp_mbdtoolbox_s32k1xx/code/tools/gcc-6.3-arm32-eabi/bin/../lib/gcc/arm-none-eabi/6.3.1/thumb/v7e-m/fpv4-sp/hard/crtend.o
 .ARM.attributes
                0x00000711       0x22 c:/users/ecs/documents/matlab/add-ons/toolboxes/nxp_mbdtoolbox_s32k1xx/code/tools/gcc-6.3-arm32-eabi/bin/../lib/gcc/arm-none-eabi/6.3.1/thumb/v7e-m/fpv4-sp/hard/crtn.o
                0x00000001                ASSERT ((__StackLimit >= __HeapLimit), region m_data_2 overflowed with stack and heap)
OUTPUT(MyWallModel.elf elf32-littlearm)

.comment        0x00000000       0xa0
 .comment       0x00000000       0xa0 c:/users/ecs/documents/matlab/add-ons/toolboxes/nxp_mbdtoolbox_s32k1xx/code/tools/gcc-6.3-arm32-eabi/bin/../lib/gcc/arm-none-eabi/6.3.1/thumb/v7e-m/fpv4-sp/hard/crtbegin.o
                                 0xa1 (size before relaxing)
 .comment       0x000000a0       0xa1 MyWallModel.o
 .comment       0x000000a0       0xa1 clock_S32K1xx.o
 .comment       0x000000a0       0xa1 ftm0_pwm_params.o
 .comment       0x000000a0       0xa1 ftm3_pwm_params.o
 .comment       0x000000a0       0xa1 ftm_common.o
 .comment       0x000000a0       0xa1 ftm_fault_irq.o
 .comment       0x000000a0       0xa1 ftm_hw_access.o
 .comment       0x000000a0       0xa1 ftm_ic_driver.o
 .comment       0x000000a0       0xa1 ftm_pwm_driver.o
 .comment       0x000000a0       0xa1 ftm_qd_driver.o
 .comment       0x000000a0       0xa1 interrupt_manager.o
 .comment       0x000000a0       0xa1 lpit_driver.o
 .comment       0x000000a0       0xa1 mbd_main.o
 .comment       0x000000a0       0xa1 pins_port_hw_access.o
 .comment       0x000000a0       0xa1 power_manager.o
 .comment       0x000000a0       0xa1 power_manager_S32K1xx.o
 .comment       0x000000a0       0xa1 power_smc_hw_access.o
 .comment       0x000000a0       0xa1 s32k_clock_init.o
 .comment       0x000000a0       0xa1 startup.o
 .comment       0x000000a0       0xa1 system_S32K144.o
 .comment       0x000000a0       0xa1 c:/users/ecs/documents/matlab/add-ons/toolboxes/nxp_mbdtoolbox_s32k1xx/code/tools/gcc-6.3-arm32-eabi/bin/../lib/gcc/arm-none-eabi/6.3.1/thumb/v7e-m/fpv4-sp/hard/crtend.o

.debug_line     0x00000000     0x4a9e
 .debug_line    0x00000000       0x6e startup_S32K144.o
 .debug_line    0x0000006e      0x45a MyWallModel.o
 .debug_line    0x000004c8      0xe71 clock_S32K1xx.o
 .debug_line    0x00001339      0x1ba ftm0_pwm_params.o
 .debug_line    0x000014f3      0x1ba ftm3_pwm_params.o
 .debug_line    0x000016ad      0x565 ftm_common.o
 .debug_line    0x00001c12      0x268 ftm_fault_irq.o
 .debug_line    0x00001e7a      0x238 ftm_hw_access.o
 .debug_line    0x000020b2      0x4f5 ftm_ic_driver.o
 .debug_line    0x000025a7      0x679 ftm_pwm_driver.o
 .debug_line    0x00002c20      0x2c6 ftm_qd_driver.o
 .debug_line    0x00002ee6      0x229 interrupt_manager.o
 .debug_line    0x0000310f      0x444 lpit_driver.o
 .debug_line    0x00003553      0x3a1 mbd_main.o
 .debug_line    0x000038f4      0x261 pins_port_hw_access.o
 .debug_line    0x00003b55      0x25f power_manager.o
 .debug_line    0x00003db4      0x4cc power_manager_S32K1xx.o
 .debug_line    0x00004280      0x288 power_smc_hw_access.o
 .debug_line    0x00004508      0x238 s32k_clock_init.o
 .debug_line    0x00004740      0x1a1 startup.o
 .debug_line    0x000048e1      0x1bd system_S32K144.o

.debug_info     0x00000000    0x1af37
 .debug_info    0x00000000       0x26 startup_S32K144.o
 .debug_info    0x00000026     0x2036 MyWallModel.o
 .debug_info    0x0000205c     0x51c9 clock_S32K1xx.o
 .debug_info    0x00007225      0xcd2 ftm0_pwm_params.o
 .debug_info    0x00007ef7      0xcd2 ftm3_pwm_params.o
 .debug_info    0x00008bc9     0x29f3 ftm_common.o
 .debug_info    0x0000b5bc      0x9dd ftm_fault_irq.o
 .debug_info    0x0000bf99      0x97a ftm_hw_access.o
 .debug_info    0x0000c913     0x1d4c ftm_ic_driver.o
 .debug_info    0x0000e65f     0x2a4b ftm_pwm_driver.o
 .debug_info    0x000110aa     0x104c ftm_qd_driver.o
 .debug_info    0x000120f6      0x8bd interrupt_manager.o
 .debug_info    0x000129b3     0x1b2d lpit_driver.o
 .debug_info    0x000144e0     0x1ea7 mbd_main.o
 .debug_info    0x00016387      0x89d pins_port_hw_access.o
 .debug_info    0x00016c24      0x7dc power_manager.o
 .debug_info    0x00017400     0x1515 power_manager_S32K1xx.o
 .debug_info    0x00018915      0x9f9 power_smc_hw_access.o
 .debug_info    0x0001930e     0x145b s32k_clock_init.o
 .debug_info    0x0001a769      0x2ad startup.o
 .debug_info    0x0001aa16      0x521 system_S32K144.o

.debug_abbrev   0x00000000     0x2c53
 .debug_abbrev  0x00000000       0x14 startup_S32K144.o
 .debug_abbrev  0x00000014      0x307 MyWallModel.o
 .debug_abbrev  0x0000031b      0x37b clock_S32K1xx.o
 .debug_abbrev  0x00000696      0x126 ftm0_pwm_params.o
 .debug_abbrev  0x000007bc      0x126 ftm3_pwm_params.o
 .debug_abbrev  0x000008e2      0x333 ftm_common.o
 .debug_abbrev  0x00000c15      0x1b5 ftm_fault_irq.o
 .debug_abbrev  0x00000dca      0x1b5 ftm_hw_access.o
 .debug_abbrev  0x00000f7f      0x321 ftm_ic_driver.o
 .debug_abbrev  0x000012a0      0x2d4 ftm_pwm_driver.o
 .debug_abbrev  0x00001574      0x253 ftm_qd_driver.o
 .debug_abbrev  0x000017c7      0x1c2 interrupt_manager.o
 .debug_abbrev  0x00001989      0x360 lpit_driver.o
 .debug_abbrev  0x00001ce9      0x29f mbd_main.o
 .debug_abbrev  0x00001f88      0x1e1 pins_port_hw_access.o
 .debug_abbrev  0x00002169      0x1e6 power_manager.o
 .debug_abbrev  0x0000234f      0x369 power_manager_S32K1xx.o
 .debug_abbrev  0x000026b8      0x22a power_smc_hw_access.o
 .debug_abbrev  0x000028e2      0x15a s32k_clock_init.o
 .debug_abbrev  0x00002a3c       0xdd startup.o
 .debug_abbrev  0x00002b19      0x13a system_S32K144.o

.debug_aranges  0x00000000      0x290
 .debug_aranges
                0x00000000       0x20 startup_S32K144.o
 .debug_aranges
                0x00000020       0x20 MyWallModel.o
 .debug_aranges
                0x00000040       0x20 clock_S32K1xx.o
 .debug_aranges
                0x00000060       0x18 ftm0_pwm_params.o
 .debug_aranges
                0x00000078       0x18 ftm3_pwm_params.o
 .debug_aranges
                0x00000090       0x20 ftm_common.o
 .debug_aranges
                0x000000b0       0x20 ftm_fault_irq.o
 .debug_aranges
                0x000000d0       0x20 ftm_hw_access.o
 .debug_aranges
                0x000000f0       0x20 ftm_ic_driver.o
 .debug_aranges
                0x00000110       0x20 ftm_pwm_driver.o
 .debug_aranges
                0x00000130       0x20 ftm_qd_driver.o
 .debug_aranges
                0x00000150       0x20 interrupt_manager.o
 .debug_aranges
                0x00000170       0x20 lpit_driver.o
 .debug_aranges
                0x00000190       0x20 mbd_main.o
 .debug_aranges
                0x000001b0       0x20 pins_port_hw_access.o
 .debug_aranges
                0x000001d0       0x20 power_manager.o
 .debug_aranges
                0x000001f0       0x20 power_manager_S32K1xx.o
 .debug_aranges
                0x00000210       0x20 power_smc_hw_access.o
 .debug_aranges
                0x00000230       0x20 s32k_clock_init.o
 .debug_aranges
                0x00000250       0x20 startup.o
 .debug_aranges
                0x00000270       0x20 system_S32K144.o

.debug_str      0x00000000     0x8985
 .debug_str     0x00000000       0x6d startup_S32K144.o
 .debug_str     0x0000006d     0x1f7d MyWallModel.o
                               0x20e9 (size before relaxing)
 .debug_str     0x00001fea     0x3198 clock_S32K1xx.o
                               0x38c9 (size before relaxing)
 .debug_str     0x00005182       0x12 ftm0_pwm_params.o
                               0x12b5 (size before relaxing)
 .debug_str     0x00005194       0x12 ftm3_pwm_params.o
                               0x12b5 (size before relaxing)
 .debug_str     0x000051a6      0xb4a ftm_common.o
                               0x26cd (size before relaxing)
 .debug_str     0x00005cf0      0x113 ftm_fault_irq.o
                                0xc7e (size before relaxing)
 .debug_str     0x00005e03       0xa8 ftm_hw_access.o
                                0xd1c (size before relaxing)
 .debug_str     0x00005eab      0x6ed ftm_ic_driver.o
                               0x1be2 (size before relaxing)
 .debug_str     0x00006598      0x497 ftm_pwm_driver.o
                               0x1fc2 (size before relaxing)
 .debug_str     0x00006a2f      0x172 ftm_qd_driver.o
                               0x1781 (size before relaxing)
 .debug_str     0x00006ba1      0x229 interrupt_manager.o
                                0xa39 (size before relaxing)
 .debug_str     0x00006dca      0x822 lpit_driver.o
                               0x1cde (size before relaxing)
 .debug_str     0x000075ec       0x6f mbd_main.o
                               0x20cc (size before relaxing)
 .debug_str     0x0000765b      0x530 pins_port_hw_access.o
                                0x8f7 (size before relaxing)
 .debug_str     0x00007b8b      0x4dd power_manager.o
                                0xfdf (size before relaxing)
 .debug_str     0x00008068      0x4b1 power_manager_S32K1xx.o
                               0x18a2 (size before relaxing)
 .debug_str     0x00008519      0x130 power_smc_hw_access.o
                                0xe6f (size before relaxing)
 .debug_str     0x00008649       0xc6 s32k_clock_init.o
                               0x221f (size before relaxing)
 .debug_str     0x0000870f      0x1e7 startup.o
                                0x3f0 (size before relaxing)
 .debug_str     0x000088f6       0x8f system_S32K144.o
                                0x3f1 (size before relaxing)

.debug_loc      0x00000000     0xb0a4
 .debug_loc     0x00000000      0x407 MyWallModel.o
 .debug_loc     0x00000407     0x437f clock_S32K1xx.o
 .debug_loc     0x00004786     0x13ed ftm_common.o
 .debug_loc     0x00005b73      0x21b ftm_fault_irq.o
 .debug_loc     0x00005d8e      0x114 ftm_hw_access.o
 .debug_loc     0x00005ea2     0x108e ftm_ic_driver.o
 .debug_loc     0x00006f30     0x1c7a ftm_pwm_driver.o
 .debug_loc     0x00008baa      0x308 ftm_qd_driver.o
 .debug_loc     0x00008eb2      0x1d3 interrupt_manager.o
 .debug_loc     0x00009085      0xc00 lpit_driver.o
 .debug_loc     0x00009c85       0xac mbd_main.o
 .debug_loc     0x00009d31      0x48a pins_port_hw_access.o
 .debug_loc     0x0000a1bb      0x316 power_manager.o
 .debug_loc     0x0000a4d1      0x663 power_manager_S32K1xx.o
 .debug_loc     0x0000ab34      0x379 power_smc_hw_access.o
 .debug_loc     0x0000aead       0x20 s32k_clock_init.o
 .debug_loc     0x0000aecd       0xec startup.o
 .debug_loc     0x0000afb9       0xeb system_S32K144.o

.debug_ranges   0x00000000      0x9a0
 .debug_ranges  0x00000000       0x18 MyWallModel.o
 .debug_ranges  0x00000018      0x278 clock_S32K1xx.o
 .debug_ranges  0x00000290       0x90 ftm_common.o
 .debug_ranges  0x00000320       0x60 ftm_fault_irq.o
 .debug_ranges  0x00000380       0xe8 ftm_ic_driver.o
 .debug_ranges  0x00000468      0x2b8 ftm_pwm_driver.o
 .debug_ranges  0x00000720       0x78 ftm_qd_driver.o
 .debug_ranges  0x00000798       0x38 interrupt_manager.o
 .debug_ranges  0x000007d0       0x48 lpit_driver.o
 .debug_ranges  0x00000818       0x20 power_manager.o
 .debug_ranges  0x00000838      0x148 power_manager_S32K1xx.o
 .debug_ranges  0x00000980       0x20 power_smc_hw_access.o

.debug_frame    0x00000000     0x1318
 .debug_frame   0x00000000       0x84 MyWallModel.o
 .debug_frame   0x00000084      0x37c clock_S32K1xx.o
 .debug_frame   0x00000400      0x1fc ftm_common.o
 .debug_frame   0x000005fc       0xa0 ftm_fault_irq.o
 .debug_frame   0x0000069c       0x5c ftm_hw_access.o
 .debug_frame   0x000006f8      0x25c ftm_ic_driver.o
 .debug_frame   0x00000954       0xe0 ftm_pwm_driver.o
 .debug_frame   0x00000a34       0x68 ftm_qd_driver.o
 .debug_frame   0x00000a9c       0xd8 interrupt_manager.o
 .debug_frame   0x00000b74      0x1ac lpit_driver.o
 .debug_frame   0x00000d20       0x90 mbd_main.o
 .debug_frame   0x00000db0       0x98 pins_port_hw_access.o
 .debug_frame   0x00000e48       0xe0 power_manager.o
 .debug_frame   0x00000f28       0xc4 power_manager_S32K1xx.o
 .debug_frame   0x00000fec       0x58 power_smc_hw_access.o
 .debug_frame   0x00001044       0x44 s32k_clock_init.o
 .debug_frame   0x00001088       0x2c startup.o
 .debug_frame   0x000010b4       0x40 system_S32K144.o
 .debug_frame   0x000010f4       0xac c:/users/ecs/documents/matlab/add-ons/toolboxes/nxp_mbdtoolbox_s32k1xx/code/tools/gcc-6.3-arm32-eabi/bin/../lib/gcc/arm-none-eabi/6.3.1/thumb/v7e-m/fpv4-sp/hard\libgcc.a(_arm_addsubdf3.o)
 .debug_frame   0x000011a0       0x24 c:/users/ecs/documents/matlab/add-ons/toolboxes/nxp_mbdtoolbox_s32k1xx/code/tools/gcc-6.3-arm32-eabi/bin/../lib/gcc/arm-none-eabi/6.3.1/thumb/v7e-m/fpv4-sp/hard\libgcc.a(_arm_truncdfsf2.o)
 .debug_frame   0x000011c4       0x2c c:/users/ecs/documents/matlab/add-ons/toolboxes/nxp_mbdtoolbox_s32k1xx/code/tools/gcc-6.3-arm32-eabi/bin/../lib/gcc/arm-none-eabi/6.3.1/thumb/v7e-m/fpv4-sp/hard\libgcc.a(_aeabi_uldivmod.o)
 .debug_frame   0x000011f0       0x34 c:/users/ecs/documents/matlab/add-ons/toolboxes/nxp_mbdtoolbox_s32k1xx/code/tools/gcc-6.3-arm32-eabi/bin/../lib/gcc/arm-none-eabi/6.3.1/thumb/v7e-m/fpv4-sp/hard\libgcc.a(_udivmoddi4.o)
 .debug_frame   0x00001224       0x20 C:/Users/ecs/Documents/MATLAB/Add-Ons/Toolboxes/NXP_MBDToolbox_S32K1xx/code/tools/gcc-6.3-arm32-eabi/arm-none-eabi/newlib/lib/thumb/v7e-m/fpv4-sp/hard\libc.a(lib_a-memset.o)
 .debug_frame   0x00001244       0x4c C:/Users/ecs/Documents/MATLAB/Add-Ons/Toolboxes/NXP_MBDToolbox_S32K1xx/code/tools/gcc-6.3-arm32-eabi/arm-none-eabi/newlib/lib/thumb/v7e-m/fpv4-sp/hard\libc.a(lib_a-__call_atexit.o)
 .debug_frame   0x00001290       0x38 C:/Users/ecs/Documents/MATLAB/Add-Ons/Toolboxes/NXP_MBDToolbox_S32K1xx/code/tools/gcc-6.3-arm32-eabi/arm-none-eabi/newlib/lib/thumb/v7e-m/fpv4-sp/hard\libc.a(lib_a-fini.o)
 .debug_frame   0x000012c8       0x20 C:/Users/ecs/Documents/MATLAB/Add-Ons/Toolboxes/NXP_MBDToolbox_S32K1xx/code/tools/gcc-6.3-arm32-eabi/arm-none-eabi/newlib/lib/thumb/v7e-m/fpv4-sp/hard\libc.a(lib_a-atexit.o)
 .debug_frame   0x000012e8       0x30 C:/Users/ecs/Documents/MATLAB/Add-Ons/Toolboxes/NXP_MBDToolbox_S32K1xx/code/tools/gcc-6.3-arm32-eabi/arm-none-eabi/newlib/lib/thumb/v7e-m/fpv4-sp/hard\libc.a(lib_a-__atexit.o)
