Archive member included because of file (symbol)

C:/NXP/S32DS_ARM_v2018.R1/S32DS/arm_ewl2/lib/armv7e-m\libc99.a(exit.o)
                              C:/NXP/S32DS_ARM_v2018.R1/S32DS/arm_ewl2/lib/armv7e-m/__arm_start.o (exit)
C:/NXP/S32DS_ARM_v2018.R1/S32DS/arm_ewl2/lib/armv7e-m\libc99.a(memset.o)
                              C:/NXP/S32DS_ARM_v2018.R1/S32DS/arm_ewl2/lib/armv7e-m/__arm_start.o (memset)
C:/NXP/S32DS_ARM_v2018.R1/S32DS/arm_ewl2/lib/armv7e-m\libc99.a(__filll_mem.o)
                              C:/NXP/S32DS_ARM_v2018.R1/S32DS/arm_ewl2/lib/armv7e-m\libc99.a(memset.o) (__fill_mem)
c:/nxp/s32ds_arm_v2018.r1/cross_tools/gcc-arm-none-eabi-4_9/bin/../lib/gcc/arm-none-eabi/4.9.3/armv7e-m\libgcc.a(_arm_addsubsf3.o)
                              ./src/lib/adc.o (__aeabi_i2f)
c:/nxp/s32ds_arm_v2018.r1/cross_tools/gcc-arm-none-eabi-4_9/bin/../lib/gcc/arm-none-eabi/4.9.3/armv7e-m\libgcc.a(_arm_muldivsf3.o)
                              ./src/lib/adc.o (__aeabi_fmul)
c:/nxp/s32ds_arm_v2018.r1/cross_tools/gcc-arm-none-eabi-4_9/bin/../lib/gcc/arm-none-eabi/4.9.3/armv7e-m\libgcc.a(_arm_fixunssfsi.o)
                              ./src/lib/adc.o (__aeabi_f2uiz)
C:/NXP/S32DS_ARM_v2018.R1/S32DS/arm_ewl2/lib/armv7e-m\librt.a(gcc_ctor_dtor.o)
                              C:/NXP/S32DS_ARM_v2018.R1/S32DS/arm_ewl2/lib/armv7e-m/__arm_start.o (__init_cpp)
C:/NXP/S32DS_ARM_v2018.R1/S32DS/arm_ewl2/lib/armv7e-m\librt.a(__arm_eabi_init.o)
                              C:/NXP/S32DS_ARM_v2018.R1/S32DS/arm_ewl2/lib/armv7e-m\libc99.a(exit.o) (__destroy_global_chain)
C:/NXP/S32DS_ARM_v2018.R1/S32DS/arm_ewl2/lib/armv7e-m\librt.a(ROMCopy.o)
                              C:/NXP/S32DS_ARM_v2018.R1/S32DS/arm_ewl2/lib/armv7e-m/__arm_start.o (__copy_rom_sections_to_ram)

Discarded input sections

 .text          0x00000000        0x0 C:/NXP/S32DS_ARM_v2018.R1/S32DS/arm_ewl2/lib/armv7e-m/__arm_start.o
 .data          0x00000000        0x0 C:/NXP/S32DS_ARM_v2018.R1/S32DS/arm_ewl2/lib/armv7e-m/__arm_start.o
 .bss           0x00000000        0x0 C:/NXP/S32DS_ARM_v2018.R1/S32DS/arm_ewl2/lib/armv7e-m/__arm_start.o
 .text.__thumb_startup
                0x00000000       0x3c C:/NXP/S32DS_ARM_v2018.R1/S32DS/arm_ewl2/lib/armv7e-m/__arm_start.o
 .text.__iar_program_start
                0x00000000        0x4 C:/NXP/S32DS_ARM_v2018.R1/S32DS/arm_ewl2/lib/armv7e-m/__arm_start.o
 .bss.argv      0x00000000        0x4 C:/NXP/S32DS_ARM_v2018.R1/S32DS/arm_ewl2/lib/armv7e-m/__arm_start.o
 .debug_info    0x00000000      0x144 C:/NXP/S32DS_ARM_v2018.R1/S32DS/arm_ewl2/lib/armv7e-m/__arm_start.o
 .debug_abbrev  0x00000000       0xc0 C:/NXP/S32DS_ARM_v2018.R1/S32DS/arm_ewl2/lib/armv7e-m/__arm_start.o
 .debug_aranges
                0x00000000       0x28 C:/NXP/S32DS_ARM_v2018.R1/S32DS/arm_ewl2/lib/armv7e-m/__arm_start.o
 .debug_line    0x00000000       0x68 C:/NXP/S32DS_ARM_v2018.R1/S32DS/arm_ewl2/lib/armv7e-m/__arm_start.o
 .debug_str     0x00000000      0x270 C:/NXP/S32DS_ARM_v2018.R1/S32DS/arm_ewl2/lib/armv7e-m/__arm_start.o
 .comment       0x00000000       0x71 C:/NXP/S32DS_ARM_v2018.R1/S32DS/arm_ewl2/lib/armv7e-m/__arm_start.o
 .debug_frame   0x00000000       0x30 C:/NXP/S32DS_ARM_v2018.R1/S32DS/arm_ewl2/lib/armv7e-m/__arm_start.o
 .ARM.attributes
                0x00000000       0x33 C:/NXP/S32DS_ARM_v2018.R1/S32DS/arm_ewl2/lib/armv7e-m/__arm_start.o
 .group         0x00000000        0x8 ./src/lib/interrupt_manager.o
 .group         0x00000000        0x8 ./src/lib/interrupt_manager.o
 .group         0x00000000        0x8 ./src/lib/interrupt_manager.o
 .group         0x00000000        0x8 ./src/lib/interrupt_manager.o
 .group         0x00000000        0x8 ./src/lib/interrupt_manager.o
 .group         0x00000000        0x8 ./src/lib/interrupt_manager.o
 .group         0x00000000        0x8 ./src/lib/interrupt_manager.o
 .group         0x00000000        0x8 ./src/lib/interrupt_manager.o
 .group         0x00000000        0x8 ./src/lib/interrupt_manager.o
 .group         0x00000000        0x8 ./src/lib/interrupt_manager.o
 .group         0x00000000        0x8 ./src/lib/interrupt_manager.o
 .group         0x00000000        0x8 ./src/lib/interrupt_manager.o
 .group         0x00000000        0x8 ./src/lib/interrupt_manager.o
 .group         0x00000000        0x8 ./src/lib/interrupt_manager.o
 .group         0x00000000        0x8 ./src/lib/interrupt_manager.o
 .group         0x00000000        0x8 ./src/lib/interrupt_manager.o
 .group         0x00000000        0x8 ./src/lib/interrupt_manager.o
 .group         0x00000000        0x8 ./src/lib/interrupt_manager.o
 .text          0x00000000        0x0 ./src/lib/interrupt_manager.o
 .data          0x00000000        0x0 ./src/lib/interrupt_manager.o
 .bss           0x00000000        0x0 ./src/lib/interrupt_manager.o
 .bss.g_interruptDisableCount
                0x00000000        0x4 ./src/lib/interrupt_manager.o
 .text.INT_SYS_InstallHandler
                0x00000000       0x44 ./src/lib/interrupt_manager.o
 .text.INT_SYS_EnableIRQ
                0x00000000       0x30 ./src/lib/interrupt_manager.o
 .text.INT_SYS_DisableIRQ
                0x00000000       0x34 ./src/lib/interrupt_manager.o
 .text.INT_SYS_EnableIRQGlobal
                0x00000000       0x2c ./src/lib/interrupt_manager.o
 .text.INT_SYS_DisableIRQGlobal
                0x00000000       0x1c ./src/lib/interrupt_manager.o
 .text.INT_SYS_SetPriority
                0x00000000       0x8c ./src/lib/interrupt_manager.o
 .text.INT_SYS_GetPriority
                0x00000000       0x90 ./src/lib/interrupt_manager.o
 .text.INT_SYS_ClearPending
                0x00000000       0x34 ./src/lib/interrupt_manager.o
 .text.INT_SYS_SetPending
                0x00000000       0x34 ./src/lib/interrupt_manager.o
 .text.INT_SYS_GetPending
                0x00000000       0x38 ./src/lib/interrupt_manager.o
 .text.INT_SYS_GetActive
                0x00000000       0x38 ./src/lib/interrupt_manager.o
 .debug_info    0x00000000      0x8bd ./src/lib/interrupt_manager.o
 .debug_abbrev  0x00000000      0x18e ./src/lib/interrupt_manager.o
 .debug_aranges
                0x00000000       0x70 ./src/lib/interrupt_manager.o
 .debug_ranges  0x00000000       0x60 ./src/lib/interrupt_manager.o
 .debug_macro   0x00000000       0xea ./src/lib/interrupt_manager.o
 .debug_macro   0x00000000      0x868 ./src/lib/interrupt_manager.o
 .debug_macro   0x00000000       0x52 ./src/lib/interrupt_manager.o
 .debug_macro   0x00000000       0xa0 ./src/lib/interrupt_manager.o
 .debug_macro   0x00000000       0x16 ./src/lib/interrupt_manager.o
 .debug_macro   0x00000000       0x10 ./src/lib/interrupt_manager.o
 .debug_macro   0x00000000       0x6d ./src/lib/interrupt_manager.o
 .debug_macro   0x00000000       0x19 ./src/lib/interrupt_manager.o
 .debug_macro   0x00000000       0x64 ./src/lib/interrupt_manager.o
 .debug_macro   0x00000000      0x185 ./src/lib/interrupt_manager.o
 .debug_macro   0x00000000      0x140 ./src/lib/interrupt_manager.o
 .debug_macro   0x00000000       0x9d ./src/lib/interrupt_manager.o
 .debug_macro   0x00000000       0x10 ./src/lib/interrupt_manager.o
 .debug_macro   0x00000000      0x15b ./src/lib/interrupt_manager.o
 .debug_macro   0x00000000       0x28 ./src/lib/interrupt_manager.o
 .debug_macro   0x00000000       0x58 ./src/lib/interrupt_manager.o
 .debug_macro   0x00000000     0xdf8d ./src/lib/interrupt_manager.o
 .debug_macro   0x00000000      0x978 ./src/lib/interrupt_manager.o
 .debug_macro   0x00000000       0x22 ./src/lib/interrupt_manager.o
 .debug_line    0x00000000      0x34f ./src/lib/interrupt_manager.o
 .debug_str     0x00000000    0x62aa9 ./src/lib/interrupt_manager.o
 .comment       0x00000000       0x71 ./src/lib/interrupt_manager.o
 .debug_frame   0x00000000      0x1b8 ./src/lib/interrupt_manager.o
 .ARM.attributes
                0x00000000       0x33 ./src/lib/interrupt_manager.o
 .group         0x00000000        0x8 ./src/lib/gpio.o
 .group         0x00000000        0x8 ./src/lib/gpio.o
 .group         0x00000000        0x8 ./src/lib/gpio.o
 .group         0x00000000        0x8 ./src/lib/gpio.o
 .group         0x00000000        0x8 ./src/lib/gpio.o
 .group         0x00000000        0x8 ./src/lib/gpio.o
 .group         0x00000000        0x8 ./src/lib/gpio.o
 .group         0x00000000        0x8 ./src/lib/gpio.o
 .group         0x00000000        0x8 ./src/lib/gpio.o
 .group         0x00000000        0x8 ./src/lib/gpio.o
 .group         0x00000000        0x8 ./src/lib/gpio.o
 .group         0x00000000        0x8 ./src/lib/gpio.o
 .group         0x00000000        0x8 ./src/lib/gpio.o
 .group         0x00000000        0x8 ./src/lib/gpio.o
 .text          0x00000000        0x0 ./src/lib/gpio.o
 .data          0x00000000        0x0 ./src/lib/gpio.o
 .bss           0x00000000        0x0 ./src/lib/gpio.o
 .rodata.LED    0x00000000       0x10 ./src/lib/gpio.o
 .rodata.LED_BASE
                0x00000000       0x10 ./src/lib/gpio.o
 .rodata.DIP    0x00000000       0x10 ./src/lib/gpio.o
 .rodata.DIP_BASE
                0x00000000       0x10 ./src/lib/gpio.o
 .text.initGPDI
                0x00000000       0x54 ./src/lib/gpio.o
 .text.readGPIO
                0x00000000       0x38 ./src/lib/gpio.o
 .debug_macro   0x00000000      0x868 ./src/lib/gpio.o
 .debug_macro   0x00000000       0x52 ./src/lib/gpio.o
 .debug_macro   0x00000000       0xa0 ./src/lib/gpio.o
 .debug_macro   0x00000000       0x16 ./src/lib/gpio.o
 .debug_macro   0x00000000       0x19 ./src/lib/gpio.o
 .debug_macro   0x00000000       0x64 ./src/lib/gpio.o
 .debug_macro   0x00000000      0x185 ./src/lib/gpio.o
 .debug_macro   0x00000000      0x140 ./src/lib/gpio.o
 .debug_macro   0x00000000       0x9d ./src/lib/gpio.o
 .debug_macro   0x00000000       0x10 ./src/lib/gpio.o
 .debug_macro   0x00000000      0x15b ./src/lib/gpio.o
 .debug_macro   0x00000000       0x28 ./src/lib/gpio.o
 .debug_macro   0x00000000       0x58 ./src/lib/gpio.o
 .debug_macro   0x00000000     0xdf8d ./src/lib/gpio.o
 .group         0x00000000        0x8 ./src/lib/ecs.o
 .group         0x00000000        0x8 ./src/lib/ecs.o
 .group         0x00000000        0x8 ./src/lib/ecs.o
 .group         0x00000000        0x8 ./src/lib/ecs.o
 .group         0x00000000        0x8 ./src/lib/ecs.o
 .group         0x00000000        0x8 ./src/lib/ecs.o
 .group         0x00000000        0x8 ./src/lib/ecs.o
 .group         0x00000000        0x8 ./src/lib/ecs.o
 .group         0x00000000        0x8 ./src/lib/ecs.o
 .group         0x00000000        0x8 ./src/lib/ecs.o
 .group         0x00000000        0x8 ./src/lib/ecs.o
 .group         0x00000000        0x8 ./src/lib/ecs.o
 .group         0x00000000        0x8 ./src/lib/ecs.o
 .group         0x00000000        0x8 ./src/lib/ecs.o
 .group         0x00000000        0x8 ./src/lib/ecs.o
 .text          0x00000000        0x0 ./src/lib/ecs.o
 .data          0x00000000        0x0 ./src/lib/ecs.o
 .bss           0x00000000        0x0 ./src/lib/ecs.o
 .debug_macro   0x00000000      0x868 ./src/lib/ecs.o
 .debug_macro   0x00000000       0x52 ./src/lib/ecs.o
 .debug_macro   0x00000000       0xa0 ./src/lib/ecs.o
 .debug_macro   0x00000000       0x16 ./src/lib/ecs.o
 .debug_macro   0x00000000       0x19 ./src/lib/ecs.o
 .debug_macro   0x00000000       0x64 ./src/lib/ecs.o
 .debug_macro   0x00000000      0x185 ./src/lib/ecs.o
 .debug_macro   0x00000000      0x140 ./src/lib/ecs.o
 .debug_macro   0x00000000       0x9d ./src/lib/ecs.o
 .debug_macro   0x00000000       0x10 ./src/lib/ecs.o
 .debug_macro   0x00000000      0x15b ./src/lib/ecs.o
 .debug_macro   0x00000000       0x28 ./src/lib/ecs.o
 .debug_macro   0x00000000       0x58 ./src/lib/ecs.o
 .debug_macro   0x00000000     0xdf8d ./src/lib/ecs.o
 .group         0x00000000        0x8 ./src/lib/adc.o
 .group         0x00000000        0x8 ./src/lib/adc.o
 .group         0x00000000        0x8 ./src/lib/adc.o
 .group         0x00000000        0x8 ./src/lib/adc.o
 .group         0x00000000        0x8 ./src/lib/adc.o
 .group         0x00000000        0x8 ./src/lib/adc.o
 .group         0x00000000        0x8 ./src/lib/adc.o
 .group         0x00000000        0x8 ./src/lib/adc.o
 .group         0x00000000        0x8 ./src/lib/adc.o
 .group         0x00000000        0x8 ./src/lib/adc.o
 .group         0x00000000        0x8 ./src/lib/adc.o
 .group         0x00000000        0x8 ./src/lib/adc.o
 .group         0x00000000        0x8 ./src/lib/adc.o
 .group         0x00000000        0x8 ./src/lib/adc.o
 .text          0x00000000        0x0 ./src/lib/adc.o
 .data          0x00000000        0x0 ./src/lib/adc.o
 .bss           0x00000000        0x0 ./src/lib/adc.o
 .debug_macro   0x00000000      0x868 ./src/lib/adc.o
 .debug_macro   0x00000000       0x52 ./src/lib/adc.o
 .debug_macro   0x00000000       0xa0 ./src/lib/adc.o
 .debug_macro   0x00000000       0x16 ./src/lib/adc.o
 .debug_macro   0x00000000       0x19 ./src/lib/adc.o
 .debug_macro   0x00000000       0x64 ./src/lib/adc.o
 .debug_macro   0x00000000      0x185 ./src/lib/adc.o
 .debug_macro   0x00000000      0x140 ./src/lib/adc.o
 .debug_macro   0x00000000       0x9d ./src/lib/adc.o
 .debug_macro   0x00000000       0x10 ./src/lib/adc.o
 .debug_macro   0x00000000      0x15b ./src/lib/adc.o
 .debug_macro   0x00000000       0x28 ./src/lib/adc.o
 .debug_macro   0x00000000       0x58 ./src/lib/adc.o
 .debug_macro   0x00000000     0xdf8d ./src/lib/adc.o
 .group         0x00000000        0x8 ./src/lib/LPUART.o
 .group         0x00000000        0x8 ./src/lib/LPUART.o
 .group         0x00000000        0x8 ./src/lib/LPUART.o
 .group         0x00000000        0x8 ./src/lib/LPUART.o
 .group         0x00000000        0x8 ./src/lib/LPUART.o
 .group         0x00000000        0x8 ./src/lib/LPUART.o
 .group         0x00000000        0x8 ./src/lib/LPUART.o
 .group         0x00000000        0x8 ./src/lib/LPUART.o
 .group         0x00000000        0x8 ./src/lib/LPUART.o
 .group         0x00000000        0x8 ./src/lib/LPUART.o
 .group         0x00000000        0x8 ./src/lib/LPUART.o
 .group         0x00000000        0x8 ./src/lib/LPUART.o
 .group         0x00000000        0x8 ./src/lib/LPUART.o
 .group         0x00000000        0x8 ./src/lib/LPUART.o
 .text          0x00000000        0x0 ./src/lib/LPUART.o
 .data          0x00000000        0x0 ./src/lib/LPUART.o
 .bss           0x00000000        0x0 ./src/lib/LPUART.o
 .text.LPUART1_init
                0x00000000       0x5c ./src/lib/LPUART.o
 .text.LPUART1_transmit_char
                0x00000000       0x30 ./src/lib/LPUART.o
 .text.LPUART1_transmit_string
                0x00000000       0x34 ./src/lib/LPUART.o
 .text.LPUART1_receive_char
                0x00000000       0x48 ./src/lib/LPUART.o
 .text.LPUART1_recieve_and_echo_char
                0x00000000       0x28 ./src/lib/LPUART.o
 .debug_info    0x00000000      0x2fc ./src/lib/LPUART.o
 .debug_abbrev  0x00000000      0x155 ./src/lib/LPUART.o
 .debug_aranges
                0x00000000       0x40 ./src/lib/LPUART.o
 .debug_ranges  0x00000000       0x30 ./src/lib/LPUART.o
 .debug_macro   0x00000000       0xb0 ./src/lib/LPUART.o
 .debug_macro   0x00000000      0x868 ./src/lib/LPUART.o
 .debug_macro   0x00000000       0x52 ./src/lib/LPUART.o
 .debug_macro   0x00000000       0xa0 ./src/lib/LPUART.o
 .debug_macro   0x00000000       0x16 ./src/lib/LPUART.o
 .debug_macro   0x00000000       0x19 ./src/lib/LPUART.o
 .debug_macro   0x00000000       0x64 ./src/lib/LPUART.o
 .debug_macro   0x00000000      0x185 ./src/lib/LPUART.o
 .debug_macro   0x00000000      0x140 ./src/lib/LPUART.o
 .debug_macro   0x00000000       0x9d ./src/lib/LPUART.o
 .debug_macro   0x00000000       0x10 ./src/lib/LPUART.o
 .debug_macro   0x00000000      0x15b ./src/lib/LPUART.o
 .debug_macro   0x00000000       0x28 ./src/lib/LPUART.o
 .debug_macro   0x00000000       0x58 ./src/lib/LPUART.o
 .debug_macro   0x00000000     0xdf8d ./src/lib/LPUART.o
 .debug_line    0x00000000      0x26f ./src/lib/LPUART.o
 .debug_str     0x00000000    0x5dd87 ./src/lib/LPUART.o
 .comment       0x00000000       0x71 ./src/lib/LPUART.o
 .debug_frame   0x00000000       0xc8 ./src/lib/LPUART.o
 .ARM.attributes
                0x00000000       0x33 ./src/lib/LPUART.o
 .group         0x00000000        0x8 ./src/lab3/lab3.o
 .group         0x00000000        0x8 ./src/lab3/lab3.o
 .group         0x00000000        0x8 ./src/lab3/lab3.o
 .group         0x00000000        0x8 ./src/lab3/lab3.o
 .group         0x00000000        0x8 ./src/lab3/lab3.o
 .group         0x00000000        0x8 ./src/lab3/lab3.o
 .group         0x00000000        0x8 ./src/lab3/lab3.o
 .group         0x00000000        0x8 ./src/lab3/lab3.o
 .group         0x00000000        0x8 ./src/lab3/lab3.o
 .group         0x00000000        0x8 ./src/lab3/lab3.o
 .group         0x00000000        0x8 ./src/lab3/lab3.o
 .group         0x00000000        0x8 ./src/lab3/lab3.o
 .group         0x00000000        0x8 ./src/lab3/lab3.o
 .group         0x00000000        0x8 ./src/lab3/lab3.o
 .group         0x00000000        0x8 ./src/lab3/lab3.o
 .text          0x00000000        0x0 ./src/lab3/lab3.o
 .data          0x00000000        0x0 ./src/lab3/lab3.o
 .bss           0x00000000        0x0 ./src/lab3/lab3.o
 .bss.LED_state
                0x00000000        0x1 ./src/lab3/lab3.o
 .debug_macro   0x00000000      0x868 ./src/lab3/lab3.o
 .debug_macro   0x00000000       0x52 ./src/lab3/lab3.o
 .debug_macro   0x00000000       0xa0 ./src/lab3/lab3.o
 .debug_macro   0x00000000       0x16 ./src/lab3/lab3.o
 .debug_macro   0x00000000       0x40 ./src/lab3/lab3.o
 .debug_macro   0x00000000       0x19 ./src/lab3/lab3.o
 .debug_macro   0x00000000       0x64 ./src/lab3/lab3.o
 .debug_macro   0x00000000      0x185 ./src/lab3/lab3.o
 .debug_macro   0x00000000      0x140 ./src/lab3/lab3.o
 .debug_macro   0x00000000       0x9d ./src/lab3/lab3.o
 .debug_macro   0x00000000       0x10 ./src/lab3/lab3.o
 .debug_macro   0x00000000      0x15b ./src/lab3/lab3.o
 .debug_macro   0x00000000       0x28 ./src/lab3/lab3.o
 .debug_macro   0x00000000       0x58 ./src/lab3/lab3.o
 .debug_macro   0x00000000     0xdf8d ./src/lab3/lab3.o
 .group         0x00000000        0x8 ./Project_Settings/Startup_Code/system_S32K144.o
 .group         0x00000000        0x8 ./Project_Settings/Startup_Code/system_S32K144.o
 .group         0x00000000        0x8 ./Project_Settings/Startup_Code/system_S32K144.o
 .group         0x00000000        0x8 ./Project_Settings/Startup_Code/system_S32K144.o
 .group         0x00000000        0x8 ./Project_Settings/Startup_Code/system_S32K144.o
 .group         0x00000000        0x8 ./Project_Settings/Startup_Code/system_S32K144.o
 .group         0x00000000        0x8 ./Project_Settings/Startup_Code/system_S32K144.o
 .group         0x00000000        0x8 ./Project_Settings/Startup_Code/system_S32K144.o
 .group         0x00000000        0x8 ./Project_Settings/Startup_Code/system_S32K144.o
 .group         0x00000000        0x8 ./Project_Settings/Startup_Code/system_S32K144.o
 .group         0x00000000        0x8 ./Project_Settings/Startup_Code/system_S32K144.o
 .group         0x00000000        0x8 ./Project_Settings/Startup_Code/system_S32K144.o
 .group         0x00000000        0x8 ./Project_Settings/Startup_Code/system_S32K144.o
 .group         0x00000000        0x8 ./Project_Settings/Startup_Code/system_S32K144.o
 .group         0x00000000        0x8 ./Project_Settings/Startup_Code/system_S32K144.o
 .group         0x00000000        0x8 ./Project_Settings/Startup_Code/system_S32K144.o
 .group         0x00000000        0x8 ./Project_Settings/Startup_Code/system_S32K144.o
 .group         0x00000000        0x8 ./Project_Settings/Startup_Code/system_S32K144.o
 .group         0x00000000        0x8 ./Project_Settings/Startup_Code/system_S32K144.o
 .text          0x00000000        0x0 ./Project_Settings/Startup_Code/system_S32K144.o
 .data          0x00000000        0x0 ./Project_Settings/Startup_Code/system_S32K144.o
 .bss           0x00000000        0x0 ./Project_Settings/Startup_Code/system_S32K144.o
 .data.SystemCoreClock
                0x00000000        0x4 ./Project_Settings/Startup_Code/system_S32K144.o
 .text.SystemCoreClockUpdate
                0x00000000       0xf4 ./Project_Settings/Startup_Code/system_S32K144.o
 .text.SystemSoftwareReset
                0x00000000       0x40 ./Project_Settings/Startup_Code/system_S32K144.o
 .rodata.fircFreq.5043
                0x00000000       0x10 ./Project_Settings/Startup_Code/system_S32K144.o
 .debug_macro   0x00000000      0x868 ./Project_Settings/Startup_Code/system_S32K144.o
 .debug_macro   0x00000000       0x52 ./Project_Settings/Startup_Code/system_S32K144.o
 .debug_macro   0x00000000       0xa0 ./Project_Settings/Startup_Code/system_S32K144.o
 .debug_macro   0x00000000       0x16 ./Project_Settings/Startup_Code/system_S32K144.o
 .debug_macro   0x00000000       0x10 ./Project_Settings/Startup_Code/system_S32K144.o
 .debug_macro   0x00000000       0x6d ./Project_Settings/Startup_Code/system_S32K144.o
 .debug_macro   0x00000000       0x19 ./Project_Settings/Startup_Code/system_S32K144.o
 .debug_macro   0x00000000       0x64 ./Project_Settings/Startup_Code/system_S32K144.o
 .debug_macro   0x00000000      0x185 ./Project_Settings/Startup_Code/system_S32K144.o
 .debug_macro   0x00000000      0x140 ./Project_Settings/Startup_Code/system_S32K144.o
 .debug_macro   0x00000000       0x9d ./Project_Settings/Startup_Code/system_S32K144.o
 .debug_macro   0x00000000       0x10 ./Project_Settings/Startup_Code/system_S32K144.o
 .debug_macro   0x00000000      0x15b ./Project_Settings/Startup_Code/system_S32K144.o
 .debug_macro   0x00000000       0x28 ./Project_Settings/Startup_Code/system_S32K144.o
 .debug_macro   0x00000000       0x58 ./Project_Settings/Startup_Code/system_S32K144.o
 .debug_macro   0x00000000     0xdf8d ./Project_Settings/Startup_Code/system_S32K144.o
 .debug_macro   0x00000000      0x978 ./Project_Settings/Startup_Code/system_S32K144.o
 .debug_macro   0x00000000       0x22 ./Project_Settings/Startup_Code/system_S32K144.o
 .data          0x00000000        0x0 ./Project_Settings/Startup_Code/startup_S32K144.o
 .bss           0x00000000        0x0 ./Project_Settings/Startup_Code/startup_S32K144.o
 .group         0x00000000        0x8 ./Project_Settings/Startup_Code/startup.o
 .group         0x00000000        0x8 ./Project_Settings/Startup_Code/startup.o
 .group         0x00000000        0x8 ./Project_Settings/Startup_Code/startup.o
 .group         0x00000000        0x8 ./Project_Settings/Startup_Code/startup.o
 .group         0x00000000        0x8 ./Project_Settings/Startup_Code/startup.o
 .group         0x00000000        0x8 ./Project_Settings/Startup_Code/startup.o
 .group         0x00000000        0x8 ./Project_Settings/Startup_Code/startup.o
 .group         0x00000000        0x8 ./Project_Settings/Startup_Code/startup.o
 .group         0x00000000        0x8 ./Project_Settings/Startup_Code/startup.o
 .group         0x00000000        0x8 ./Project_Settings/Startup_Code/startup.o
 .group         0x00000000        0x8 ./Project_Settings/Startup_Code/startup.o
 .group         0x00000000        0x8 ./Project_Settings/Startup_Code/startup.o
 .group         0x00000000        0x8 ./Project_Settings/Startup_Code/startup.o
 .group         0x00000000        0x8 ./Project_Settings/Startup_Code/startup.o
 .group         0x00000000        0x8 ./Project_Settings/Startup_Code/startup.o
 .group         0x00000000        0x8 ./Project_Settings/Startup_Code/startup.o
 .group         0x00000000        0x8 ./Project_Settings/Startup_Code/startup.o
 .group         0x00000000        0x8 ./Project_Settings/Startup_Code/startup.o
 .text          0x00000000        0x0 ./Project_Settings/Startup_Code/startup.o
 .data          0x00000000        0x0 ./Project_Settings/Startup_Code/startup.o
 .bss           0x00000000        0x0 ./Project_Settings/Startup_Code/startup.o
 .debug_macro   0x00000000      0x868 ./Project_Settings/Startup_Code/startup.o
 .debug_macro   0x00000000       0x52 ./Project_Settings/Startup_Code/startup.o
 .debug_macro   0x00000000       0xa0 ./Project_Settings/Startup_Code/startup.o
 .debug_macro   0x00000000       0x16 ./Project_Settings/Startup_Code/startup.o
 .debug_macro   0x00000000       0x10 ./Project_Settings/Startup_Code/startup.o
 .debug_macro   0x00000000       0x6d ./Project_Settings/Startup_Code/startup.o
 .debug_macro   0x00000000       0x19 ./Project_Settings/Startup_Code/startup.o
 .debug_macro   0x00000000       0x64 ./Project_Settings/Startup_Code/startup.o
 .debug_macro   0x00000000      0x185 ./Project_Settings/Startup_Code/startup.o
 .debug_macro   0x00000000      0x140 ./Project_Settings/Startup_Code/startup.o
 .debug_macro   0x00000000       0x9d ./Project_Settings/Startup_Code/startup.o
 .debug_macro   0x00000000       0x10 ./Project_Settings/Startup_Code/startup.o
 .debug_macro   0x00000000      0x15b ./Project_Settings/Startup_Code/startup.o
 .debug_macro   0x00000000       0x28 ./Project_Settings/Startup_Code/startup.o
 .debug_macro   0x00000000       0x58 ./Project_Settings/Startup_Code/startup.o
 .debug_macro   0x00000000     0xdf8d ./Project_Settings/Startup_Code/startup.o
 .debug_macro   0x00000000      0x978 ./Project_Settings/Startup_Code/startup.o
 .debug_macro   0x00000000       0x22 ./Project_Settings/Startup_Code/startup.o
 .text          0x00000000        0x0 C:/NXP/S32DS_ARM_v2018.R1/S32DS/arm_ewl2/lib/armv7e-m\libc99.a(exit.o)
 .data          0x00000000        0x0 C:/NXP/S32DS_ARM_v2018.R1/S32DS/arm_ewl2/lib/armv7e-m\libc99.a(exit.o)
 .bss           0x00000000        0x0 C:/NXP/S32DS_ARM_v2018.R1/S32DS/arm_ewl2/lib/armv7e-m\libc99.a(exit.o)
 .text.exit     0x00000000       0x38 C:/NXP/S32DS_ARM_v2018.R1/S32DS/arm_ewl2/lib/armv7e-m\libc99.a(exit.o)
 .text._Exit    0x00000000        0x4 C:/NXP/S32DS_ARM_v2018.R1/S32DS/arm_ewl2/lib/armv7e-m\libc99.a(exit.o)
 .bss.__stdio_exit
                0x00000000        0x4 C:/NXP/S32DS_ARM_v2018.R1/S32DS/arm_ewl2/lib/armv7e-m\libc99.a(exit.o)
 .bss.__console_exit
                0x00000000        0x4 C:/NXP/S32DS_ARM_v2018.R1/S32DS/arm_ewl2/lib/armv7e-m\libc99.a(exit.o)
 .debug_info    0x00000000      0x111 C:/NXP/S32DS_ARM_v2018.R1/S32DS/arm_ewl2/lib/armv7e-m\libc99.a(exit.o)
 .debug_abbrev  0x00000000       0x91 C:/NXP/S32DS_ARM_v2018.R1/S32DS/arm_ewl2/lib/armv7e-m\libc99.a(exit.o)
 .debug_loc     0x00000000       0x5d C:/NXP/S32DS_ARM_v2018.R1/S32DS/arm_ewl2/lib/armv7e-m\libc99.a(exit.o)
 .debug_aranges
                0x00000000       0x28 C:/NXP/S32DS_ARM_v2018.R1/S32DS/arm_ewl2/lib/armv7e-m\libc99.a(exit.o)
 .debug_line    0x00000000       0xa4 C:/NXP/S32DS_ARM_v2018.R1/S32DS/arm_ewl2/lib/armv7e-m\libc99.a(exit.o)
 .debug_str     0x00000000      0x23c C:/NXP/S32DS_ARM_v2018.R1/S32DS/arm_ewl2/lib/armv7e-m\libc99.a(exit.o)
 .comment       0x00000000       0x71 C:/NXP/S32DS_ARM_v2018.R1/S32DS/arm_ewl2/lib/armv7e-m\libc99.a(exit.o)
 .debug_frame   0x00000000       0x3c C:/NXP/S32DS_ARM_v2018.R1/S32DS/arm_ewl2/lib/armv7e-m\libc99.a(exit.o)
 .ARM.attributes
                0x00000000       0x33 C:/NXP/S32DS_ARM_v2018.R1/S32DS/arm_ewl2/lib/armv7e-m\libc99.a(exit.o)
 .text          0x00000000        0x0 C:/NXP/S32DS_ARM_v2018.R1/S32DS/arm_ewl2/lib/armv7e-m\libc99.a(memset.o)
 .data          0x00000000        0x0 C:/NXP/S32DS_ARM_v2018.R1/S32DS/arm_ewl2/lib/armv7e-m\libc99.a(memset.o)
 .bss           0x00000000        0x0 C:/NXP/S32DS_ARM_v2018.R1/S32DS/arm_ewl2/lib/armv7e-m\libc99.a(memset.o)
 .text.memset   0x00000000        0xc C:/NXP/S32DS_ARM_v2018.R1/S32DS/arm_ewl2/lib/armv7e-m\libc99.a(memset.o)
 .debug_info    0x00000000       0xec C:/NXP/S32DS_ARM_v2018.R1/S32DS/arm_ewl2/lib/armv7e-m\libc99.a(memset.o)
 .debug_abbrev  0x00000000       0x62 C:/NXP/S32DS_ARM_v2018.R1/S32DS/arm_ewl2/lib/armv7e-m\libc99.a(memset.o)
 .debug_loc     0x00000000       0x64 C:/NXP/S32DS_ARM_v2018.R1/S32DS/arm_ewl2/lib/armv7e-m\libc99.a(memset.o)
 .debug_aranges
                0x00000000       0x20 C:/NXP/S32DS_ARM_v2018.R1/S32DS/arm_ewl2/lib/armv7e-m\libc99.a(memset.o)
 .debug_line    0x00000000       0x8f C:/NXP/S32DS_ARM_v2018.R1/S32DS/arm_ewl2/lib/armv7e-m\libc99.a(memset.o)
 .debug_str     0x00000000      0x21f C:/NXP/S32DS_ARM_v2018.R1/S32DS/arm_ewl2/lib/armv7e-m\libc99.a(memset.o)
 .comment       0x00000000       0x71 C:/NXP/S32DS_ARM_v2018.R1/S32DS/arm_ewl2/lib/armv7e-m\libc99.a(memset.o)
 .debug_frame   0x00000000       0x28 C:/NXP/S32DS_ARM_v2018.R1/S32DS/arm_ewl2/lib/armv7e-m\libc99.a(memset.o)
 .ARM.attributes
                0x00000000       0x33 C:/NXP/S32DS_ARM_v2018.R1/S32DS/arm_ewl2/lib/armv7e-m\libc99.a(memset.o)
 .text          0x00000000        0x0 C:/NXP/S32DS_ARM_v2018.R1/S32DS/arm_ewl2/lib/armv7e-m\libc99.a(__filll_mem.o)
 .data          0x00000000        0x0 C:/NXP/S32DS_ARM_v2018.R1/S32DS/arm_ewl2/lib/armv7e-m\libc99.a(__filll_mem.o)
 .bss           0x00000000        0x0 C:/NXP/S32DS_ARM_v2018.R1/S32DS/arm_ewl2/lib/armv7e-m\libc99.a(__filll_mem.o)
 .text.__fill_mem
                0x00000000       0x7a C:/NXP/S32DS_ARM_v2018.R1/S32DS/arm_ewl2/lib/armv7e-m\libc99.a(__filll_mem.o)
 .debug_info    0x00000000      0x137 C:/NXP/S32DS_ARM_v2018.R1/S32DS/arm_ewl2/lib/armv7e-m\libc99.a(__filll_mem.o)
 .debug_abbrev  0x00000000       0x78 C:/NXP/S32DS_ARM_v2018.R1/S32DS/arm_ewl2/lib/armv7e-m\libc99.a(__filll_mem.o)
 .debug_loc     0x00000000      0x16b C:/NXP/S32DS_ARM_v2018.R1/S32DS/arm_ewl2/lib/armv7e-m\libc99.a(__filll_mem.o)
 .debug_aranges
                0x00000000       0x20 C:/NXP/S32DS_ARM_v2018.R1/S32DS/arm_ewl2/lib/armv7e-m\libc99.a(__filll_mem.o)
 .debug_line    0x00000000       0xb2 C:/NXP/S32DS_ARM_v2018.R1/S32DS/arm_ewl2/lib/armv7e-m\libc99.a(__filll_mem.o)
 .debug_str     0x00000000      0x231 C:/NXP/S32DS_ARM_v2018.R1/S32DS/arm_ewl2/lib/armv7e-m\libc99.a(__filll_mem.o)
 .comment       0x00000000       0x71 C:/NXP/S32DS_ARM_v2018.R1/S32DS/arm_ewl2/lib/armv7e-m\libc99.a(__filll_mem.o)
 .debug_frame   0x00000000       0x28 C:/NXP/S32DS_ARM_v2018.R1/S32DS/arm_ewl2/lib/armv7e-m\libc99.a(__filll_mem.o)
 .ARM.attributes
                0x00000000       0x33 C:/NXP/S32DS_ARM_v2018.R1/S32DS/arm_ewl2/lib/armv7e-m\libc99.a(__filll_mem.o)
 .data          0x00000000        0x0 c:/nxp/s32ds_arm_v2018.r1/cross_tools/gcc-arm-none-eabi-4_9/bin/../lib/gcc/arm-none-eabi/4.9.3/armv7e-m\libgcc.a(_arm_addsubsf3.o)
 .bss           0x00000000        0x0 c:/nxp/s32ds_arm_v2018.r1/cross_tools/gcc-arm-none-eabi-4_9/bin/../lib/gcc/arm-none-eabi/4.9.3/armv7e-m\libgcc.a(_arm_addsubsf3.o)
 .data          0x00000000        0x0 c:/nxp/s32ds_arm_v2018.r1/cross_tools/gcc-arm-none-eabi-4_9/bin/../lib/gcc/arm-none-eabi/4.9.3/armv7e-m\libgcc.a(_arm_muldivsf3.o)
 .bss           0x00000000        0x0 c:/nxp/s32ds_arm_v2018.r1/cross_tools/gcc-arm-none-eabi-4_9/bin/../lib/gcc/arm-none-eabi/4.9.3/armv7e-m\libgcc.a(_arm_muldivsf3.o)
 .data          0x00000000        0x0 c:/nxp/s32ds_arm_v2018.r1/cross_tools/gcc-arm-none-eabi-4_9/bin/../lib/gcc/arm-none-eabi/4.9.3/armv7e-m\libgcc.a(_arm_fixunssfsi.o)
 .bss           0x00000000        0x0 c:/nxp/s32ds_arm_v2018.r1/cross_tools/gcc-arm-none-eabi-4_9/bin/../lib/gcc/arm-none-eabi/4.9.3/armv7e-m\libgcc.a(_arm_fixunssfsi.o)
 .text          0x00000000        0x0 C:/NXP/S32DS_ARM_v2018.R1/S32DS/arm_ewl2/lib/armv7e-m\librt.a(gcc_ctor_dtor.o)
 .data          0x00000000        0x0 C:/NXP/S32DS_ARM_v2018.R1/S32DS/arm_ewl2/lib/armv7e-m\librt.a(gcc_ctor_dtor.o)
 .bss           0x00000000        0x0 C:/NXP/S32DS_ARM_v2018.R1/S32DS/arm_ewl2/lib/armv7e-m\librt.a(gcc_ctor_dtor.o)
 .text.__init_cpp
                0x00000000       0x4c C:/NXP/S32DS_ARM_v2018.R1/S32DS/arm_ewl2/lib/armv7e-m\librt.a(gcc_ctor_dtor.o)
 .text.__fini_cpp
                0x00000000       0x34 C:/NXP/S32DS_ARM_v2018.R1/S32DS/arm_ewl2/lib/armv7e-m\librt.a(gcc_ctor_dtor.o)
 .text._ExitProcess
                0x00000000        0x2 C:/NXP/S32DS_ARM_v2018.R1/S32DS/arm_ewl2/lib/armv7e-m\librt.a(gcc_ctor_dtor.o)
 .bss.__dso_handle
                0x00000000        0x4 C:/NXP/S32DS_ARM_v2018.R1/S32DS/arm_ewl2/lib/armv7e-m\librt.a(gcc_ctor_dtor.o)
 .debug_info    0x00000000      0x14a C:/NXP/S32DS_ARM_v2018.R1/S32DS/arm_ewl2/lib/armv7e-m\librt.a(gcc_ctor_dtor.o)
 .debug_abbrev  0x00000000       0xae C:/NXP/S32DS_ARM_v2018.R1/S32DS/arm_ewl2/lib/armv7e-m\librt.a(gcc_ctor_dtor.o)
 .debug_loc     0x00000000       0x9d C:/NXP/S32DS_ARM_v2018.R1/S32DS/arm_ewl2/lib/armv7e-m\librt.a(gcc_ctor_dtor.o)
 .debug_aranges
                0x00000000       0x30 C:/NXP/S32DS_ARM_v2018.R1/S32DS/arm_ewl2/lib/armv7e-m\librt.a(gcc_ctor_dtor.o)
 .debug_line    0x00000000       0x74 C:/NXP/S32DS_ARM_v2018.R1/S32DS/arm_ewl2/lib/armv7e-m\librt.a(gcc_ctor_dtor.o)
 .debug_str     0x00000000      0x28e C:/NXP/S32DS_ARM_v2018.R1/S32DS/arm_ewl2/lib/armv7e-m\librt.a(gcc_ctor_dtor.o)
 .comment       0x00000000       0x71 C:/NXP/S32DS_ARM_v2018.R1/S32DS/arm_ewl2/lib/armv7e-m\librt.a(gcc_ctor_dtor.o)
 .debug_frame   0x00000000       0x50 C:/NXP/S32DS_ARM_v2018.R1/S32DS/arm_ewl2/lib/armv7e-m\librt.a(gcc_ctor_dtor.o)
 .ARM.attributes
                0x00000000       0x33 C:/NXP/S32DS_ARM_v2018.R1/S32DS/arm_ewl2/lib/armv7e-m\librt.a(gcc_ctor_dtor.o)
 .text          0x00000000        0x0 C:/NXP/S32DS_ARM_v2018.R1/S32DS/arm_ewl2/lib/armv7e-m\librt.a(__arm_eabi_init.o)
 .data          0x00000000        0x0 C:/NXP/S32DS_ARM_v2018.R1/S32DS/arm_ewl2/lib/armv7e-m\librt.a(__arm_eabi_init.o)
 .bss           0x00000000        0x0 C:/NXP/S32DS_ARM_v2018.R1/S32DS/arm_ewl2/lib/armv7e-m\librt.a(__arm_eabi_init.o)
 .text.__destroy_global_chain
                0x00000000       0x18 C:/NXP/S32DS_ARM_v2018.R1/S32DS/arm_ewl2/lib/armv7e-m\librt.a(__arm_eabi_init.o)
 .text.__register_global_object
                0x00000000       0x14 C:/NXP/S32DS_ARM_v2018.R1/S32DS/arm_ewl2/lib/armv7e-m\librt.a(__arm_eabi_init.o)
 .text.__cxa_atexit
                0x00000000       0x38 C:/NXP/S32DS_ARM_v2018.R1/S32DS/arm_ewl2/lib/armv7e-m\librt.a(__arm_eabi_init.o)
 .text.__aeabi_atexit
                0x00000000        0xa C:/NXP/S32DS_ARM_v2018.R1/S32DS/arm_ewl2/lib/armv7e-m\librt.a(__arm_eabi_init.o)
 .text.__register_atexit
                0x00000000        0x8 C:/NXP/S32DS_ARM_v2018.R1/S32DS/arm_ewl2/lib/armv7e-m\librt.a(__arm_eabi_init.o)
 .text.__init_registers
                0x00000000       0x20 C:/NXP/S32DS_ARM_v2018.R1/S32DS/arm_ewl2/lib/armv7e-m\librt.a(__arm_eabi_init.o)
 .text.__init_hardware
                0x00000000        0x4 C:/NXP/S32DS_ARM_v2018.R1/S32DS/arm_ewl2/lib/armv7e-m\librt.a(__arm_eabi_init.o)
 .text.__init_user
                0x00000000        0x4 C:/NXP/S32DS_ARM_v2018.R1/S32DS/arm_ewl2/lib/armv7e-m\librt.a(__arm_eabi_init.o)
 .bss.atexit_curr_func
                0x00000000        0x4 C:/NXP/S32DS_ARM_v2018.R1/S32DS/arm_ewl2/lib/armv7e-m\librt.a(__arm_eabi_init.o)
 .bss.atexit_funcs
                0x00000000      0x300 C:/NXP/S32DS_ARM_v2018.R1/S32DS/arm_ewl2/lib/armv7e-m\librt.a(__arm_eabi_init.o)
 .bss.__global_destructor_chain
                0x00000000        0x4 C:/NXP/S32DS_ARM_v2018.R1/S32DS/arm_ewl2/lib/armv7e-m\librt.a(__arm_eabi_init.o)
 .debug_info    0x00000000      0x2b3 C:/NXP/S32DS_ARM_v2018.R1/S32DS/arm_ewl2/lib/armv7e-m\librt.a(__arm_eabi_init.o)
 .debug_abbrev  0x00000000      0x1d3 C:/NXP/S32DS_ARM_v2018.R1/S32DS/arm_ewl2/lib/armv7e-m\librt.a(__arm_eabi_init.o)
 .debug_loc     0x00000000      0x144 C:/NXP/S32DS_ARM_v2018.R1/S32DS/arm_ewl2/lib/armv7e-m\librt.a(__arm_eabi_init.o)
 .debug_aranges
                0x00000000       0x58 C:/NXP/S32DS_ARM_v2018.R1/S32DS/arm_ewl2/lib/armv7e-m\librt.a(__arm_eabi_init.o)
 .debug_line    0x00000000      0x107 C:/NXP/S32DS_ARM_v2018.R1/S32DS/arm_ewl2/lib/armv7e-m\librt.a(__arm_eabi_init.o)
 .debug_str     0x00000000      0x2b5 C:/NXP/S32DS_ARM_v2018.R1/S32DS/arm_ewl2/lib/armv7e-m\librt.a(__arm_eabi_init.o)
 .comment       0x00000000       0x71 C:/NXP/S32DS_ARM_v2018.R1/S32DS/arm_ewl2/lib/armv7e-m\librt.a(__arm_eabi_init.o)
 .debug_frame   0x00000000       0xac C:/NXP/S32DS_ARM_v2018.R1/S32DS/arm_ewl2/lib/armv7e-m\librt.a(__arm_eabi_init.o)
 .ARM.attributes
                0x00000000       0x33 C:/NXP/S32DS_ARM_v2018.R1/S32DS/arm_ewl2/lib/armv7e-m\librt.a(__arm_eabi_init.o)
 .text          0x00000000        0x0 C:/NXP/S32DS_ARM_v2018.R1/S32DS/arm_ewl2/lib/armv7e-m\librt.a(ROMCopy.o)
 .data          0x00000000        0x0 C:/NXP/S32DS_ARM_v2018.R1/S32DS/arm_ewl2/lib/armv7e-m\librt.a(ROMCopy.o)
 .bss           0x00000000        0x0 C:/NXP/S32DS_ARM_v2018.R1/S32DS/arm_ewl2/lib/armv7e-m\librt.a(ROMCopy.o)
 .text.__flush_cache
                0x00000000        0x2 C:/NXP/S32DS_ARM_v2018.R1/S32DS/arm_ewl2/lib/armv7e-m\librt.a(ROMCopy.o)
 .text.__copy_rom_section
                0x00000000       0x42 C:/NXP/S32DS_ARM_v2018.R1/S32DS/arm_ewl2/lib/armv7e-m\librt.a(ROMCopy.o)
 .text.__copy_rom_sections_to_ram
                0x00000000       0x28 C:/NXP/S32DS_ARM_v2018.R1/S32DS/arm_ewl2/lib/armv7e-m\librt.a(ROMCopy.o)
 .debug_info    0x00000000      0x20e C:/NXP/S32DS_ARM_v2018.R1/S32DS/arm_ewl2/lib/armv7e-m\librt.a(ROMCopy.o)
 .debug_abbrev  0x00000000      0x11f C:/NXP/S32DS_ARM_v2018.R1/S32DS/arm_ewl2/lib/armv7e-m\librt.a(ROMCopy.o)
 .debug_loc     0x00000000       0xb3 C:/NXP/S32DS_ARM_v2018.R1/S32DS/arm_ewl2/lib/armv7e-m\librt.a(ROMCopy.o)
 .debug_aranges
                0x00000000       0x30 C:/NXP/S32DS_ARM_v2018.R1/S32DS/arm_ewl2/lib/armv7e-m\librt.a(ROMCopy.o)
 .debug_line    0x00000000       0x9e C:/NXP/S32DS_ARM_v2018.R1/S32DS/arm_ewl2/lib/armv7e-m\librt.a(ROMCopy.o)
 .debug_str     0x00000000      0x233 C:/NXP/S32DS_ARM_v2018.R1/S32DS/arm_ewl2/lib/armv7e-m\librt.a(ROMCopy.o)
 .comment       0x00000000       0x71 C:/NXP/S32DS_ARM_v2018.R1/S32DS/arm_ewl2/lib/armv7e-m\librt.a(ROMCopy.o)
 .debug_frame   0x00000000       0x48 C:/NXP/S32DS_ARM_v2018.R1/S32DS/arm_ewl2/lib/armv7e-m\librt.a(ROMCopy.o)
 .ARM.attributes
                0x00000000       0x33 C:/NXP/S32DS_ARM_v2018.R1/S32DS/arm_ewl2/lib/armv7e-m\librt.a(ROMCopy.o)
 .text          0x00000000        0x0 C:/NXP/S32DS_ARM_v2018.R1/S32DS/arm_ewl2/lib/armv7e-m/__arm_end.o
 .data          0x00000000        0x0 C:/NXP/S32DS_ARM_v2018.R1/S32DS/arm_ewl2/lib/armv7e-m/__arm_end.o
 .bss           0x00000000        0x0 C:/NXP/S32DS_ARM_v2018.R1/S32DS/arm_ewl2/lib/armv7e-m/__arm_end.o
 .text._ExitProcess
                0x00000000        0x2 C:/NXP/S32DS_ARM_v2018.R1/S32DS/arm_ewl2/lib/armv7e-m/__arm_end.o
 .debug_info    0x00000000       0x4e C:/NXP/S32DS_ARM_v2018.R1/S32DS/arm_ewl2/lib/armv7e-m/__arm_end.o
 .debug_abbrev  0x00000000       0x4a C:/NXP/S32DS_ARM_v2018.R1/S32DS/arm_ewl2/lib/armv7e-m/__arm_end.o
 .debug_aranges
                0x00000000       0x20 C:/NXP/S32DS_ARM_v2018.R1/S32DS/arm_ewl2/lib/armv7e-m/__arm_end.o
 .debug_line    0x00000000       0x45 C:/NXP/S32DS_ARM_v2018.R1/S32DS/arm_ewl2/lib/armv7e-m/__arm_end.o
 .debug_str     0x00000000      0x1a7 C:/NXP/S32DS_ARM_v2018.R1/S32DS/arm_ewl2/lib/armv7e-m/__arm_end.o
 .comment       0x00000000       0x71 C:/NXP/S32DS_ARM_v2018.R1/S32DS/arm_ewl2/lib/armv7e-m/__arm_end.o
 .debug_frame   0x00000000       0x20 C:/NXP/S32DS_ARM_v2018.R1/S32DS/arm_ewl2/lib/armv7e-m/__arm_end.o
 .ARM.attributes
                0x00000000       0x33 C:/NXP/S32DS_ARM_v2018.R1/S32DS/arm_ewl2/lib/armv7e-m/__arm_end.o

Memory Configuration

Name             Origin             Length             Attributes
m_interrupts     0x00000000         0x00000400         xr
m_flash_config   0x00000400         0x00000010         xr
m_text           0x00000410         0x0007fbf0         xr
m_data           0x1fff8000         0x00008000         rw
m_data_2         0x20000000         0x00007000         rw
*default*        0x00000000         0xffffffff

Linker script and memory map

LOAD C:/NXP/S32DS_ARM_v2018.R1/S32DS/arm_ewl2/lib/armv7e-m/__arm_start.o
LOAD ./src/lib/interrupt_manager.o
LOAD ./src/lib/gpio.o
LOAD ./src/lib/ecs.o
LOAD ./src/lib/adc.o
LOAD ./src/lib/LPUART.o
LOAD ./src/lab3/lab3.o
LOAD ./Project_Settings/Startup_Code/system_S32K144.o
LOAD ./Project_Settings/Startup_Code/startup_S32K144.o
LOAD ./Project_Settings/Startup_Code/startup.o
START GROUP
LOAD C:/NXP/S32DS_ARM_v2018.R1/S32DS/arm_ewl2/lib/armv7e-m\libc99.a
LOAD C:/NXP/S32DS_ARM_v2018.R1/S32DS/arm_ewl2/lib/armv7e-m\libm.a
LOAD c:/nxp/s32ds_arm_v2018.r1/cross_tools/gcc-arm-none-eabi-4_9/bin/../lib/gcc/arm-none-eabi/4.9.3/armv7e-m\libgcc.a
LOAD C:/NXP/S32DS_ARM_v2018.R1/S32DS/arm_ewl2/lib/armv7e-m\librt.a
LOAD C:/NXP/S32DS_ARM_v2018.R1/S32DS/arm_ewl2/lib/armv7e-m\libnoio.a
END GROUP
LOAD C:/NXP/S32DS_ARM_v2018.R1/S32DS/arm_ewl2/lib/armv7e-m/__arm_end.o
                0x00000400                HEAP_SIZE = DEFINED (__heap_size__)?__heap_size__:0x400
                0x00000400                STACK_SIZE = DEFINED (__stack_size__)?__stack_size__:0x400
                0x00000400                M_VECTOR_RAM_SIZE = DEFINED (__flash_vector_table__)?0x0:0x400

.interrupts     0x00000000      0x400
                0x00000000                __VECTOR_TABLE = .
                0x00000000                . = ALIGN (0x4)
 *(.isr_vector)
 .isr_vector    0x00000000      0x400 ./Project_Settings/Startup_Code/startup_S32K144.o
                0x00000000                __isr_vector
                0x00000400                . = ALIGN (0x4)

.flash_config   0x00000400       0x10
                0x00000400                . = ALIGN (0x4)
 *(.FlashConfig)
 .FlashConfig   0x00000400       0x10 ./Project_Settings/Startup_Code/startup_S32K144.o
                0x00000410                . = ALIGN (0x4)

.text           0x00000410      0xb84
                0x00000410                . = ALIGN (0x4)
 *(.text)
 .text          0x00000410       0x44 ./Project_Settings/Startup_Code/startup_S32K144.o
                0x00000410                Reset_Handler
                0x00000450                DebugMon_Handler
                0x00000450                Reserved88_IRQHandler
                0x00000450                CAN0_ORed_IRQHandler
                0x00000450                Reserved86_IRQHandler
                0x00000450                Reserved103_IRQHandler
                0x00000450                SysTick_Handler
                0x00000450                FTM2_Ovf_Reload_IRQHandler
                0x00000450                Reserved50_IRQHandler
                0x00000450                FTFC_Fault_IRQHandler
                0x00000450                FTM0_Ch6_Ch7_IRQHandler
                0x00000450                Reserved114_IRQHandler
                0x00000450                PendSV_Handler
                0x00000450                Reserved89_IRQHandler
                0x00000450                ERM_double_fault_IRQHandler
                0x00000450                DMA2_IRQHandler
                0x00000450                Reserved59_IRQHandler
                0x00000450                LPIT0_Ch0_IRQHandler
                0x00000450                Reserved99_IRQHandler
                0x00000450                FTM3_Ch6_Ch7_IRQHandler
                0x00000450                CAN2_ORed_0_15_MB_IRQHandler
                0x00000450                LPIT0_Ch3_IRQHandler
                0x00000450                Reserved92_IRQHandler
                0x00000450                FTM0_Ch4_Ch5_IRQHandler
                0x00000450                CAN1_Error_IRQHandler
                0x00000450                FTM3_Ch0_Ch1_IRQHandler
                0x00000450                SWI_IRQHandler
                0x00000450                ADC0_IRQHandler
                0x00000450                FTM2_Ch4_Ch5_IRQHandler
                0x00000450                FTM0_Ovf_Reload_IRQHandler
                0x00000450                DefaultISR
                0x00000450                DMA9_IRQHandler
                0x00000450                Reserved58_IRQHandler
                0x00000450                CAN1_ORed_0_15_MB_IRQHandler
                0x00000450                FTM1_Ch2_Ch3_IRQHandler
                0x00000450                DMA14_IRQHandler
                0x00000450                Reserved82_IRQHandler
                0x00000450                CAN0_ORed_16_31_MB_IRQHandler
                0x00000450                LPI2C0_Slave_IRQHandler
                0x00000450                Reserved71_IRQHandler
                0x00000450                PORTD_IRQHandler
                0x00000450                Reserved69_IRQHandler
                0x00000450                PORTB_IRQHandler
                0x00000450                Reserved70_IRQHandler
                0x00000450                ADC1_IRQHandler
                0x00000450                FTM2_Ch2_Ch3_IRQHandler
                0x00000450                Reserved53_IRQHandler
                0x00000450                DMA5_IRQHandler
                0x00000450                RTC_IRQHandler
                0x00000450                PDB0_IRQHandler
                0x00000450                Reserved54_IRQHandler
                0x00000450                FTM2_Ch6_Ch7_IRQHandler
                0x00000450                FTM3_Ch2_Ch3_IRQHandler
                0x00000450                FTM2_Ch0_Ch1_IRQHandler
                0x00000450                LPSPI1_IRQHandler
                0x00000450                LPUART1_RxTx_IRQHandler
                0x00000450                RTC_Seconds_IRQHandler
                0x00000450                CAN2_ORed_IRQHandler
                0x00000450                Reserved72_IRQHandler
                0x00000450                Reserved110_IRQHandler
                0x00000450                DMA11_IRQHandler
                0x00000450                Reserved107_IRQHandler
                0x00000450                Read_Collision_IRQHandler
                0x00000450                CAN2_Error_IRQHandler
                0x00000450                FTFC_IRQHandler
                0x00000450                DMA7_IRQHandler
                0x00000450                FTM1_Ch6_Ch7_IRQHandler
                0x00000450                Reserved105_IRQHandler
                0x00000450                LPIT0_Ch1_IRQHandler
                0x00000450                FTM1_Ch4_Ch5_IRQHandler
                0x00000450                FTM3_Ovf_Reload_IRQHandler
                0x00000450                LPUART2_RxTx_IRQHandler
                0x00000450                LPSPI0_IRQHandler
                0x00000450                WDOG_EWM_IRQHandler
                0x00000450                Reserved90_IRQHandler
                0x00000450                Reserved83_IRQHandler
                0x00000450                FTM0_Fault_IRQHandler
                0x00000450                Reserved48_IRQHandler
                0x00000450                SVC_Handler
                0x00000450                ERM_single_fault_IRQHandler
                0x00000450                FTM2_Fault_IRQHandler
                0x00000450                FTM0_Ch2_Ch3_IRQHandler
                0x00000450                DMA13_IRQHandler
                0x00000450                FTM0_Ch0_Ch1_IRQHandler
                0x00000450                FTM3_Fault_IRQHandler
                0x00000450                RCM_IRQHandler
                0x00000450                DMA3_IRQHandler
                0x00000450                Reserved100_IRQHandler
                0x00000450                DMA0_IRQHandler
                0x00000450                Reserved91_IRQHandler
                0x00000450                CAN1_ORed_IRQHandler
                0x00000450                DMA15_IRQHandler
                0x00000450                SCG_IRQHandler
                0x00000450                PDB1_IRQHandler
                0x00000450                Reserved81_IRQHandler
                0x00000450                Reserved46_IRQHandler
                0x00000450                Reserved45_IRQHandler
                0x00000450                CAN0_Error_IRQHandler
                0x00000450                Reserved112_IRQHandler
                0x00000450                LPI2C0_Master_IRQHandler
                0x00000450                DMA4_IRQHandler
                0x00000450                FTM1_Fault_IRQHandler
                0x00000450                Reserved106_IRQHandler
                0x00000450                DMA_Error_IRQHandler
                0x00000450                LVD_LVW_IRQHandler
                0x00000450                LPIT0_Ch2_IRQHandler
                0x00000450                PORTA_IRQHandler
                0x00000450                MCM_IRQHandler
                0x00000450                LPSPI2_IRQHandler
                0x00000450                DMA12_IRQHandler
                0x00000450                FTM3_Ch4_Ch5_IRQHandler
                0x00000450                CAN0_ORed_0_15_MB_IRQHandler
                0x00000450                PORTE_IRQHandler
                0x00000450                LPUART0_RxTx_IRQHandler
                0x00000450                LPTMR0_IRQHandler
                0x00000450                Reserved87_IRQHandler
                0x00000450                FTM1_Ovf_Reload_IRQHandler
                0x00000450                DMA8_IRQHandler
                0x00000450                Reserved93_IRQHandler
                0x00000450                DMA10_IRQHandler
                0x00000450                CAN0_Wake_Up_IRQHandler
                0x00000450                CMP0_IRQHandler
                0x00000450                Reserved52_IRQHandler
                0x00000450                PORTC_IRQHandler
                0x00000450                DMA6_IRQHandler
                0x00000450                FTM1_Ch0_Ch1_IRQHandler
                0x00000450                FLEXIO_IRQHandler
                0x00000450                DMA1_IRQHandler
                0x00000450                Reserved113_IRQHandler
 .text          0x00000454      0x21c c:/nxp/s32ds_arm_v2018.r1/cross_tools/gcc-arm-none-eabi-4_9/bin/../lib/gcc/arm-none-eabi/4.9.3/armv7e-m\libgcc.a(_arm_addsubsf3.o)
                0x00000454                __aeabi_frsub
                0x0000045c                __subsf3
                0x0000045c                __aeabi_fsub
                0x00000460                __aeabi_fadd
                0x00000460                __addsf3
                0x000005c0                __aeabi_ui2f
                0x000005c0                __floatunsisf
                0x000005c8                __aeabi_i2f
                0x000005c8                __floatsisf
                0x000005e4                __aeabi_ul2f
                0x000005e4                __floatundisf
                0x000005f4                __aeabi_l2f
                0x000005f4                __floatdisf
 .text          0x00000670      0x2a0 c:/nxp/s32ds_arm_v2018.r1/cross_tools/gcc-arm-none-eabi-4_9/bin/../lib/gcc/arm-none-eabi/4.9.3/armv7e-m\libgcc.a(_arm_muldivsf3.o)
                0x00000670                __mulsf3
                0x00000670                __aeabi_fmul
                0x000007d8                __aeabi_fdiv
                0x000007d8                __divsf3
 .text          0x00000910       0x40 c:/nxp/s32ds_arm_v2018.r1/cross_tools/gcc-arm-none-eabi-4_9/bin/../lib/gcc/arm-none-eabi/4.9.3/armv7e-m\libgcc.a(_arm_fixunssfsi.o)
                0x00000910                __fixunssfsi
                0x00000910                __aeabi_f2uiz
 *(.text*)
 .text.initGPDO
                0x00000950       0x54 ./src/lib/gpio.o
                0x00000950                initGPDO
 .text.writeGPIO
                0x000009a4       0x68 ./src/lib/gpio.o
                0x000009a4                writeGPIO
 .text.initECS  0x00000a0c       0x20 ./src/lib/ecs.o
                0x00000a0c                initECS
 .text.disable_WDOG
                0x00000a2c       0x2c ./src/lib/ecs.o
                0x00000a2c                disable_WDOG
 .text.clocksToPeripherals
                0x00000a58       0xac ./src/lib/ecs.o
                0x00000a58                clocksToPeripherals
 .text.setEVBLED
                0x00000b04       0xe4 ./src/lib/ecs.o
                0x00000b04                setEVBLED
 .text.SOSC_init_8MHz
                0x00000be8       0x4c ./src/lib/ecs.o
                0x00000be8                SOSC_init_8MHz
 .text.SPLL_init_160MHz
                0x00000c34       0x64 ./src/lib/ecs.o
                0x00000c34                SPLL_init_160MHz
 .text.NormalRUNmode_80MHz
                0x00000c98       0x2c ./src/lib/ecs.o
                0x00000c98                NormalRUNmode_80MHz
 .text.NMI_Handler
                0x00000cc4        0x8 ./src/lib/ecs.o
                0x00000cc4                NMI_Handler
 .text.HardFault_Handler
                0x00000ccc        0x8 ./src/lib/ecs.o
                0x00000ccc                HardFault_Handler
 .text.MemManage_Handler
                0x00000cd4        0x8 ./src/lib/ecs.o
                0x00000cd4                MemManage_Handler
 .text.BusFault_Handler
                0x00000cdc        0x8 ./src/lib/ecs.o
                0x00000cdc                BusFault_Handler
 .text.UsageFault_Handler
                0x00000ce4        0x8 ./src/lib/ecs.o
                0x00000ce4                UsageFault_Handler
 .text.init_ADC0_single
                0x00000cec       0xbc ./src/lib/adc.o
                0x00000cec                init_ADC0_single
 .text.ADC0_complete
                0x00000da8       0x20 ./src/lib/adc.o
                0x00000da8                ADC0_complete
 .text.read_ADC0_single
                0x00000dc8       0x6c ./src/lib/adc.o
                0x00000dc8                read_ADC0_single
 .text.main     0x00000e34       0x3c ./src/lab3/lab3.o
                0x00000e34                main
 .text.SystemInit
                0x00000e70       0x30 ./Project_Settings/Startup_Code/system_S32K144.o
                0x00000e70                SystemInit
 .text.init_data_bss
                0x00000ea0       0xf4 ./Project_Settings/Startup_Code/startup.o
                0x00000ea0                init_data_bss
 *(.rodata)
 *(.rodata*)
 *(.glue_7)
 .glue_7        0x00000000        0x0 linker stubs
 *(.glue_7t)
 .glue_7t       0x00000000        0x0 linker stubs
 *(.eh_frame)
 *(.init)
 *(.fini)
                0x00000f94                . = ALIGN (0x4)

.vfp11_veneer   0x00000f94        0x0
 .vfp11_veneer  0x00000000        0x0 linker stubs

.v4_bx          0x00000f94        0x0
 .v4_bx         0x00000000        0x0 linker stubs

.iplt           0x00000f94        0x0
 .iplt          0x00000000        0x0 C:/NXP/S32DS_ARM_v2018.R1/S32DS/arm_ewl2/lib/armv7e-m/__arm_start.o

.rel.dyn        0x00000f94        0x0
 .rel.iplt      0x00000000        0x0 C:/NXP/S32DS_ARM_v2018.R1/S32DS/arm_ewl2/lib/armv7e-m/__arm_start.o

.ARM.extab
 *(.ARM.extab* .gnu.linkonce.armextab.*)

.ARM            0x00000f94        0x0
                0x00000f94                __exidx_start = .
 *(.ARM.exidx*)
                0x00000f94                __exidx_end = .

.ctors          0x00000f94        0x0
                0x00000f94                __CTOR_LIST__ = .
 *crtbegin.o(.ctors)
 *crtbegin?.o(.ctors)
 *(EXCLUDE_FILE(*crtend.o *crtend?.o) .ctors)
 *(SORT(.ctors.*))
 *(.ctors)
                0x00000f94                __CTOR_END__ = .

.dtors          0x00000f94        0x0
                0x00000f94                __DTOR_LIST__ = .
 *crtbegin.o(.dtors)
 *crtbegin?.o(.dtors)
 *(EXCLUDE_FILE(*crtend.o *crtend?.o) .dtors)
 *(SORT(.dtors.*))
 *(.dtors)
                0x00000f94                __DTOR_END__ = .

.preinit_array  0x00000f94        0x0
                0x00000f94                PROVIDE (__preinit_array_start, .)
 *(.preinit_array*)
                0x00000f94                PROVIDE (__preinit_array_end, .)

.init_array     0x00000f94        0x0
                0x00000f94                PROVIDE (__init_array_start, .)
 *(SORT(.init_array.*))
 *(.init_array*)
                0x00000f94                PROVIDE (__init_array_end, .)

.fini_array     0x00000f94        0x0
                0x00000f94                PROVIDE (__fini_array_start, .)
 *(SORT(.fini_array.*))
 *(.fini_array*)
                0x00000f94                PROVIDE (__fini_array_end, .)
                0x00000f94                __etext = .
                0x00000f94                __DATA_ROM = .

.interrupts_ram
                0x1fff8000      0x400
                0x1fff8000                . = ALIGN (0x4)
                0x1fff8000                __VECTOR_RAM__ = .
                0x1fff8000                __interrupts_ram_start__ = .
 *(.m_interrupts_ram)
                0x1fff8400                . = (. + M_VECTOR_RAM_SIZE)
 *fill*         0x1fff8000      0x400 
                0x1fff8400                . = ALIGN (0x4)
                0x1fff8400                __interrupts_ram_end__ = .
                0x1fff8000                __VECTOR_RAM = DEFINED (__flash_vector_table__)?ORIGIN (m_interrupts):__VECTOR_RAM__
                0x00000400                __RAM_VECTOR_TABLE_SIZE = DEFINED (__flash_vector_table__)?0x0:(__interrupts_ram_end__ - __interrupts_ram_start__)

.data           0x1fff8400       0x28 load address 0x00000f94
                0x1fff8400                . = ALIGN (0x4)
                0x1fff8400                __DATA_RAM = .
                0x1fff8400                __data_start__ = .
 *(.data)
 *(.data*)
 .data.gpio_base_ptrs
                0x1fff8400       0x14 ./src/lib/gpio.o
 .data.port_base_ptrs
                0x1fff8414       0x14 ./src/lib/gpio.o
 *(.jcr*)
                0x1fff8428                . = ALIGN (0x4)
                0x1fff8428                __data_end__ = .
                0x00000fbc                __DATA_END = (__DATA_ROM + (__data_end__ - __data_start__))
                0x00000fbc                __CODE_ROM = __DATA_END

.igot.plt       0x1fff8428        0x0 load address 0x00000fbc
 .igot.plt      0x00000000        0x0 C:/NXP/S32DS_ARM_v2018.R1/S32DS/arm_ewl2/lib/armv7e-m/__arm_start.o

.code           0x1fff8428        0x0 load address 0x00000fbc
                0x1fff8428                . = ALIGN (0x4)
                0x1fff8428                __CODE_RAM = .
                0x1fff8428                __code_start__ = .
 *(.code_ram)
                0x1fff8428                . = ALIGN (0x4)
                0x1fff8428                __code_end__ = .
                0x00000fbc                __CODE_END = (__CODE_ROM + (__code_end__ - __code_start__))

.customSectionBlock
 *(.customSection)

.bss            0x20000000        0x0
                0x20000000                . = ALIGN (0x4)
                0x20000000                __BSS_START = .
                0x20000000                __bss_start__ = .
 *(.bss)
 *(.bss*)
 *(COMMON)
                0x20000000                . = ALIGN (0x4)
                0x20000000                __bss_end__ = .
                0x20000000                __BSS_END = .

.heap           0x20000000      0x400
                0x20000000                . = ALIGN (0x8)
                0x20000000                __end__ = .
                0x20000000                PROVIDE (end, .)
                0x20000000                PROVIDE (_end, .)
                0x20000000                PROVIDE (__end, .)
                0x20000000                __HeapBase = .
                0x20000400                . = (. + HEAP_SIZE)
 *fill*         0x20000000      0x400 
                0x20000400                __HeapLimit = .
                0x20000400                __heap_limit = .

.stack          0x20000400      0x400
                0x20000400                . = ALIGN (0x8)
                0x20000800                . = (. + STACK_SIZE)
 *fill*         0x20000400      0x400 
                0x20007000                __StackTop = (ORIGIN (m_data_2) + 0x7000)
                0x20006c00                __StackLimit = (__StackTop - STACK_SIZE)
                0x20007000                PROVIDE (__stack, __StackTop)

.ARM.attributes
                0x00000000       0x31
 *(.ARM.attributes)
 .ARM.attributes
                0x00000000       0x33 ./src/lib/gpio.o
 .ARM.attributes
                0x00000033       0x33 ./src/lib/ecs.o
 .ARM.attributes
                0x00000066       0x33 ./src/lib/adc.o
 .ARM.attributes
                0x00000099       0x33 ./src/lab3/lab3.o
 .ARM.attributes
                0x000000cc       0x33 ./Project_Settings/Startup_Code/system_S32K144.o
 .ARM.attributes
                0x000000ff       0x1b ./Project_Settings/Startup_Code/startup_S32K144.o
 .ARM.attributes
                0x0000011a       0x33 ./Project_Settings/Startup_Code/startup.o
 .ARM.attributes
                0x0000014d       0x1e c:/nxp/s32ds_arm_v2018.r1/cross_tools/gcc-arm-none-eabi-4_9/bin/../lib/gcc/arm-none-eabi/4.9.3/armv7e-m\libgcc.a(_arm_addsubsf3.o)
 .ARM.attributes
                0x0000016b       0x1e c:/nxp/s32ds_arm_v2018.r1/cross_tools/gcc-arm-none-eabi-4_9/bin/../lib/gcc/arm-none-eabi/4.9.3/armv7e-m\libgcc.a(_arm_muldivsf3.o)
 .ARM.attributes
                0x00000189       0x1e c:/nxp/s32ds_arm_v2018.r1/cross_tools/gcc-arm-none-eabi-4_9/bin/../lib/gcc/arm-none-eabi/4.9.3/armv7e-m\libgcc.a(_arm_fixunssfsi.o)
                0x00000001                ASSERT ((__StackLimit >= __HeapLimit), region m_data_2 overflowed with stack and heap)
OUTPUT(ecs.elf elf32-littlearm)

.debug_info     0x00000000     0x157e
 .debug_info    0x00000000      0x35d ./src/lib/gpio.o
 .debug_info    0x0000035d      0x4e4 ./src/lib/ecs.o
 .debug_info    0x00000841      0x2f7 ./src/lib/adc.o
 .debug_info    0x00000b38       0xc3 ./src/lab3/lab3.o
 .debug_info    0x00000bfb      0x500 ./Project_Settings/Startup_Code/system_S32K144.o
 .debug_info    0x000010fb       0x98 ./Project_Settings/Startup_Code/startup_S32K144.o
 .debug_info    0x00001193      0x3eb ./Project_Settings/Startup_Code/startup.o

.debug_abbrev   0x00000000      0x5f0
 .debug_abbrev  0x00000000      0x120 ./src/lib/gpio.o
 .debug_abbrev  0x00000120      0x126 ./src/lib/ecs.o
 .debug_abbrev  0x00000246      0x10b ./src/lib/adc.o
 .debug_abbrev  0x00000351       0x72 ./src/lab3/lab3.o
 .debug_abbrev  0x000003c3      0x118 ./Project_Settings/Startup_Code/system_S32K144.o
 .debug_abbrev  0x000004db       0x14 ./Project_Settings/Startup_Code/startup_S32K144.o
 .debug_abbrev  0x000004ef      0x101 ./Project_Settings/Startup_Code/startup.o

.debug_aranges  0x00000000      0x170
 .debug_aranges
                0x00000000       0x38 ./src/lib/gpio.o
 .debug_aranges
                0x00000038       0x78 ./src/lib/ecs.o
 .debug_aranges
                0x000000b0       0x30 ./src/lib/adc.o
 .debug_aranges
                0x000000e0       0x20 ./src/lab3/lab3.o
 .debug_aranges
                0x00000100       0x30 ./Project_Settings/Startup_Code/system_S32K144.o
 .debug_aranges
                0x00000130       0x20 ./Project_Settings/Startup_Code/startup_S32K144.o
 .debug_aranges
                0x00000150       0x20 ./Project_Settings/Startup_Code/startup.o

.debug_ranges   0x00000000       0xf0
 .debug_ranges  0x00000000       0x28 ./src/lib/gpio.o
 .debug_ranges  0x00000028       0x68 ./src/lib/ecs.o
 .debug_ranges  0x00000090       0x20 ./src/lib/adc.o
 .debug_ranges  0x000000b0       0x10 ./src/lab3/lab3.o
 .debug_ranges  0x000000c0       0x20 ./Project_Settings/Startup_Code/system_S32K144.o
 .debug_ranges  0x000000e0       0x10 ./Project_Settings/Startup_Code/startup.o

.debug_macro    0x00000000      0x523
 .debug_macro   0x00000000       0xb0 ./src/lib/gpio.o
 .debug_macro   0x000000b0       0xaf ./src/lib/ecs.o
 .debug_macro   0x0000015f       0x40 ./src/lib/ecs.o
 .debug_macro   0x0000019f       0xb0 ./src/lib/adc.o
 .debug_macro   0x0000024f       0xdf ./src/lab3/lab3.o
 .debug_macro   0x0000032e       0xe9 ./Project_Settings/Startup_Code/system_S32K144.o
 .debug_macro   0x00000417       0x22 ./Project_Settings/Startup_Code/system_S32K144.o
 .debug_macro   0x00000439       0xea ./Project_Settings/Startup_Code/startup.o

.debug_line     0x00000000      0xf5a
 .debug_line    0x00000000      0x23d ./src/lib/gpio.o
 .debug_line    0x0000023d      0x329 ./src/lib/ecs.o
 .debug_line    0x00000566      0x23c ./src/lib/adc.o
 .debug_line    0x000007a2      0x224 ./src/lab3/lab3.o
 .debug_line    0x000009c6      0x2a6 ./Project_Settings/Startup_Code/system_S32K144.o
 .debug_line    0x00000c6c       0x83 ./Project_Settings/Startup_Code/startup_S32K144.o
 .debug_line    0x00000cef      0x26b ./Project_Settings/Startup_Code/startup.o

.debug_str      0x00000000    0x62984
 .debug_str     0x00000000    0x5dc92 ./src/lib/gpio.o
                              0x5dd22 (size before relaxing)
 .debug_str     0x0005dc92      0x2bb ./src/lib/ecs.o
                              0x5df65 (size before relaxing)
 .debug_str     0x0005df4d      0x10b ./src/lib/adc.o
                              0x5dd56 (size before relaxing)
 .debug_str     0x0005e058       0x3b ./src/lab3/lab3.o
                              0x5dd92 (size before relaxing)
 .debug_str     0x0005e093     0x47d1 ./Project_Settings/Startup_Code/system_S32K144.o
                              0x624ef (size before relaxing)
 .debug_str     0x00062864      0x120 ./Project_Settings/Startup_Code/startup.o
                              0x62426 (size before relaxing)

.comment        0x00000000       0x70
 .comment       0x00000000       0x70 ./src/lib/gpio.o
                                 0x71 (size before relaxing)
 .comment       0x00000000       0x71 ./src/lib/ecs.o
 .comment       0x00000000       0x71 ./src/lib/adc.o
 .comment       0x00000000       0x71 ./src/lab3/lab3.o
 .comment       0x00000000       0x71 ./Project_Settings/Startup_Code/system_S32K144.o
 .comment       0x00000000       0x71 ./Project_Settings/Startup_Code/startup.o

.debug_frame    0x00000000      0x378
 .debug_frame   0x00000000       0xb0 ./src/lib/gpio.o
 .debug_frame   0x000000b0      0x170 ./src/lib/ecs.o
 .debug_frame   0x00000220       0x74 ./src/lib/adc.o
 .debug_frame   0x00000294       0x2c ./src/lab3/lab3.o
 .debug_frame   0x000002c0       0x80 ./Project_Settings/Startup_Code/system_S32K144.o
 .debug_frame   0x00000340       0x38 ./Project_Settings/Startup_Code/startup.o
