Archive member included to satisfy reference by file (symbol)

c:/users/ecs/documents/matlab/add-ons/toolboxes/nxp_mbdtoolbox_s32k1xx/code/tools/gcc-6.3-arm32-eabi/bin/../lib/gcc/arm-none-eabi/6.3.1/thumb/v7e-m/fpv4-sp/hard\libgcc.a(_aeabi_uldivmod.o)
                              lpit_driver.o (__aeabi_uldivmod)
c:/users/ecs/documents/matlab/add-ons/toolboxes/nxp_mbdtoolbox_s32k1xx/code/tools/gcc-6.3-arm32-eabi/bin/../lib/gcc/arm-none-eabi/6.3.1/thumb/v7e-m/fpv4-sp/hard\libgcc.a(_udivmoddi4.o)
                              c:/users/ecs/documents/matlab/add-ons/toolboxes/nxp_mbdtoolbox_s32k1xx/code/tools/gcc-6.3-arm32-eabi/bin/../lib/gcc/arm-none-eabi/6.3.1/thumb/v7e-m/fpv4-sp/hard\libgcc.a(_aeabi_uldivmod.o) (__udivmoddi4)
c:/users/ecs/documents/matlab/add-ons/toolboxes/nxp_mbdtoolbox_s32k1xx/code/tools/gcc-6.3-arm32-eabi/bin/../lib/gcc/arm-none-eabi/6.3.1/thumb/v7e-m/fpv4-sp/hard\libgcc.a(_dvmd_tls.o)
                              c:/users/ecs/documents/matlab/add-ons/toolboxes/nxp_mbdtoolbox_s32k1xx/code/tools/gcc-6.3-arm32-eabi/bin/../lib/gcc/arm-none-eabi/6.3.1/thumb/v7e-m/fpv4-sp/hard\libgcc.a(_aeabi_uldivmod.o) (__aeabi_ldiv0)
C:/Users/ecs/Documents/MATLAB/Add-Ons/Toolboxes/NXP_MBDToolbox_S32K1xx/code/tools/gcc-6.3-arm32-eabi/arm-none-eabi/newlib/lib/thumb/v7e-m/fpv4-sp/hard\libc.a(lib_a-exit.o)
                              C:/Users/ecs/Documents/MATLAB/Add-Ons/Toolboxes/NXP_MBDToolbox_S32K1xx/code/tools/gcc-6.3-arm32-eabi/arm-none-eabi/newlib/lib/thumb/v7e-m/fpv4-sp/hard/crt0.o (exit)
C:/Users/ecs/Documents/MATLAB/Add-Ons/Toolboxes/NXP_MBDToolbox_S32K1xx/code/tools/gcc-6.3-arm32-eabi/arm-none-eabi/newlib/lib/thumb/v7e-m/fpv4-sp/hard\libc.a(lib_a-impure.o)
                              C:/Users/ecs/Documents/MATLAB/Add-Ons/Toolboxes/NXP_MBDToolbox_S32K1xx/code/tools/gcc-6.3-arm32-eabi/arm-none-eabi/newlib/lib/thumb/v7e-m/fpv4-sp/hard\libc.a(lib_a-exit.o) (_global_impure_ptr)
C:/Users/ecs/Documents/MATLAB/Add-Ons/Toolboxes/NXP_MBDToolbox_S32K1xx/code/tools/gcc-6.3-arm32-eabi/arm-none-eabi/newlib/lib/thumb/v7e-m/fpv4-sp/hard\libc.a(lib_a-init.o)
                              C:/Users/ecs/Documents/MATLAB/Add-Ons/Toolboxes/NXP_MBDToolbox_S32K1xx/code/tools/gcc-6.3-arm32-eabi/arm-none-eabi/newlib/lib/thumb/v7e-m/fpv4-sp/hard/crt0.o (__libc_init_array)
C:/Users/ecs/Documents/MATLAB/Add-Ons/Toolboxes/NXP_MBDToolbox_S32K1xx/code/tools/gcc-6.3-arm32-eabi/arm-none-eabi/newlib/lib/thumb/v7e-m/fpv4-sp/hard\libc.a(lib_a-memset.o)
                              C:/Users/ecs/Documents/MATLAB/Add-Ons/Toolboxes/NXP_MBDToolbox_S32K1xx/code/tools/gcc-6.3-arm32-eabi/arm-none-eabi/newlib/lib/thumb/v7e-m/fpv4-sp/hard/crt0.o (memset)
C:/Users/ecs/Documents/MATLAB/Add-Ons/Toolboxes/NXP_MBDToolbox_S32K1xx/code/tools/gcc-6.3-arm32-eabi/arm-none-eabi/newlib/lib/thumb/v7e-m/fpv4-sp/hard\libc.a(lib_a-__call_atexit.o)
                              C:/Users/ecs/Documents/MATLAB/Add-Ons/Toolboxes/NXP_MBDToolbox_S32K1xx/code/tools/gcc-6.3-arm32-eabi/arm-none-eabi/newlib/lib/thumb/v7e-m/fpv4-sp/hard\libc.a(lib_a-exit.o) (__call_exitprocs)
C:/Users/ecs/Documents/MATLAB/Add-Ons/Toolboxes/NXP_MBDToolbox_S32K1xx/code/tools/gcc-6.3-arm32-eabi/arm-none-eabi/newlib/lib/thumb/v7e-m/fpv4-sp/hard\libc.a(lib_a-fini.o)
                              C:/Users/ecs/Documents/MATLAB/Add-Ons/Toolboxes/NXP_MBDToolbox_S32K1xx/code/tools/gcc-6.3-arm32-eabi/arm-none-eabi/newlib/lib/thumb/v7e-m/fpv4-sp/hard\libc.a(lib_a-__call_atexit.o) (__libc_fini_array)
C:/Users/ecs/Documents/MATLAB/Add-Ons/Toolboxes/NXP_MBDToolbox_S32K1xx/code/tools/gcc-6.3-arm32-eabi/arm-none-eabi/newlib/lib/thumb/v7e-m/fpv4-sp/hard\libc.a(lib_a-atexit.o)
                              C:/Users/ecs/Documents/MATLAB/Add-Ons/Toolboxes/NXP_MBDToolbox_S32K1xx/code/tools/gcc-6.3-arm32-eabi/arm-none-eabi/newlib/lib/thumb/v7e-m/fpv4-sp/hard\libc.a(lib_a-__call_atexit.o) (atexit)
C:/Users/ecs/Documents/MATLAB/Add-Ons/Toolboxes/NXP_MBDToolbox_S32K1xx/code/tools/gcc-6.3-arm32-eabi/arm-none-eabi/newlib/lib/thumb/v7e-m/fpv4-sp/hard\libc.a(lib_a-__atexit.o)
                              C:/Users/ecs/Documents/MATLAB/Add-Ons/Toolboxes/NXP_MBDToolbox_S32K1xx/code/tools/gcc-6.3-arm32-eabi/arm-none-eabi/newlib/lib/thumb/v7e-m/fpv4-sp/hard\libc.a(lib_a-atexit.o) (__register_exitproc)
C:/Users/ecs/Documents/MATLAB/Add-Ons/Toolboxes/NXP_MBDToolbox_S32K1xx/code/tools/gcc-6.3-arm32-eabi/arm-none-eabi/newlib/lib/thumb/v7e-m/fpv4-sp/hard\libnosys.a(_exit.o)
                              C:/Users/ecs/Documents/MATLAB/Add-Ons/Toolboxes/NXP_MBDToolbox_S32K1xx/code/tools/gcc-6.3-arm32-eabi/arm-none-eabi/newlib/lib/thumb/v7e-m/fpv4-sp/hard\libc.a(lib_a-exit.o) (_exit)

Allocating common symbols
Common symbol       size              file

g_xtal0ClkFreq      0x4               clock_S32K1xx.o
g_RtcClkInFreq      0x4               clock_S32K1xx.o
gPowerManagerState  0x10              power_manager_S32K1xx.o
g_TClkFreq          0xc               clock_S32K1xx.o
twofourbit_adder_template_B
                    0xd               twofourbit_adder_template.o
twofourbit_adder_template_M_
                    0x4               twofourbit_adder_template.o

Discarded input sections

 .text          0x00000000        0x0 c:/users/ecs/documents/matlab/add-ons/toolboxes/nxp_mbdtoolbox_s32k1xx/code/tools/gcc-6.3-arm32-eabi/bin/../lib/gcc/arm-none-eabi/6.3.1/thumb/v7e-m/fpv4-sp/hard/crti.o
 .data          0x00000000        0x0 c:/users/ecs/documents/matlab/add-ons/toolboxes/nxp_mbdtoolbox_s32k1xx/code/tools/gcc-6.3-arm32-eabi/bin/../lib/gcc/arm-none-eabi/6.3.1/thumb/v7e-m/fpv4-sp/hard/crti.o
 .bss           0x00000000        0x0 c:/users/ecs/documents/matlab/add-ons/toolboxes/nxp_mbdtoolbox_s32k1xx/code/tools/gcc-6.3-arm32-eabi/bin/../lib/gcc/arm-none-eabi/6.3.1/thumb/v7e-m/fpv4-sp/hard/crti.o
 .data          0x00000000        0x4 c:/users/ecs/documents/matlab/add-ons/toolboxes/nxp_mbdtoolbox_s32k1xx/code/tools/gcc-6.3-arm32-eabi/bin/../lib/gcc/arm-none-eabi/6.3.1/thumb/v7e-m/fpv4-sp/hard/crtbegin.o
 .text          0x00000000       0x74 C:/Users/ecs/Documents/MATLAB/Add-Ons/Toolboxes/NXP_MBDToolbox_S32K1xx/code/tools/gcc-6.3-arm32-eabi/arm-none-eabi/newlib/lib/thumb/v7e-m/fpv4-sp/hard/crt0.o
 .data          0x00000000        0x0 C:/Users/ecs/Documents/MATLAB/Add-Ons/Toolboxes/NXP_MBDToolbox_S32K1xx/code/tools/gcc-6.3-arm32-eabi/arm-none-eabi/newlib/lib/thumb/v7e-m/fpv4-sp/hard/crt0.o
 .bss           0x00000000        0x0 C:/Users/ecs/Documents/MATLAB/Add-Ons/Toolboxes/NXP_MBDToolbox_S32K1xx/code/tools/gcc-6.3-arm32-eabi/arm-none-eabi/newlib/lib/thumb/v7e-m/fpv4-sp/hard/crt0.o
 .ARM.extab     0x00000000        0x0 C:/Users/ecs/Documents/MATLAB/Add-Ons/Toolboxes/NXP_MBDToolbox_S32K1xx/code/tools/gcc-6.3-arm32-eabi/arm-none-eabi/newlib/lib/thumb/v7e-m/fpv4-sp/hard/crt0.o
 .ARM.exidx     0x00000000        0x8 C:/Users/ecs/Documents/MATLAB/Add-Ons/Toolboxes/NXP_MBDToolbox_S32K1xx/code/tools/gcc-6.3-arm32-eabi/arm-none-eabi/newlib/lib/thumb/v7e-m/fpv4-sp/hard/crt0.o
 .ARM.attributes
                0x00000000       0x20 C:/Users/ecs/Documents/MATLAB/Add-Ons/Toolboxes/NXP_MBDToolbox_S32K1xx/code/tools/gcc-6.3-arm32-eabi/arm-none-eabi/newlib/lib/thumb/v7e-m/fpv4-sp/hard/crt0.o
 .data          0x00000000        0x0 startup_S32K144.o
 .bss           0x00000000        0x0 startup_S32K144.o
 .data          0x00000000        0x0 interrupt_manager.o
 .data          0x00000000        0x0 lpit_driver.o
 .data          0x00000000        0x0 mbd_main.o
 .bss           0x00000000        0x0 mbd_main.o
 .data          0x00000000        0x0 pins_driver.o
 .bss           0x00000000        0x0 pins_driver.o
 .data          0x00000000        0x0 pins_port_hw_access.o
 .bss           0x00000000        0x0 pins_port_hw_access.o
 .data          0x00000000        0x0 power_manager.o
 .bss           0x00000000        0x0 power_manager.o
 .data          0x00000000        0x0 power_manager_S32K1xx.o
 .data          0x00000000        0x0 power_smc_hw_access.o
 .bss           0x00000000        0x0 power_smc_hw_access.o
 .data          0x00000000        0x0 s32k_clock_init.o
 .bss           0x00000000        0x0 s32k_clock_init.o
 .data          0x00000000        0x0 startup.o
 .bss           0x00000000        0x0 startup.o
 .bss           0x00000000        0x0 system_S32K144.o
 .data          0x00000000        0x0 twofourbit_adder_template.o
 .bss           0x00000000        0x0 twofourbit_adder_template.o
 .rodata        0x00000000        0x4 twofourbit_adder_template.o
 .data          0x00000000        0x0 c:/users/ecs/documents/matlab/add-ons/toolboxes/nxp_mbdtoolbox_s32k1xx/code/tools/gcc-6.3-arm32-eabi/bin/../lib/gcc/arm-none-eabi/6.3.1/thumb/v7e-m/fpv4-sp/hard\libgcc.a(_aeabi_uldivmod.o)
 .bss           0x00000000        0x0 c:/users/ecs/documents/matlab/add-ons/toolboxes/nxp_mbdtoolbox_s32k1xx/code/tools/gcc-6.3-arm32-eabi/bin/../lib/gcc/arm-none-eabi/6.3.1/thumb/v7e-m/fpv4-sp/hard\libgcc.a(_aeabi_uldivmod.o)
 .data          0x00000000        0x0 c:/users/ecs/documents/matlab/add-ons/toolboxes/nxp_mbdtoolbox_s32k1xx/code/tools/gcc-6.3-arm32-eabi/bin/../lib/gcc/arm-none-eabi/6.3.1/thumb/v7e-m/fpv4-sp/hard\libgcc.a(_udivmoddi4.o)
 .bss           0x00000000        0x0 c:/users/ecs/documents/matlab/add-ons/toolboxes/nxp_mbdtoolbox_s32k1xx/code/tools/gcc-6.3-arm32-eabi/bin/../lib/gcc/arm-none-eabi/6.3.1/thumb/v7e-m/fpv4-sp/hard\libgcc.a(_udivmoddi4.o)
 .ARM.extab     0x00000000        0x0 c:/users/ecs/documents/matlab/add-ons/toolboxes/nxp_mbdtoolbox_s32k1xx/code/tools/gcc-6.3-arm32-eabi/bin/../lib/gcc/arm-none-eabi/6.3.1/thumb/v7e-m/fpv4-sp/hard\libgcc.a(_udivmoddi4.o)
 .data          0x00000000        0x0 c:/users/ecs/documents/matlab/add-ons/toolboxes/nxp_mbdtoolbox_s32k1xx/code/tools/gcc-6.3-arm32-eabi/bin/../lib/gcc/arm-none-eabi/6.3.1/thumb/v7e-m/fpv4-sp/hard\libgcc.a(_dvmd_tls.o)
 .bss           0x00000000        0x0 c:/users/ecs/documents/matlab/add-ons/toolboxes/nxp_mbdtoolbox_s32k1xx/code/tools/gcc-6.3-arm32-eabi/bin/../lib/gcc/arm-none-eabi/6.3.1/thumb/v7e-m/fpv4-sp/hard\libgcc.a(_dvmd_tls.o)
 .text          0x00000000        0x0 C:/Users/ecs/Documents/MATLAB/Add-Ons/Toolboxes/NXP_MBDToolbox_S32K1xx/code/tools/gcc-6.3-arm32-eabi/arm-none-eabi/newlib/lib/thumb/v7e-m/fpv4-sp/hard\libc.a(lib_a-exit.o)
 .data          0x00000000        0x0 C:/Users/ecs/Documents/MATLAB/Add-Ons/Toolboxes/NXP_MBDToolbox_S32K1xx/code/tools/gcc-6.3-arm32-eabi/arm-none-eabi/newlib/lib/thumb/v7e-m/fpv4-sp/hard\libc.a(lib_a-exit.o)
 .bss           0x00000000        0x0 C:/Users/ecs/Documents/MATLAB/Add-Ons/Toolboxes/NXP_MBDToolbox_S32K1xx/code/tools/gcc-6.3-arm32-eabi/arm-none-eabi/newlib/lib/thumb/v7e-m/fpv4-sp/hard\libc.a(lib_a-exit.o)
 .text.exit     0x00000000       0x20 C:/Users/ecs/Documents/MATLAB/Add-Ons/Toolboxes/NXP_MBDToolbox_S32K1xx/code/tools/gcc-6.3-arm32-eabi/arm-none-eabi/newlib/lib/thumb/v7e-m/fpv4-sp/hard\libc.a(lib_a-exit.o)
 .debug_frame   0x00000000       0x28 C:/Users/ecs/Documents/MATLAB/Add-Ons/Toolboxes/NXP_MBDToolbox_S32K1xx/code/tools/gcc-6.3-arm32-eabi/arm-none-eabi/newlib/lib/thumb/v7e-m/fpv4-sp/hard\libc.a(lib_a-exit.o)
 .ARM.attributes
                0x00000000       0x34 C:/Users/ecs/Documents/MATLAB/Add-Ons/Toolboxes/NXP_MBDToolbox_S32K1xx/code/tools/gcc-6.3-arm32-eabi/arm-none-eabi/newlib/lib/thumb/v7e-m/fpv4-sp/hard\libc.a(lib_a-exit.o)
 .text          0x00000000        0x0 C:/Users/ecs/Documents/MATLAB/Add-Ons/Toolboxes/NXP_MBDToolbox_S32K1xx/code/tools/gcc-6.3-arm32-eabi/arm-none-eabi/newlib/lib/thumb/v7e-m/fpv4-sp/hard\libc.a(lib_a-impure.o)
 .data          0x00000000        0x0 C:/Users/ecs/Documents/MATLAB/Add-Ons/Toolboxes/NXP_MBDToolbox_S32K1xx/code/tools/gcc-6.3-arm32-eabi/arm-none-eabi/newlib/lib/thumb/v7e-m/fpv4-sp/hard\libc.a(lib_a-impure.o)
 .bss           0x00000000        0x0 C:/Users/ecs/Documents/MATLAB/Add-Ons/Toolboxes/NXP_MBDToolbox_S32K1xx/code/tools/gcc-6.3-arm32-eabi/arm-none-eabi/newlib/lib/thumb/v7e-m/fpv4-sp/hard\libc.a(lib_a-impure.o)
 .data._impure_ptr
                0x00000000        0x4 C:/Users/ecs/Documents/MATLAB/Add-Ons/Toolboxes/NXP_MBDToolbox_S32K1xx/code/tools/gcc-6.3-arm32-eabi/arm-none-eabi/newlib/lib/thumb/v7e-m/fpv4-sp/hard\libc.a(lib_a-impure.o)
 .text          0x00000000        0x0 C:/Users/ecs/Documents/MATLAB/Add-Ons/Toolboxes/NXP_MBDToolbox_S32K1xx/code/tools/gcc-6.3-arm32-eabi/arm-none-eabi/newlib/lib/thumb/v7e-m/fpv4-sp/hard\libc.a(lib_a-init.o)
 .data          0x00000000        0x0 C:/Users/ecs/Documents/MATLAB/Add-Ons/Toolboxes/NXP_MBDToolbox_S32K1xx/code/tools/gcc-6.3-arm32-eabi/arm-none-eabi/newlib/lib/thumb/v7e-m/fpv4-sp/hard\libc.a(lib_a-init.o)
 .bss           0x00000000        0x0 C:/Users/ecs/Documents/MATLAB/Add-Ons/Toolboxes/NXP_MBDToolbox_S32K1xx/code/tools/gcc-6.3-arm32-eabi/arm-none-eabi/newlib/lib/thumb/v7e-m/fpv4-sp/hard\libc.a(lib_a-init.o)
 .text.__libc_init_array
                0x00000000       0x48 C:/Users/ecs/Documents/MATLAB/Add-Ons/Toolboxes/NXP_MBDToolbox_S32K1xx/code/tools/gcc-6.3-arm32-eabi/arm-none-eabi/newlib/lib/thumb/v7e-m/fpv4-sp/hard\libc.a(lib_a-init.o)
 .debug_frame   0x00000000       0x2c C:/Users/ecs/Documents/MATLAB/Add-Ons/Toolboxes/NXP_MBDToolbox_S32K1xx/code/tools/gcc-6.3-arm32-eabi/arm-none-eabi/newlib/lib/thumb/v7e-m/fpv4-sp/hard\libc.a(lib_a-init.o)
 .ARM.attributes
                0x00000000       0x34 C:/Users/ecs/Documents/MATLAB/Add-Ons/Toolboxes/NXP_MBDToolbox_S32K1xx/code/tools/gcc-6.3-arm32-eabi/arm-none-eabi/newlib/lib/thumb/v7e-m/fpv4-sp/hard\libc.a(lib_a-init.o)
 .text          0x00000000        0x0 C:/Users/ecs/Documents/MATLAB/Add-Ons/Toolboxes/NXP_MBDToolbox_S32K1xx/code/tools/gcc-6.3-arm32-eabi/arm-none-eabi/newlib/lib/thumb/v7e-m/fpv4-sp/hard\libc.a(lib_a-memset.o)
 .data          0x00000000        0x0 C:/Users/ecs/Documents/MATLAB/Add-Ons/Toolboxes/NXP_MBDToolbox_S32K1xx/code/tools/gcc-6.3-arm32-eabi/arm-none-eabi/newlib/lib/thumb/v7e-m/fpv4-sp/hard\libc.a(lib_a-memset.o)
 .bss           0x00000000        0x0 C:/Users/ecs/Documents/MATLAB/Add-Ons/Toolboxes/NXP_MBDToolbox_S32K1xx/code/tools/gcc-6.3-arm32-eabi/arm-none-eabi/newlib/lib/thumb/v7e-m/fpv4-sp/hard\libc.a(lib_a-memset.o)
 .text          0x00000000        0x0 C:/Users/ecs/Documents/MATLAB/Add-Ons/Toolboxes/NXP_MBDToolbox_S32K1xx/code/tools/gcc-6.3-arm32-eabi/arm-none-eabi/newlib/lib/thumb/v7e-m/fpv4-sp/hard\libc.a(lib_a-__call_atexit.o)
 .data          0x00000000        0x0 C:/Users/ecs/Documents/MATLAB/Add-Ons/Toolboxes/NXP_MBDToolbox_S32K1xx/code/tools/gcc-6.3-arm32-eabi/arm-none-eabi/newlib/lib/thumb/v7e-m/fpv4-sp/hard\libc.a(lib_a-__call_atexit.o)
 .bss           0x00000000        0x0 C:/Users/ecs/Documents/MATLAB/Add-Ons/Toolboxes/NXP_MBDToolbox_S32K1xx/code/tools/gcc-6.3-arm32-eabi/arm-none-eabi/newlib/lib/thumb/v7e-m/fpv4-sp/hard\libc.a(lib_a-__call_atexit.o)
 .text.__call_exitprocs
                0x00000000       0xc8 C:/Users/ecs/Documents/MATLAB/Add-Ons/Toolboxes/NXP_MBDToolbox_S32K1xx/code/tools/gcc-6.3-arm32-eabi/arm-none-eabi/newlib/lib/thumb/v7e-m/fpv4-sp/hard\libc.a(lib_a-__call_atexit.o)
 .text          0x00000000        0x0 C:/Users/ecs/Documents/MATLAB/Add-Ons/Toolboxes/NXP_MBDToolbox_S32K1xx/code/tools/gcc-6.3-arm32-eabi/arm-none-eabi/newlib/lib/thumb/v7e-m/fpv4-sp/hard\libc.a(lib_a-fini.o)
 .data          0x00000000        0x0 C:/Users/ecs/Documents/MATLAB/Add-Ons/Toolboxes/NXP_MBDToolbox_S32K1xx/code/tools/gcc-6.3-arm32-eabi/arm-none-eabi/newlib/lib/thumb/v7e-m/fpv4-sp/hard\libc.a(lib_a-fini.o)
 .bss           0x00000000        0x0 C:/Users/ecs/Documents/MATLAB/Add-Ons/Toolboxes/NXP_MBDToolbox_S32K1xx/code/tools/gcc-6.3-arm32-eabi/arm-none-eabi/newlib/lib/thumb/v7e-m/fpv4-sp/hard\libc.a(lib_a-fini.o)
 .text          0x00000000        0x0 C:/Users/ecs/Documents/MATLAB/Add-Ons/Toolboxes/NXP_MBDToolbox_S32K1xx/code/tools/gcc-6.3-arm32-eabi/arm-none-eabi/newlib/lib/thumb/v7e-m/fpv4-sp/hard\libc.a(lib_a-atexit.o)
 .data          0x00000000        0x0 C:/Users/ecs/Documents/MATLAB/Add-Ons/Toolboxes/NXP_MBDToolbox_S32K1xx/code/tools/gcc-6.3-arm32-eabi/arm-none-eabi/newlib/lib/thumb/v7e-m/fpv4-sp/hard\libc.a(lib_a-atexit.o)
 .bss           0x00000000        0x0 C:/Users/ecs/Documents/MATLAB/Add-Ons/Toolboxes/NXP_MBDToolbox_S32K1xx/code/tools/gcc-6.3-arm32-eabi/arm-none-eabi/newlib/lib/thumb/v7e-m/fpv4-sp/hard\libc.a(lib_a-atexit.o)
 .text          0x00000000        0x0 C:/Users/ecs/Documents/MATLAB/Add-Ons/Toolboxes/NXP_MBDToolbox_S32K1xx/code/tools/gcc-6.3-arm32-eabi/arm-none-eabi/newlib/lib/thumb/v7e-m/fpv4-sp/hard\libc.a(lib_a-__atexit.o)
 .data          0x00000000        0x0 C:/Users/ecs/Documents/MATLAB/Add-Ons/Toolboxes/NXP_MBDToolbox_S32K1xx/code/tools/gcc-6.3-arm32-eabi/arm-none-eabi/newlib/lib/thumb/v7e-m/fpv4-sp/hard\libc.a(lib_a-__atexit.o)
 .bss           0x00000000        0x0 C:/Users/ecs/Documents/MATLAB/Add-Ons/Toolboxes/NXP_MBDToolbox_S32K1xx/code/tools/gcc-6.3-arm32-eabi/arm-none-eabi/newlib/lib/thumb/v7e-m/fpv4-sp/hard\libc.a(lib_a-__atexit.o)
 .text          0x00000000        0x0 C:/Users/ecs/Documents/MATLAB/Add-Ons/Toolboxes/NXP_MBDToolbox_S32K1xx/code/tools/gcc-6.3-arm32-eabi/arm-none-eabi/newlib/lib/thumb/v7e-m/fpv4-sp/hard\libnosys.a(_exit.o)
 .data          0x00000000        0x0 C:/Users/ecs/Documents/MATLAB/Add-Ons/Toolboxes/NXP_MBDToolbox_S32K1xx/code/tools/gcc-6.3-arm32-eabi/arm-none-eabi/newlib/lib/thumb/v7e-m/fpv4-sp/hard\libnosys.a(_exit.o)
 .bss           0x00000000        0x0 C:/Users/ecs/Documents/MATLAB/Add-Ons/Toolboxes/NXP_MBDToolbox_S32K1xx/code/tools/gcc-6.3-arm32-eabi/arm-none-eabi/newlib/lib/thumb/v7e-m/fpv4-sp/hard\libnosys.a(_exit.o)
 .text._exit    0x00000000        0x2 C:/Users/ecs/Documents/MATLAB/Add-Ons/Toolboxes/NXP_MBDToolbox_S32K1xx/code/tools/gcc-6.3-arm32-eabi/arm-none-eabi/newlib/lib/thumb/v7e-m/fpv4-sp/hard\libnosys.a(_exit.o)
 .debug_frame   0x00000000       0x20 C:/Users/ecs/Documents/MATLAB/Add-Ons/Toolboxes/NXP_MBDToolbox_S32K1xx/code/tools/gcc-6.3-arm32-eabi/arm-none-eabi/newlib/lib/thumb/v7e-m/fpv4-sp/hard\libnosys.a(_exit.o)
 .ARM.attributes
                0x00000000       0x34 C:/Users/ecs/Documents/MATLAB/Add-Ons/Toolboxes/NXP_MBDToolbox_S32K1xx/code/tools/gcc-6.3-arm32-eabi/arm-none-eabi/newlib/lib/thumb/v7e-m/fpv4-sp/hard\libnosys.a(_exit.o)
 .text          0x00000000        0x0 c:/users/ecs/documents/matlab/add-ons/toolboxes/nxp_mbdtoolbox_s32k1xx/code/tools/gcc-6.3-arm32-eabi/bin/../lib/gcc/arm-none-eabi/6.3.1/thumb/v7e-m/fpv4-sp/hard/crtend.o
 .data          0x00000000        0x0 c:/users/ecs/documents/matlab/add-ons/toolboxes/nxp_mbdtoolbox_s32k1xx/code/tools/gcc-6.3-arm32-eabi/bin/../lib/gcc/arm-none-eabi/6.3.1/thumb/v7e-m/fpv4-sp/hard/crtend.o
 .bss           0x00000000        0x0 c:/users/ecs/documents/matlab/add-ons/toolboxes/nxp_mbdtoolbox_s32k1xx/code/tools/gcc-6.3-arm32-eabi/bin/../lib/gcc/arm-none-eabi/6.3.1/thumb/v7e-m/fpv4-sp/hard/crtend.o
 .eh_frame      0x00000000        0x4 c:/users/ecs/documents/matlab/add-ons/toolboxes/nxp_mbdtoolbox_s32k1xx/code/tools/gcc-6.3-arm32-eabi/bin/../lib/gcc/arm-none-eabi/6.3.1/thumb/v7e-m/fpv4-sp/hard/crtend.o
 .text          0x00000000        0x0 c:/users/ecs/documents/matlab/add-ons/toolboxes/nxp_mbdtoolbox_s32k1xx/code/tools/gcc-6.3-arm32-eabi/bin/../lib/gcc/arm-none-eabi/6.3.1/thumb/v7e-m/fpv4-sp/hard/crtn.o
 .data          0x00000000        0x0 c:/users/ecs/documents/matlab/add-ons/toolboxes/nxp_mbdtoolbox_s32k1xx/code/tools/gcc-6.3-arm32-eabi/bin/../lib/gcc/arm-none-eabi/6.3.1/thumb/v7e-m/fpv4-sp/hard/crtn.o
 .bss           0x00000000        0x0 c:/users/ecs/documents/matlab/add-ons/toolboxes/nxp_mbdtoolbox_s32k1xx/code/tools/gcc-6.3-arm32-eabi/bin/../lib/gcc/arm-none-eabi/6.3.1/thumb/v7e-m/fpv4-sp/hard/crtn.o

Memory Configuration

Name             Origin             Length             Attributes
m_interrupts     0x00000000         0x00000400         xr
m_flash_config   0x00000400         0x00000010         xr
m_text           0x00000410         0x0007fbf0         xr
m_data           0x1fff9000         0x00007000         rw
m_data_2         0x20000000         0x00004000         rw
*default*        0x00000000         0xffffffff

Linker script and memory map

LOAD c:/users/ecs/documents/matlab/add-ons/toolboxes/nxp_mbdtoolbox_s32k1xx/code/tools/gcc-6.3-arm32-eabi/bin/../lib/gcc/arm-none-eabi/6.3.1/thumb/v7e-m/fpv4-sp/hard/crti.o
LOAD c:/users/ecs/documents/matlab/add-ons/toolboxes/nxp_mbdtoolbox_s32k1xx/code/tools/gcc-6.3-arm32-eabi/bin/../lib/gcc/arm-none-eabi/6.3.1/thumb/v7e-m/fpv4-sp/hard/crtbegin.o
LOAD C:/Users/ecs/Documents/MATLAB/Add-Ons/Toolboxes/NXP_MBDToolbox_S32K1xx/code/tools/gcc-6.3-arm32-eabi/arm-none-eabi/newlib/lib/thumb/v7e-m/fpv4-sp/hard/crt0.o
                0x00000001                __ram_vector_table__ = 0x1
LOAD startup_S32K144.o
LOAD clock_S32K1xx.o
LOAD interrupt_manager.o
LOAD lpit_driver.o
LOAD mbd_main.o
LOAD pins_driver.o
LOAD pins_port_hw_access.o
LOAD power_manager.o
LOAD power_manager_S32K1xx.o
LOAD power_smc_hw_access.o
LOAD s32k_clock_init.o
LOAD startup.o
LOAD system_S32K144.o
LOAD twofourbit_adder_template.o
LOAD C:/Users/ecs/Documents/MATLAB/Add-Ons/Toolboxes/NXP_MBDToolbox_S32K1xx/code/tools/gcc-6.3-arm32-eabi/arm-none-eabi/newlib/lib/thumb/v7e-m/fpv4-sp/hard\libm.a
LOAD S32K14x_AMMCLIB.a
START GROUP
LOAD c:/users/ecs/documents/matlab/add-ons/toolboxes/nxp_mbdtoolbox_s32k1xx/code/tools/gcc-6.3-arm32-eabi/bin/../lib/gcc/arm-none-eabi/6.3.1/thumb/v7e-m/fpv4-sp/hard\libgcc.a
LOAD C:/Users/ecs/Documents/MATLAB/Add-Ons/Toolboxes/NXP_MBDToolbox_S32K1xx/code/tools/gcc-6.3-arm32-eabi/arm-none-eabi/newlib/lib/thumb/v7e-m/fpv4-sp/hard\libc.a
END GROUP
START GROUP
LOAD c:/users/ecs/documents/matlab/add-ons/toolboxes/nxp_mbdtoolbox_s32k1xx/code/tools/gcc-6.3-arm32-eabi/bin/../lib/gcc/arm-none-eabi/6.3.1/thumb/v7e-m/fpv4-sp/hard\libgcc.a
LOAD C:/Users/ecs/Documents/MATLAB/Add-Ons/Toolboxes/NXP_MBDToolbox_S32K1xx/code/tools/gcc-6.3-arm32-eabi/arm-none-eabi/newlib/lib/thumb/v7e-m/fpv4-sp/hard\libc.a
LOAD C:/Users/ecs/Documents/MATLAB/Add-Ons/Toolboxes/NXP_MBDToolbox_S32K1xx/code/tools/gcc-6.3-arm32-eabi/arm-none-eabi/newlib/lib/thumb/v7e-m/fpv4-sp/hard\libnosys.a
END GROUP
LOAD c:/users/ecs/documents/matlab/add-ons/toolboxes/nxp_mbdtoolbox_s32k1xx/code/tools/gcc-6.3-arm32-eabi/bin/../lib/gcc/arm-none-eabi/6.3.1/thumb/v7e-m/fpv4-sp/hard/crtend.o
LOAD c:/users/ecs/documents/matlab/add-ons/toolboxes/nxp_mbdtoolbox_s32k1xx/code/tools/gcc-6.3-arm32-eabi/bin/../lib/gcc/arm-none-eabi/6.3.1/thumb/v7e-m/fpv4-sp/hard/crtn.o
                0x00000400                HEAP_SIZE = DEFINED (__heap_size__)?__heap_size__:0x400
                0x00000400                STACK_SIZE = DEFINED (__stack_size__)?__stack_size__:0x400
                0x00000400                M_VECTOR_RAM_SIZE = DEFINED (__flash_vector_table__)?0x0:0x400

.interrupts     0x00000000      0x400
                0x00000000                __VECTOR_TABLE = .
                0x00000000                __interrupts_start__ = .
                0x00000000                . = ALIGN (0x4)
 *(.isr_vector)
 .isr_vector    0x00000000      0x400 startup_S32K144.o
                0x00000000                __isr_vector
                0x00000400                __interrupts_end__ = .
                0x00000400                . = ALIGN (0x4)

.flash_config   0x00000400       0x10
                0x00000400                . = ALIGN (0x4)
 *(.FlashConfig)
 .FlashConfig   0x00000400       0x10 startup_S32K144.o
                0x00000410                . = ALIGN (0x4)

.text           0x00000410     0x3d4c
                0x00000410                . = ALIGN (0x4)
 *(.text)
 .text          0x00000410       0xa4 c:/users/ecs/documents/matlab/add-ons/toolboxes/nxp_mbdtoolbox_s32k1xx/code/tools/gcc-6.3-arm32-eabi/bin/../lib/gcc/arm-none-eabi/6.3.1/thumb/v7e-m/fpv4-sp/hard/crtbegin.o
 .text          0x000004b4       0x6c startup_S32K144.o
                0x000004b4                Reset_Handler
                0x0000051c                DebugMon_Handler
                0x0000051c                Reserved88_IRQHandler
                0x0000051c                CAN0_ORed_IRQHandler
                0x0000051c                HardFault_Handler
                0x0000051c                Reserved86_IRQHandler
                0x0000051c                Reserved103_IRQHandler
                0x0000051c                SysTick_Handler
                0x0000051c                FTM2_Ovf_Reload_IRQHandler
                0x0000051c                Reserved50_IRQHandler
                0x0000051c                FTFC_Fault_IRQHandler
                0x0000051c                FTM0_Ch6_Ch7_IRQHandler
                0x0000051c                Reserved114_IRQHandler
                0x0000051c                PendSV_Handler
                0x0000051c                NMI_Handler
                0x0000051c                Reserved89_IRQHandler
                0x0000051c                ERM_double_fault_IRQHandler
                0x0000051c                DMA2_IRQHandler
                0x0000051c                Reserved59_IRQHandler
                0x0000051c                Reserved99_IRQHandler
                0x0000051c                FTM3_Ch6_Ch7_IRQHandler
                0x0000051c                CAN2_ORed_0_15_MB_IRQHandler
                0x0000051c                LPIT0_Ch3_IRQHandler
                0x0000051c                Reserved92_IRQHandler
                0x0000051c                FTM0_Ch4_Ch5_IRQHandler
                0x0000051c                CAN1_Error_IRQHandler
                0x0000051c                FTM3_Ch0_Ch1_IRQHandler
                0x0000051c                SWI_IRQHandler
                0x0000051c                ADC0_IRQHandler
                0x0000051c                FTM2_Ch4_Ch5_IRQHandler
                0x0000051c                UsageFault_Handler
                0x0000051c                FTM0_Ovf_Reload_IRQHandler
                0x0000051c                DefaultISR
                0x0000051c                DMA9_IRQHandler
                0x0000051c                Reserved58_IRQHandler
                0x0000051c                CAN1_ORed_0_15_MB_IRQHandler
                0x0000051c                FTM1_Ch2_Ch3_IRQHandler
                0x0000051c                DMA14_IRQHandler
                0x0000051c                Reserved82_IRQHandler
                0x0000051c                CAN0_ORed_16_31_MB_IRQHandler
                0x0000051c                LPI2C0_Slave_IRQHandler
                0x0000051c                Reserved71_IRQHandler
                0x0000051c                PORTD_IRQHandler
                0x0000051c                Reserved69_IRQHandler
                0x0000051c                PORTB_IRQHandler
                0x0000051c                Reserved70_IRQHandler
                0x0000051c                ADC1_IRQHandler
                0x0000051c                FTM2_Ch2_Ch3_IRQHandler
                0x0000051c                Reserved53_IRQHandler
                0x0000051c                DMA5_IRQHandler
                0x0000051c                RTC_IRQHandler
                0x0000051c                PDB0_IRQHandler
                0x0000051c                Reserved54_IRQHandler
                0x0000051c                FTM2_Ch6_Ch7_IRQHandler
                0x0000051c                FTM3_Ch2_Ch3_IRQHandler
                0x0000051c                FTM2_Ch0_Ch1_IRQHandler
                0x0000051c                LPSPI1_IRQHandler
                0x0000051c                LPUART1_RxTx_IRQHandler
                0x0000051c                RTC_Seconds_IRQHandler
                0x0000051c                CAN2_ORed_IRQHandler
                0x0000051c                Reserved72_IRQHandler
                0x0000051c                Reserved110_IRQHandler
                0x0000051c                DMA11_IRQHandler
                0x0000051c                Reserved107_IRQHandler
                0x0000051c                Read_Collision_IRQHandler
                0x0000051c                CAN2_Error_IRQHandler
                0x0000051c                FTFC_IRQHandler
                0x0000051c                DMA7_IRQHandler
                0x0000051c                FTM1_Ch6_Ch7_IRQHandler
                0x0000051c                Reserved105_IRQHandler
                0x0000051c                LPIT0_Ch1_IRQHandler
                0x0000051c                FTM1_Ch4_Ch5_IRQHandler
                0x0000051c                FTM3_Ovf_Reload_IRQHandler
                0x0000051c                LPUART2_RxTx_IRQHandler
                0x0000051c                LPSPI0_IRQHandler
                0x0000051c                WDOG_EWM_IRQHandler
                0x0000051c                MemManage_Handler
                0x0000051c                Reserved90_IRQHandler
                0x0000051c                Reserved83_IRQHandler
                0x0000051c                FTM0_Fault_IRQHandler
                0x0000051c                Reserved48_IRQHandler
                0x0000051c                SVC_Handler
                0x0000051c                ERM_single_fault_IRQHandler
                0x0000051c                FTM2_Fault_IRQHandler
                0x0000051c                FTM0_Ch2_Ch3_IRQHandler
                0x0000051c                DMA13_IRQHandler
                0x0000051c                FTM0_Ch0_Ch1_IRQHandler
                0x0000051c                FTM3_Fault_IRQHandler
                0x0000051c                RCM_IRQHandler
                0x0000051c                DMA3_IRQHandler
                0x0000051c                Reserved100_IRQHandler
                0x0000051c                DMA0_IRQHandler
                0x0000051c                Reserved91_IRQHandler
                0x0000051c                CAN1_ORed_IRQHandler
                0x0000051c                DMA15_IRQHandler
                0x0000051c                SCG_IRQHandler
                0x0000051c                PDB1_IRQHandler
                0x0000051c                Reserved81_IRQHandler
                0x0000051c                Reserved46_IRQHandler
                0x0000051c                Reserved45_IRQHandler
                0x0000051c                CAN0_Error_IRQHandler
                0x0000051c                Reserved112_IRQHandler
                0x0000051c                LPI2C0_Master_IRQHandler
                0x0000051c                DMA4_IRQHandler
                0x0000051c                FTM1_Fault_IRQHandler
                0x0000051c                Reserved106_IRQHandler
                0x0000051c                DMA_Error_IRQHandler
                0x0000051c                LVD_LVW_IRQHandler
                0x0000051c                LPIT0_Ch2_IRQHandler
                0x0000051c                PORTA_IRQHandler
                0x0000051c                MCM_IRQHandler
                0x0000051c                LPSPI2_IRQHandler
                0x0000051c                DMA12_IRQHandler
                0x0000051c                FTM3_Ch4_Ch5_IRQHandler
                0x0000051c                CAN0_ORed_0_15_MB_IRQHandler
                0x0000051c                PORTE_IRQHandler
                0x0000051c                LPUART0_RxTx_IRQHandler
                0x0000051c                LPTMR0_IRQHandler
                0x0000051c                BusFault_Handler
                0x0000051c                Reserved87_IRQHandler
                0x0000051c                FTM1_Ovf_Reload_IRQHandler
                0x0000051c                DMA8_IRQHandler
                0x0000051c                Reserved93_IRQHandler
                0x0000051c                DMA10_IRQHandler
                0x0000051c                CAN0_Wake_Up_IRQHandler
                0x0000051c                CMP0_IRQHandler
                0x0000051c                Reserved52_IRQHandler
                0x0000051c                PORTC_IRQHandler
                0x0000051c                DMA6_IRQHandler
                0x0000051c                FTM1_Ch0_Ch1_IRQHandler
                0x0000051c                FLEXIO_IRQHandler
                0x0000051c                DMA1_IRQHandler
                0x0000051c                Reserved113_IRQHandler
 .text          0x00000520     0x1b98 clock_S32K1xx.o
                0x000010ae                CLOCK_DRV_Init
                0x0000164a                CLOCK_DRV_GetFreq
                0x000019f4                CLOCK_DRV_SetModuleClock
                0x00001b60                CLOCK_DRV_SetSystemClock
                0x00001c70                CLOCK_DRV_GetSystemClockSource
                0x00001ccc                CLOCK_DRV_SetClockSource
                0x00001f7c                CLOCK_SYS_Init
                0x00001f98                CLOCK_SYS_UpdateConfiguration
                0x00002080                CLOCK_SYS_GetCurrentConfiguration
                0x0000208c                CLOCK_SYS_GetErrorCallback
                0x000020a8                CLOCK_SYS_GetFreq
                0x000020b0                CLOCK_SYS_SetConfiguration
 .text          0x000020b8      0x19c interrupt_manager.o
                0x000020b8                INT_SYS_InstallHandler
                0x000020e8                INT_SYS_EnableIRQ
                0x00002100                INT_SYS_DisableIRQ
                0x0000211c                INT_SYS_EnableIRQGlobal
                0x00002138                INT_SYS_DisableIRQGlobal
                0x00002148                INT_SYS_SetPriority
                0x000021a0                INT_SYS_GetPriority
                0x000021e4                INT_SYS_ClearPending
                0x00002200                INT_SYS_SetPending
                0x0000221c                INT_SYS_GetPending
                0x00002238                INT_SYS_GetActive
 .text          0x00002254      0x64c lpit_driver.o
                0x00002254                LPIT_DRV_GetDefaultConfig
                0x0000225c                LPIT_DRV_GetDefaultChanConfig
                0x0000227c                LPIT_DRV_Init
                0x00002328                LPIT_DRV_Deinit
                0x00002338                LPIT_DRV_StartTimerChannels
                0x00002348                LPIT_DRV_StopTimerChannels
                0x00002358                LPIT_DRV_SetTimerPeriodByUs
                0x00002404                LPIT_DRV_InitChannel
                0x0000258c                LPIT_DRV_SetTimerPeriodInDual16ModeByUs
                0x00002610                LPIT_DRV_GetTimerPeriodByUs
                0x00002724                LPIT_DRV_GetCurrentTimerUs
                0x000027fc                LPIT_DRV_SetTimerPeriodByCount
                0x0000280c                LPIT_DRV_SetTimerPeriodInDual16ModeByCount
                0x00002820                LPIT_DRV_GetTimerPeriodByCount
                0x00002844                LPIT_DRV_GetCurrentTimerCount
                0x00002868                LPIT_DRV_EnableTimerChannelInterrupt
                0x00002878                LPIT_DRV_DisableTimerChannelInterrupt
                0x00002888                LPIT_DRV_GetInterruptFlagTimerChannels
                0x00002894                LPIT_DRV_ClearInterruptFlagTimerChannels
 .text          0x000028a0       0xbc mbd_main.o
                0x000028a0                LPIT0_Ch0_IRQHandler
                0x000028b0                SYSTEM_INIT_TASK
                0x000028b8                SYSTEM_TASK
                0x000028c0                lpit0_init
                0x00002934                main
 .text          0x0000295c      0x144 pins_driver.o
                0x0000295c                PINS_DRV_Init
                0x0000297c                PINS_DRV_SetPullSel
                0x000029b6                PINS_DRV_SetMuxModeSel
                0x000029be                PINS_DRV_SetPinIntSel
                0x000029d4                PINS_DRV_GetPinIntSel
                0x000029de                PINS_DRV_ClearPinIntFlagCmd
                0x000029ec                PINS_DRV_EnableDigitalFilter
                0x000029fe                PINS_DRV_DisableDigitalFilter
                0x00002a12                PINS_DRV_ConfigDigitalFilter
                0x00002a28                PINS_DRV_GetPortIntFlag
                0x00002a2e                PINS_DRV_ClearPortIntFlagCmd
                0x00002a38                PINS_DRV_GetPinsDirection
                0x00002a3c                PINS_DRV_SetPinDirection
                0x00002a54                PINS_DRV_SetPinsDirection
                0x00002a58                PINS_DRV_SetPortInputDisable
                0x00002a5c                PINS_DRV_GetPortInputDisable
                0x00002a60                PINS_DRV_SetGlobalPinControl
                0x00002a68                PINS_DRV_SetGlobalIntControl
                0x00002a70                PINS_DRV_WritePin
                0x00002a88                PINS_DRV_WritePins
                0x00002a8c                PINS_DRV_GetPinsOutput
                0x00002a90                PINS_DRV_SetPins
                0x00002a94                PINS_DRV_ClearPins
                0x00002a98                PINS_DRV_TogglePins
                0x00002a9c                PINS_DRV_ReadPins
 .text          0x00002aa0      0x224 pins_port_hw_access.o
                0x00002b10                PINS_Init
                0x00002c24                PINS_SetMuxModeSel
                0x00002c74                PINS_SetGlobalPinControl
                0x00002ca0                PINS_SetGlobalIntControl
 .text          0x00002cc4      0x1d0 power_manager.o
                0x00002d68                POWER_SYS_Init
                0x00002d94                POWER_SYS_Deinit
                0x00002dac                POWER_SYS_GetLastMode
                0x00002dc4                POWER_SYS_GetLastModeConfig
                0x00002de0                POWER_SYS_GetErrorCallbackIndex
                0x00002dec                POWER_SYS_GetErrorCallback
                0x00002e08                POWER_SYS_SetMode
                0x00002e88                POWER_SYS_GetDefaultConfig
 .text          0x00002e94      0x4cc power_manager_S32K1xx.o
                0x00002f46                POWER_SYS_DoInit
                0x00002fd0                POWER_SYS_DoDeinit
                0x00002fd4                POWER_SYS_GetCurrentMode
                0x00002ff8                POWER_SYS_DoSetMode
                0x000032fe                POWER_SYS_GetResetSrcStatusCmd
 .text          0x00003360      0x138 power_smc_hw_access.o
                0x000033d0                SMC_SetPowerMode
                0x00003482                SMC_SetProtectionMode
 .text          0x00003498      0x118 s32k_clock_init.o
                0x00003498                Clock_Setup
                0x00003598                UpdateSystickConfig
 .text          0x000035b0       0xd8 startup.o
                0x000035b0                init_data_bss
 .text          0x00003688       0xd4 system_S32K144.o
                0x00003688                SystemInit
                0x000036c4                SystemCoreClockUpdate
                0x00003744                SystemSoftwareReset
 .text          0x0000375c      0x3b0 twofourbit_adder_template.o
                0x0000375c                twofourbit_adder_template_step
                0x000038a8                twofourbit_adder_template_initialize
                0x00003b08                twofourbit_adder_template_terminate
 .text          0x00003b0c       0x30 c:/users/ecs/documents/matlab/add-ons/toolboxes/nxp_mbdtoolbox_s32k1xx/code/tools/gcc-6.3-arm32-eabi/bin/../lib/gcc/arm-none-eabi/6.3.1/thumb/v7e-m/fpv4-sp/hard\libgcc.a(_aeabi_uldivmod.o)
                0x00003b0c                __aeabi_uldivmod
 .text          0x00003b3c      0x2e4 c:/users/ecs/documents/matlab/add-ons/toolboxes/nxp_mbdtoolbox_s32k1xx/code/tools/gcc-6.3-arm32-eabi/bin/../lib/gcc/arm-none-eabi/6.3.1/thumb/v7e-m/fpv4-sp/hard\libgcc.a(_udivmoddi4.o)
                0x00003b3c                __udivmoddi4
 .text          0x00003e20        0x4 c:/users/ecs/documents/matlab/add-ons/toolboxes/nxp_mbdtoolbox_s32k1xx/code/tools/gcc-6.3-arm32-eabi/bin/../lib/gcc/arm-none-eabi/6.3.1/thumb/v7e-m/fpv4-sp/hard\libgcc.a(_dvmd_tls.o)
                0x00003e20                __aeabi_idiv0
                0x00003e20                __aeabi_ldiv0
 *(.text*)
 .text.memset   0x00003e24       0x10 C:/Users/ecs/Documents/MATLAB/Add-Ons/Toolboxes/NXP_MBDToolbox_S32K1xx/code/tools/gcc-6.3-arm32-eabi/arm-none-eabi/newlib/lib/thumb/v7e-m/fpv4-sp/hard\libc.a(lib_a-memset.o)
                0x00003e24                memset
 .text.startup.register_fini
                0x00003e34       0x14 C:/Users/ecs/Documents/MATLAB/Add-Ons/Toolboxes/NXP_MBDToolbox_S32K1xx/code/tools/gcc-6.3-arm32-eabi/arm-none-eabi/newlib/lib/thumb/v7e-m/fpv4-sp/hard\libc.a(lib_a-__call_atexit.o)
 .text.__libc_fini_array
                0x00003e48       0x28 C:/Users/ecs/Documents/MATLAB/Add-Ons/Toolboxes/NXP_MBDToolbox_S32K1xx/code/tools/gcc-6.3-arm32-eabi/arm-none-eabi/newlib/lib/thumb/v7e-m/fpv4-sp/hard\libc.a(lib_a-fini.o)
                0x00003e48                __libc_fini_array
 .text.atexit   0x00003e70        0xc C:/Users/ecs/Documents/MATLAB/Add-Ons/Toolboxes/NXP_MBDToolbox_S32K1xx/code/tools/gcc-6.3-arm32-eabi/arm-none-eabi/newlib/lib/thumb/v7e-m/fpv4-sp/hard\libc.a(lib_a-atexit.o)
                0x00003e70                atexit
 .text.__register_exitproc
                0x00003e7c       0x98 C:/Users/ecs/Documents/MATLAB/Add-Ons/Toolboxes/NXP_MBDToolbox_S32K1xx/code/tools/gcc-6.3-arm32-eabi/arm-none-eabi/newlib/lib/thumb/v7e-m/fpv4-sp/hard\libc.a(lib_a-__atexit.o)
                0x00003e7c                __register_exitproc
 *(.rodata)
 .rodata        0x00003f14      0x20d clock_S32K1xx.o
                0x00004010                clockNameMappings
                0x000040c0                peripheralFeaturesList
 *fill*         0x00004121        0x3 
 .rodata        0x00004124       0x1c mbd_main.o
 *(.rodata*)
 .rodata._global_impure_ptr
                0x00004140        0x4 C:/Users/ecs/Documents/MATLAB/Add-Ons/Toolboxes/NXP_MBDToolbox_S32K1xx/code/tools/gcc-6.3-arm32-eabi/arm-none-eabi/newlib/lib/thumb/v7e-m/fpv4-sp/hard\libc.a(lib_a-impure.o)
                0x00004140                _global_impure_ptr
 *(.glue_7)
 .glue_7        0x00004144        0x0 linker stubs
 *(.glue_7t)
 .glue_7t       0x00004144        0x0 linker stubs
 *(.eh_frame)
 .eh_frame      0x00004144        0x0 c:/users/ecs/documents/matlab/add-ons/toolboxes/nxp_mbdtoolbox_s32k1xx/code/tools/gcc-6.3-arm32-eabi/bin/../lib/gcc/arm-none-eabi/6.3.1/thumb/v7e-m/fpv4-sp/hard/crtbegin.o
 *(.init)
 .init          0x00004144        0x4 c:/users/ecs/documents/matlab/add-ons/toolboxes/nxp_mbdtoolbox_s32k1xx/code/tools/gcc-6.3-arm32-eabi/bin/../lib/gcc/arm-none-eabi/6.3.1/thumb/v7e-m/fpv4-sp/hard/crti.o
                0x00004144                _init
 .init          0x00004148        0x8 c:/users/ecs/documents/matlab/add-ons/toolboxes/nxp_mbdtoolbox_s32k1xx/code/tools/gcc-6.3-arm32-eabi/bin/../lib/gcc/arm-none-eabi/6.3.1/thumb/v7e-m/fpv4-sp/hard/crtn.o
 *(.fini)
 .fini          0x00004150        0x4 c:/users/ecs/documents/matlab/add-ons/toolboxes/nxp_mbdtoolbox_s32k1xx/code/tools/gcc-6.3-arm32-eabi/bin/../lib/gcc/arm-none-eabi/6.3.1/thumb/v7e-m/fpv4-sp/hard/crti.o
                0x00004150                _fini
 .fini          0x00004154        0x8 c:/users/ecs/documents/matlab/add-ons/toolboxes/nxp_mbdtoolbox_s32k1xx/code/tools/gcc-6.3-arm32-eabi/bin/../lib/gcc/arm-none-eabi/6.3.1/thumb/v7e-m/fpv4-sp/hard/crtn.o
                0x0000415c                . = ALIGN (0x4)

.vfp11_veneer   0x0000415c        0x0
 .vfp11_veneer  0x0000415c        0x0 linker stubs

.v4_bx          0x0000415c        0x0
 .v4_bx         0x0000415c        0x0 linker stubs

.iplt           0x0000415c        0x0
 .iplt          0x0000415c        0x0 c:/users/ecs/documents/matlab/add-ons/toolboxes/nxp_mbdtoolbox_s32k1xx/code/tools/gcc-6.3-arm32-eabi/bin/../lib/gcc/arm-none-eabi/6.3.1/thumb/v7e-m/fpv4-sp/hard/crtbegin.o

.ARM.extab
 *(.ARM.extab* .gnu.linkonce.armextab.*)

.ARM            0x0000415c        0x8
                0x0000415c                __exidx_start = .
 *(.ARM.exidx*)
 .ARM.exidx     0x0000415c        0x8 c:/users/ecs/documents/matlab/add-ons/toolboxes/nxp_mbdtoolbox_s32k1xx/code/tools/gcc-6.3-arm32-eabi/bin/../lib/gcc/arm-none-eabi/6.3.1/thumb/v7e-m/fpv4-sp/hard\libgcc.a(_udivmoddi4.o)
                0x00004164                __exidx_end = .

.rel.dyn        0x00004164        0x0
 .rel.iplt      0x00004164        0x0 c:/users/ecs/documents/matlab/add-ons/toolboxes/nxp_mbdtoolbox_s32k1xx/code/tools/gcc-6.3-arm32-eabi/bin/../lib/gcc/arm-none-eabi/6.3.1/thumb/v7e-m/fpv4-sp/hard/crtbegin.o

.ctors          0x00004164        0x0
                0x00004164                __CTOR_LIST__ = .
 *crtbegin.o(.ctors)
 *crtbegin?.o(.ctors)
 *(EXCLUDE_FILE(*crtend.o *crtend?.o) .ctors)
 *(SORT(.ctors.*))
 *(.ctors)
                0x00004164                __CTOR_END__ = .

.dtors          0x00004164        0x0
                0x00004164                __DTOR_LIST__ = .
 *crtbegin.o(.dtors)
 *crtbegin?.o(.dtors)
 *(EXCLUDE_FILE(*crtend.o *crtend?.o) .dtors)
 *(SORT(.dtors.*))
 *(.dtors)
                0x00004164                __DTOR_END__ = .

.preinit_array  0x00004164        0x0
                0x00004164                PROVIDE (__preinit_array_start, .)
 *(.preinit_array*)
                0x00004164                PROVIDE (__preinit_array_end, .)

.init_array     0x00004164        0x8
                0x00004164                PROVIDE (__init_array_start, .)
 *(SORT(.init_array.*))
 .init_array.00000
                0x00004164        0x4 C:/Users/ecs/Documents/MATLAB/Add-Ons/Toolboxes/NXP_MBDToolbox_S32K1xx/code/tools/gcc-6.3-arm32-eabi/arm-none-eabi/newlib/lib/thumb/v7e-m/fpv4-sp/hard\libc.a(lib_a-__call_atexit.o)
 *(.init_array*)
 .init_array    0x00004168        0x4 c:/users/ecs/documents/matlab/add-ons/toolboxes/nxp_mbdtoolbox_s32k1xx/code/tools/gcc-6.3-arm32-eabi/bin/../lib/gcc/arm-none-eabi/6.3.1/thumb/v7e-m/fpv4-sp/hard/crtbegin.o
                0x0000416c                PROVIDE (__init_array_end, .)

.fini_array     0x0000416c        0x4
                0x0000416c                PROVIDE (__fini_array_start, .)
 *(SORT(.fini_array.*))
 *(.fini_array*)
 .fini_array    0x0000416c        0x4 c:/users/ecs/documents/matlab/add-ons/toolboxes/nxp_mbdtoolbox_s32k1xx/code/tools/gcc-6.3-arm32-eabi/bin/../lib/gcc/arm-none-eabi/6.3.1/thumb/v7e-m/fpv4-sp/hard/crtbegin.o
                0x00004170                PROVIDE (__fini_array_end, .)
                0x00004170                __etext = .
                0x00004170                __DATA_ROM = .

.interrupts_ram
                0x1fff9000      0x400
                0x1fff9000                . = ALIGN (0x4)
                0x1fff9000                __VECTOR_RAM__ = .
                0x1fff9000                __RAM_START = .
                0x1fff9000                __interrupts_ram_start__ = .
 *(.m_interrupts_ram)
                0x1fff9400                . = (. + M_VECTOR_RAM_SIZE)
 *fill*         0x1fff9000      0x400 
                0x1fff9400                . = ALIGN (0x4)
                0x1fff9400                __interrupts_ram_end__ = .
                0x1fff9000                __VECTOR_RAM = DEFINED (__flash_vector_table__)?ORIGIN (m_interrupts):__VECTOR_RAM__
                0x00000400                __RAM_VECTOR_TABLE_SIZE = DEFINED (__flash_vector_table__)?0x0:(__interrupts_ram_end__ - __interrupts_ram_start__)

.data           0x1fff9400      0x4c4 load address 0x00004170
                0x1fff9400                . = ALIGN (0x4)
                0x1fff9400                __DATA_RAM = .
                0x1fff9400                __data_start__ = .
 *(.data)
 .data          0x1fff9400       0xa0 clock_S32K1xx.o
 .data          0x1fff94a0        0x4 system_S32K144.o
                0x1fff94a0                SystemCoreClock
 *(.data*)
 *fill*         0x1fff94a4        0x4 
 .data.impure_data
                0x1fff94a8      0x418 C:/Users/ecs/Documents/MATLAB/Add-Ons/Toolboxes/NXP_MBDToolbox_S32K1xx/code/tools/gcc-6.3-arm32-eabi/arm-none-eabi/newlib/lib/thumb/v7e-m/fpv4-sp/hard\libc.a(lib_a-impure.o)
 *(.jcr*)
 .jcr           0x1fff98c0        0x0 c:/users/ecs/documents/matlab/add-ons/toolboxes/nxp_mbdtoolbox_s32k1xx/code/tools/gcc-6.3-arm32-eabi/bin/../lib/gcc/arm-none-eabi/6.3.1/thumb/v7e-m/fpv4-sp/hard/crtbegin.o
 .jcr           0x1fff98c0        0x4 c:/users/ecs/documents/matlab/add-ons/toolboxes/nxp_mbdtoolbox_s32k1xx/code/tools/gcc-6.3-arm32-eabi/bin/../lib/gcc/arm-none-eabi/6.3.1/thumb/v7e-m/fpv4-sp/hard/crtend.o
                0x1fff98c4                . = ALIGN (0x4)
                0x1fff98c4                __data_end__ = .
                0x00004634                __DATA_END = (__DATA_ROM + (__data_end__ - __data_start__))
                0x00004634                __CODE_ROM = __DATA_END

.tm_clone_table
                0x1fff98c4        0x0 load address 0x00004634
 .tm_clone_table
                0x1fff98c4        0x0 c:/users/ecs/documents/matlab/add-ons/toolboxes/nxp_mbdtoolbox_s32k1xx/code/tools/gcc-6.3-arm32-eabi/bin/../lib/gcc/arm-none-eabi/6.3.1/thumb/v7e-m/fpv4-sp/hard/crtbegin.o
 .tm_clone_table
                0x1fff98c4        0x0 c:/users/ecs/documents/matlab/add-ons/toolboxes/nxp_mbdtoolbox_s32k1xx/code/tools/gcc-6.3-arm32-eabi/bin/../lib/gcc/arm-none-eabi/6.3.1/thumb/v7e-m/fpv4-sp/hard/crtend.o

.igot.plt       0x1fff98c4        0x0 load address 0x00004634
 .igot.plt      0x1fff98c4        0x0 c:/users/ecs/documents/matlab/add-ons/toolboxes/nxp_mbdtoolbox_s32k1xx/code/tools/gcc-6.3-arm32-eabi/bin/../lib/gcc/arm-none-eabi/6.3.1/thumb/v7e-m/fpv4-sp/hard/crtbegin.o

.code           0x1fff98c4        0x0 load address 0x00004634
                0x1fff98c4                . = ALIGN (0x4)
                0x1fff98c4                __CODE_RAM = .
                0x1fff98c4                __code_start__ = .
                0x1fff98c4                __code_ram_start__ = .
 *(.code_ram)
                0x1fff98c4                . = ALIGN (0x4)
                0x1fff98c4                __code_end__ = .
                0x1fff98c4                __code_ram_end__ = .
                0x00004634                __CODE_END = (__CODE_ROM + (__code_end__ - __code_start__))
                0x00004634                __CUSTOM_ROM = __CODE_END

.customSectionBlock
                0x20000000        0x0 load address 0x00004634
                0x20000000                __customSection_start__ = .
 *(.customSection)
                0x20000000                __customSection_end__ = .
                0x00004634                __CUSTOM_END = (__CUSTOM_ROM + (__customSection_end__ - __customSection_start__))

.bss            0x20000000       0x78
                0x20000000                . = ALIGN (0x4)
                0x20000000                __BSS_START = .
                0x20000000                __bss_start__ = .
 *(.bss)
 .bss           0x20000000       0x1c c:/users/ecs/documents/matlab/add-ons/toolboxes/nxp_mbdtoolbox_s32k1xx/code/tools/gcc-6.3-arm32-eabi/bin/../lib/gcc/arm-none-eabi/6.3.1/thumb/v7e-m/fpv4-sp/hard/crtbegin.o
 .bss           0x2000001c       0x10 clock_S32K1xx.o
 .bss           0x2000002c        0x4 interrupt_manager.o
 .bss           0x20000030        0x4 lpit_driver.o
 .bss           0x20000034        0xc power_manager_S32K1xx.o
 *(.bss*)
 *(COMMON)
 COMMON         0x20000040       0x14 clock_S32K1xx.o
                0x20000040                g_xtal0ClkFreq
                0x20000044                g_RtcClkInFreq
                0x20000048                g_TClkFreq
 COMMON         0x20000054       0x10 power_manager_S32K1xx.o
                0x20000054                gPowerManagerState
 COMMON         0x20000064       0x14 twofourbit_adder_template.o
                0x20000064                twofourbit_adder_template_B
                0x20000074                twofourbit_adder_template_M_
                0x20000078                . = ALIGN (0x4)
                0x20000078                __bss_end__ = .
                0x20000078                __BSS_END = .

.heap           0x20000078      0x400
                0x20000078                . = ALIGN (0x8)
                0x20000078                __end__ = .
                0x20000078                __heap_start__ = .
                [!provide]                PROVIDE (end, .)
                [!provide]                PROVIDE (_end, .)
                [!provide]                PROVIDE (__end, .)
                0x20000078                __HeapBase = .
                0x20000478                . = (. + HEAP_SIZE)
 *fill*         0x20000078      0x400 
                0x20000478                __HeapLimit = .
                0x20000478                __heap_limit = .
                0x20000478                __heap_end__ = .
                0x20004000                __StackTop = (ORIGIN (m_data_2) + LENGTH (m_data_2))
                0x20003c00                __StackLimit = (__StackTop - STACK_SIZE)
                0x20004000                PROVIDE (__stack, __StackTop)
                0x20004000                __RAM_END = __StackTop

.stack          0x20003c00      0x400
                0x20003c00                . = ALIGN (0x8)
                0x20003c00                __stack_start__ = .
                0x20004000                . = (. + STACK_SIZE)
 *fill*         0x20003c00      0x400 
                0x20004000                __stack_end__ = .

.ARM.attributes
                0x00000000       0x30
 *(.ARM.attributes)
 .ARM.attributes
                0x00000000       0x22 c:/users/ecs/documents/matlab/add-ons/toolboxes/nxp_mbdtoolbox_s32k1xx/code/tools/gcc-6.3-arm32-eabi/bin/../lib/gcc/arm-none-eabi/6.3.1/thumb/v7e-m/fpv4-sp/hard/crti.o
 .ARM.attributes
                0x00000022       0x34 c:/users/ecs/documents/matlab/add-ons/toolboxes/nxp_mbdtoolbox_s32k1xx/code/tools/gcc-6.3-arm32-eabi/bin/../lib/gcc/arm-none-eabi/6.3.1/thumb/v7e-m/fpv4-sp/hard/crtbegin.o
 .ARM.attributes
                0x00000056       0x1f startup_S32K144.o
 .ARM.attributes
                0x00000075       0x39 clock_S32K1xx.o
 .ARM.attributes
                0x000000ae       0x39 interrupt_manager.o
 .ARM.attributes
                0x000000e7       0x39 lpit_driver.o
 .ARM.attributes
                0x00000120       0x39 mbd_main.o
 .ARM.attributes
                0x00000159       0x39 pins_driver.o
 .ARM.attributes
                0x00000192       0x39 pins_port_hw_access.o
 .ARM.attributes
                0x000001cb       0x39 power_manager.o
 .ARM.attributes
                0x00000204       0x39 power_manager_S32K1xx.o
 .ARM.attributes
                0x0000023d       0x39 power_smc_hw_access.o
 .ARM.attributes
                0x00000276       0x39 s32k_clock_init.o
 .ARM.attributes
                0x000002af       0x39 startup.o
 .ARM.attributes
                0x000002e8       0x39 system_S32K144.o
 .ARM.attributes
                0x00000321       0x39 twofourbit_adder_template.o
 .ARM.attributes
                0x0000035a       0x22 c:/users/ecs/documents/matlab/add-ons/toolboxes/nxp_mbdtoolbox_s32k1xx/code/tools/gcc-6.3-arm32-eabi/bin/../lib/gcc/arm-none-eabi/6.3.1/thumb/v7e-m/fpv4-sp/hard\libgcc.a(_aeabi_uldivmod.o)
 .ARM.attributes
                0x0000037c       0x34 c:/users/ecs/documents/matlab/add-ons/toolboxes/nxp_mbdtoolbox_s32k1xx/code/tools/gcc-6.3-arm32-eabi/bin/../lib/gcc/arm-none-eabi/6.3.1/thumb/v7e-m/fpv4-sp/hard\libgcc.a(_udivmoddi4.o)
 .ARM.attributes
                0x000003b0       0x22 c:/users/ecs/documents/matlab/add-ons/toolboxes/nxp_mbdtoolbox_s32k1xx/code/tools/gcc-6.3-arm32-eabi/bin/../lib/gcc/arm-none-eabi/6.3.1/thumb/v7e-m/fpv4-sp/hard\libgcc.a(_dvmd_tls.o)
 .ARM.attributes
                0x000003d2       0x34 C:/Users/ecs/Documents/MATLAB/Add-Ons/Toolboxes/NXP_MBDToolbox_S32K1xx/code/tools/gcc-6.3-arm32-eabi/arm-none-eabi/newlib/lib/thumb/v7e-m/fpv4-sp/hard\libc.a(lib_a-impure.o)
 .ARM.attributes
                0x00000406       0x34 C:/Users/ecs/Documents/MATLAB/Add-Ons/Toolboxes/NXP_MBDToolbox_S32K1xx/code/tools/gcc-6.3-arm32-eabi/arm-none-eabi/newlib/lib/thumb/v7e-m/fpv4-sp/hard\libc.a(lib_a-memset.o)
 .ARM.attributes
                0x0000043a       0x34 C:/Users/ecs/Documents/MATLAB/Add-Ons/Toolboxes/NXP_MBDToolbox_S32K1xx/code/tools/gcc-6.3-arm32-eabi/arm-none-eabi/newlib/lib/thumb/v7e-m/fpv4-sp/hard\libc.a(lib_a-__call_atexit.o)
 .ARM.attributes
                0x0000046e       0x34 C:/Users/ecs/Documents/MATLAB/Add-Ons/Toolboxes/NXP_MBDToolbox_S32K1xx/code/tools/gcc-6.3-arm32-eabi/arm-none-eabi/newlib/lib/thumb/v7e-m/fpv4-sp/hard\libc.a(lib_a-fini.o)
 .ARM.attributes
                0x000004a2       0x34 C:/Users/ecs/Documents/MATLAB/Add-Ons/Toolboxes/NXP_MBDToolbox_S32K1xx/code/tools/gcc-6.3-arm32-eabi/arm-none-eabi/newlib/lib/thumb/v7e-m/fpv4-sp/hard\libc.a(lib_a-atexit.o)
 .ARM.attributes
                0x000004d6       0x34 C:/Users/ecs/Documents/MATLAB/Add-Ons/Toolboxes/NXP_MBDToolbox_S32K1xx/code/tools/gcc-6.3-arm32-eabi/arm-none-eabi/newlib/lib/thumb/v7e-m/fpv4-sp/hard\libc.a(lib_a-__atexit.o)
 .ARM.attributes
                0x0000050a       0x34 c:/users/ecs/documents/matlab/add-ons/toolboxes/nxp_mbdtoolbox_s32k1xx/code/tools/gcc-6.3-arm32-eabi/bin/../lib/gcc/arm-none-eabi/6.3.1/thumb/v7e-m/fpv4-sp/hard/crtend.o
 .ARM.attributes
                0x0000053e       0x22 c:/users/ecs/documents/matlab/add-ons/toolboxes/nxp_mbdtoolbox_s32k1xx/code/tools/gcc-6.3-arm32-eabi/bin/../lib/gcc/arm-none-eabi/6.3.1/thumb/v7e-m/fpv4-sp/hard/crtn.o
                0x00000001                ASSERT ((__StackLimit >= __HeapLimit), region m_data_2 overflowed with stack and heap)
OUTPUT(twofourbit_adder_template.elf elf32-littlearm)

.comment        0x00000000       0xa0
 .comment       0x00000000       0xa0 c:/users/ecs/documents/matlab/add-ons/toolboxes/nxp_mbdtoolbox_s32k1xx/code/tools/gcc-6.3-arm32-eabi/bin/../lib/gcc/arm-none-eabi/6.3.1/thumb/v7e-m/fpv4-sp/hard/crtbegin.o
                                 0xa1 (size before relaxing)
 .comment       0x000000a0       0xa1 clock_S32K1xx.o
 .comment       0x000000a0       0xa1 interrupt_manager.o
 .comment       0x000000a0       0xa1 lpit_driver.o
 .comment       0x000000a0       0xa1 mbd_main.o
 .comment       0x000000a0       0xa1 pins_driver.o
 .comment       0x000000a0       0xa1 pins_port_hw_access.o
 .comment       0x000000a0       0xa1 power_manager.o
 .comment       0x000000a0       0xa1 power_manager_S32K1xx.o
 .comment       0x000000a0       0xa1 power_smc_hw_access.o
 .comment       0x000000a0       0xa1 s32k_clock_init.o
 .comment       0x000000a0       0xa1 startup.o
 .comment       0x000000a0       0xa1 system_S32K144.o
 .comment       0x000000a0       0xa1 twofourbit_adder_template.o
 .comment       0x000000a0       0xa1 c:/users/ecs/documents/matlab/add-ons/toolboxes/nxp_mbdtoolbox_s32k1xx/code/tools/gcc-6.3-arm32-eabi/bin/../lib/gcc/arm-none-eabi/6.3.1/thumb/v7e-m/fpv4-sp/hard/crtend.o

.debug_line     0x00000000     0x2fee
 .debug_line    0x00000000       0x6e startup_S32K144.o
 .debug_line    0x0000006e      0xe71 clock_S32K1xx.o
 .debug_line    0x00000edf      0x229 interrupt_manager.o
 .debug_line    0x00001108      0x444 lpit_driver.o
 .debug_line    0x0000154c      0x2aa mbd_main.o
 .debug_line    0x000017f6      0x314 pins_driver.o
 .debug_line    0x00001b0a      0x261 pins_port_hw_access.o
 .debug_line    0x00001d6b      0x25f power_manager.o
 .debug_line    0x00001fca      0x4cc power_manager_S32K1xx.o
 .debug_line    0x00002496      0x288 power_smc_hw_access.o
 .debug_line    0x0000271e      0x238 s32k_clock_init.o
 .debug_line    0x00002956      0x1a1 startup.o
 .debug_line    0x00002af7      0x1bd system_S32K144.o
 .debug_line    0x00002cb4      0x33a twofourbit_adder_template.o

.debug_info     0x00000000     0xed65
 .debug_info    0x00000000       0x26 startup_S32K144.o
 .debug_info    0x00000026     0x51c9 clock_S32K1xx.o
 .debug_info    0x000051ef      0x8bd interrupt_manager.o
 .debug_info    0x00005aac     0x1b2d lpit_driver.o
 .debug_info    0x000075d9      0xc97 mbd_main.o
 .debug_info    0x00008270     0x1363 pins_driver.o
 .debug_info    0x000095d3      0x89d pins_port_hw_access.o
 .debug_info    0x00009e70      0x7dc power_manager.o
 .debug_info    0x0000a64c     0x1515 power_manager_S32K1xx.o
 .debug_info    0x0000bb61      0x9f9 power_smc_hw_access.o
 .debug_info    0x0000c55a     0x145b s32k_clock_init.o
 .debug_info    0x0000d9b5      0x2ad startup.o
 .debug_info    0x0000dc62      0x521 system_S32K144.o
 .debug_info    0x0000e183      0xbe2 twofourbit_adder_template.o

.debug_abbrev   0x00000000     0x1c08
 .debug_abbrev  0x00000000       0x14 startup_S32K144.o
 .debug_abbrev  0x00000014      0x37b clock_S32K1xx.o
 .debug_abbrev  0x0000038f      0x1c2 interrupt_manager.o
 .debug_abbrev  0x00000551      0x360 lpit_driver.o
 .debug_abbrev  0x000008b1      0x20d mbd_main.o
 .debug_abbrev  0x00000abe      0x2a7 pins_driver.o
 .debug_abbrev  0x00000d65      0x1e1 pins_port_hw_access.o
 .debug_abbrev  0x00000f46      0x1e6 power_manager.o
 .debug_abbrev  0x0000112c      0x369 power_manager_S32K1xx.o
 .debug_abbrev  0x00001495      0x22a power_smc_hw_access.o
 .debug_abbrev  0x000016bf      0x15a s32k_clock_init.o
 .debug_abbrev  0x00001819       0xdd startup.o
 .debug_abbrev  0x000018f6      0x13a system_S32K144.o
 .debug_abbrev  0x00001a30      0x1d8 twofourbit_adder_template.o

.debug_aranges  0x00000000      0x1c0
 .debug_aranges
                0x00000000       0x20 startup_S32K144.o
 .debug_aranges
                0x00000020       0x20 clock_S32K1xx.o
 .debug_aranges
                0x00000040       0x20 interrupt_manager.o
 .debug_aranges
                0x00000060       0x20 lpit_driver.o
 .debug_aranges
                0x00000080       0x20 mbd_main.o
 .debug_aranges
                0x000000a0       0x20 pins_driver.o
 .debug_aranges
                0x000000c0       0x20 pins_port_hw_access.o
 .debug_aranges
                0x000000e0       0x20 power_manager.o
 .debug_aranges
                0x00000100       0x20 power_manager_S32K1xx.o
 .debug_aranges
                0x00000120       0x20 power_smc_hw_access.o
 .debug_aranges
                0x00000140       0x20 s32k_clock_init.o
 .debug_aranges
                0x00000160       0x20 startup.o
 .debug_aranges
                0x00000180       0x20 system_S32K144.o
 .debug_aranges
                0x000001a0       0x20 twofourbit_adder_template.o

.debug_str      0x00000000     0x64a6
 .debug_str     0x00000000       0x7b startup_S32K144.o
 .debug_str     0x0000007b     0x37bb clock_S32K1xx.o
                               0x38d7 (size before relaxing)
 .debug_str     0x00003836      0x7ea interrupt_manager.o
                                0xa47 (size before relaxing)
 .debug_str     0x00004020      0x83e lpit_driver.o
                               0x1cec (size before relaxing)
 .debug_str     0x0000485e      0x209 mbd_main.o
                               0x1179 (size before relaxing)
 .debug_str     0x00004a67      0x8fd pins_driver.o
                               0x13ce (size before relaxing)
 .debug_str     0x00005364      0x1cb pins_port_hw_access.o
                                0x905 (size before relaxing)
 .debug_str     0x0000552f      0x4dd power_manager.o
                                0xfed (size before relaxing)
 .debug_str     0x00005a0c      0x4b8 power_manager_S32K1xx.o
                               0x18b0 (size before relaxing)
 .debug_str     0x00005ec4      0x130 power_smc_hw_access.o
                                0xe7d (size before relaxing)
 .debug_str     0x00005ff4       0xc6 s32k_clock_init.o
                               0x222d (size before relaxing)
 .debug_str     0x000060ba      0x1e7 startup.o
                                0x3fe (size before relaxing)
 .debug_str     0x000062a1       0x8f system_S32K144.o
                                0x3ff (size before relaxing)
 .debug_str     0x00006330      0x176 twofourbit_adder_template.o
                                0xd05 (size before relaxing)

.debug_loc      0x00000000     0x6e1a
 .debug_loc     0x00000000     0x437f clock_S32K1xx.o
 .debug_loc     0x0000437f      0x1d3 interrupt_manager.o
 .debug_loc     0x00004552      0xc00 lpit_driver.o
 .debug_loc     0x00005152       0xac mbd_main.o
 .debug_loc     0x000051fe      0x53e pins_driver.o
 .debug_loc     0x0000573c      0x48a pins_port_hw_access.o
 .debug_loc     0x00005bc6      0x316 power_manager.o
 .debug_loc     0x00005edc      0x663 power_manager_S32K1xx.o
 .debug_loc     0x0000653f      0x379 power_smc_hw_access.o
 .debug_loc     0x000068b8       0x20 s32k_clock_init.o
 .debug_loc     0x000068d8       0xec startup.o
 .debug_loc     0x000069c4       0xeb system_S32K144.o
 .debug_loc     0x00006aaf      0x36b twofourbit_adder_template.o

.debug_ranges   0x00000000      0x480
 .debug_ranges  0x00000000      0x278 clock_S32K1xx.o
 .debug_ranges  0x00000278       0x38 interrupt_manager.o
 .debug_ranges  0x000002b0       0x48 lpit_driver.o
 .debug_ranges  0x000002f8       0x20 power_manager.o
 .debug_ranges  0x00000318      0x148 power_manager_S32K1xx.o
 .debug_ranges  0x00000460       0x20 power_smc_hw_access.o

.debug_frame    0x00000000      0xd74
 .debug_frame   0x00000000      0x37c clock_S32K1xx.o
 .debug_frame   0x0000037c       0xd8 interrupt_manager.o
 .debug_frame   0x00000454      0x1ac lpit_driver.o
 .debug_frame   0x00000600       0x90 mbd_main.o
 .debug_frame   0x00000690      0x1e4 pins_driver.o
 .debug_frame   0x00000874       0x98 pins_port_hw_access.o
 .debug_frame   0x0000090c       0xe0 power_manager.o
 .debug_frame   0x000009ec       0xc4 power_manager_S32K1xx.o
 .debug_frame   0x00000ab0       0x58 power_smc_hw_access.o
 .debug_frame   0x00000b08       0x44 s32k_clock_init.o
 .debug_frame   0x00000b4c       0x2c startup.o
 .debug_frame   0x00000b78       0x40 system_S32K144.o
 .debug_frame   0x00000bb8       0x68 twofourbit_adder_template.o
 .debug_frame   0x00000c20       0x2c c:/users/ecs/documents/matlab/add-ons/toolboxes/nxp_mbdtoolbox_s32k1xx/code/tools/gcc-6.3-arm32-eabi/bin/../lib/gcc/arm-none-eabi/6.3.1/thumb/v7e-m/fpv4-sp/hard\libgcc.a(_aeabi_uldivmod.o)
 .debug_frame   0x00000c4c       0x34 c:/users/ecs/documents/matlab/add-ons/toolboxes/nxp_mbdtoolbox_s32k1xx/code/tools/gcc-6.3-arm32-eabi/bin/../lib/gcc/arm-none-eabi/6.3.1/thumb/v7e-m/fpv4-sp/hard\libgcc.a(_udivmoddi4.o)
 .debug_frame   0x00000c80       0x20 C:/Users/ecs/Documents/MATLAB/Add-Ons/Toolboxes/NXP_MBDToolbox_S32K1xx/code/tools/gcc-6.3-arm32-eabi/arm-none-eabi/newlib/lib/thumb/v7e-m/fpv4-sp/hard\libc.a(lib_a-memset.o)
 .debug_frame   0x00000ca0       0x4c C:/Users/ecs/Documents/MATLAB/Add-Ons/Toolboxes/NXP_MBDToolbox_S32K1xx/code/tools/gcc-6.3-arm32-eabi/arm-none-eabi/newlib/lib/thumb/v7e-m/fpv4-sp/hard\libc.a(lib_a-__call_atexit.o)
 .debug_frame   0x00000cec       0x38 C:/Users/ecs/Documents/MATLAB/Add-Ons/Toolboxes/NXP_MBDToolbox_S32K1xx/code/tools/gcc-6.3-arm32-eabi/arm-none-eabi/newlib/lib/thumb/v7e-m/fpv4-sp/hard\libc.a(lib_a-fini.o)
 .debug_frame   0x00000d24       0x20 C:/Users/ecs/Documents/MATLAB/Add-Ons/Toolboxes/NXP_MBDToolbox_S32K1xx/code/tools/gcc-6.3-arm32-eabi/arm-none-eabi/newlib/lib/thumb/v7e-m/fpv4-sp/hard\libc.a(lib_a-atexit.o)
 .debug_frame   0x00000d44       0x30 C:/Users/ecs/Documents/MATLAB/Add-Ons/Toolboxes/NXP_MBDToolbox_S32K1xx/code/tools/gcc-6.3-arm32-eabi/arm-none-eabi/newlib/lib/thumb/v7e-m/fpv4-sp/hard\libc.a(lib_a-__atexit.o)
